Component: ARM Compiler 5.06 update 3 (build 300) Tool: armlink [4d35c9]

==============================================================================

Section Cross References

    main.o(i.Crash) refers to led.o(i.LED_RedToggle) for LED_RedToggle
    main.o(i.SimpleLinkGeneralEventHandler) refers to uartstdio.o(i.UARTprintf) for UARTprintf
    main.o(i.SimpleLinkHttpServerCallback) refers to uartstdio.o(i.UARTprintf) for UARTprintf
    main.o(i.SimpleLinkNetAppEventHandler) refers to uartstdio.o(i.UARTprintf) for UARTprintf
    main.o(i.SimpleLinkNetAppEventHandler) refers to main.o(.data) for .data
    main.o(i.SimpleLinkSockEventHandler) refers to uartstdio.o(i.UARTprintf) for UARTprintf
    main.o(i.SimpleLinkSockEventHandler) refers to main.o(.conststring) for .conststring
    main.o(i.SimpleLinkWlanEventHandler) refers to uartstdio.o(i.UARTprintf) for UARTprintf
    main.o(i.SimpleLinkWlanEventHandler) refers to main.o(.data) for .data
    main.o(i.UART_Init) refers to sysctl.o(i.SysCtlPeripheralEnable) for SysCtlPeripheralEnable
    main.o(i.UART_Init) refers to gpio.o(i.GPIOPinConfigure) for GPIOPinConfigure
    main.o(i.UART_Init) refers to gpio.o(i.GPIOPinTypeUART) for GPIOPinTypeUART
    main.o(i.UART_Init) refers to uartstdio.o(i.UARTStdioConfig) for UARTStdioConfig
    main.o(i.configureSimpleLinkToDefaultState) refers to memseta.o(.text) for __aeabi_memclr4
    main.o(i.configureSimpleLinkToDefaultState) refers to device.o(i.sl_Start) for sl_Start
    main.o(i.configureSimpleLinkToDefaultState) refers to wlan.o(i.sl_WlanSetMode) for sl_WlanSetMode
    main.o(i.configureSimpleLinkToDefaultState) refers to device.o(i.sl_Stop) for sl_Stop
    main.o(i.configureSimpleLinkToDefaultState) refers to device.o(i.sl_DevGet) for sl_DevGet
    main.o(i.configureSimpleLinkToDefaultState) refers to wlan.o(i.sl_WlanPolicySet) for sl_WlanPolicySet
    main.o(i.configureSimpleLinkToDefaultState) refers to wlan.o(i.sl_WlanProfileDel) for sl_WlanProfileDel
    main.o(i.configureSimpleLinkToDefaultState) refers to wlan.o(i.sl_WlanDisconnect) for sl_WlanDisconnect
    main.o(i.configureSimpleLinkToDefaultState) refers to netcfg.o(i.sl_NetCfgSet) for sl_NetCfgSet
    main.o(i.configureSimpleLinkToDefaultState) refers to wlan.o(i.sl_WlanSet) for sl_WlanSet
    main.o(i.configureSimpleLinkToDefaultState) refers to netapp.o(i.sl_NetAppMDNSUnRegisterService) for sl_NetAppMDNSUnRegisterService
    main.o(i.configureSimpleLinkToDefaultState) refers to main.o(.data) for .data
    main.o(i.configureSimpleLinkToDefaultState) refers to main.o(.bss) for .bss
    main.o(i.getdata) refers to socket.o(i.sl_Recv) for sl_Recv
    main.o(i.getdata) refers to main.o(.data) for .data
    main.o(i.main) refers to board.o(i.initClk) for initClk
    main.o(i.main) refers to main.o(i.UART_Init) for UART_Init
    main.o(i.main) refers to led.o(i.LED_Init) for LED_Init
    main.o(i.main) refers to uartstdio.o(i.UARTprintf) for UARTprintf
    main.o(i.main) refers to main.o(i.configureSimpleLinkToDefaultState) for configureSimpleLinkToDefaultState
    main.o(i.main) refers to device.o(i.sl_Start) for sl_Start
    main.o(i.main) refers to main.o(i.Crash) for Crash
    main.o(i.main) refers to wlan.o(i.sl_WlanConnect) for sl_WlanConnect
    main.o(i.main) refers to nonos.o(i._SlNonOsMainLoopTask) for _SlNonOsMainLoopTask
    main.o(i.main) refers to memcpya.o(.text) for __aeabi_memcpy4
    main.o(i.main) refers to strlen.o(.text) for strlen
    main.o(i.main) refers to socket.o(i.sl_Socket) for sl_Socket
    main.o(i.main) refers to socket.o(i.sl_Htons) for sl_Htons
    main.o(i.main) refers to socket.o(i.sl_Htonl) for sl_Htonl
    main.o(i.main) refers to socket.o(i.sl_Connect) for sl_Connect
    main.o(i.main) refers to mqttconnectclient.o(i.MQTTSerialize_connect) for MQTTSerialize_connect
    main.o(i.main) refers to socket.o(i.sl_Send) for sl_Send
    main.o(i.main) refers to mqttpacket.o(i.MQTTPacket_read) for MQTTPacket_read
    main.o(i.main) refers to mqttconnectclient.o(i.MQTTDeserialize_connack) for MQTTDeserialize_connack
    main.o(i.main) refers to mqttsubscribeclient.o(i.MQTTSerialize_subscribe) for MQTTSerialize_subscribe
    main.o(i.main) refers to mqttserializepublish.o(i.MQTTSerialize_publish) for MQTTSerialize_publish
    main.o(i.main) refers to mqttsubscribeclient.o(i.MQTTDeserialize_suback) for MQTTDeserialize_suback
    main.o(i.main) refers to mqttdeserializepublish.o(i.MQTTDeserialize_publish) for MQTTDeserialize_publish
    main.o(i.main) refers to main.o(.data) for .data
    main.o(i.main) refers to main.o(.constdata) for .constdata
    main.o(i.main) refers to main.o(i.getdata) for getdata
    board.o(i.CC3100_InterruptDisable) refers to gpio.o(i.GPIOIntDisable) for GPIOIntDisable
    board.o(i.CC3100_InterruptEnable) refers to gpio.o(i.GPIOIntEnable) for GPIOIntEnable
[...]
    Removing mqttconnectserver.o(i.MQTTSerialize_connack), (84 bytes).
    Removing mqttdeserializepublish.o(i.MQTTDeserialize_ack), (72 bytes).
    Removing mqttformat.o(i.MQTTFormat_toClientString), (324 bytes).
    Removing mqttformat.o(i.MQTTFormat_toServerString), (360 bytes).
    Removing mqttformat.o(i.MQTTPacket_getName), (12 bytes).
    Removing mqttformat.o(i.MQTTStringFormat_ack), (84 bytes).
    Removing mqttformat.o(i.MQTTStringFormat_connack), (48 bytes).
    Removing mqttformat.o(i.MQTTStringFormat_connect), (176 bytes).
    Removing mqttformat.o(i.MQTTStringFormat_publish), (80 bytes).
    Removing mqttformat.o(i.MQTTStringFormat_suback), (68 bytes).
    Removing mqttformat.o(i.MQTTStringFormat_subscribe), (100 bytes).
    Removing mqttformat.o(i.MQTTStringFormat_unsubscribe), (88 bytes).
    Removing mqttformat.o(.conststring), (383 bytes).
    Removing mqttformat.o(.data), (60 bytes).
    Removing mqttpacket.o(i.MQTTPacket_equals), (54 bytes).
    Removing mqttpacket.o(i.MQTTPacket_readnb), (218 bytes).
    Removing mqttpacket.o(i.getLenStringLen), (10 bytes).
    Removing mqttserializepublish.o(i.MQTTSerialize_ack), (72 bytes).
    Removing mqttserializepublish.o(i.MQTTSerialize_puback), (14 bytes).
    Removing mqttserializepublish.o(i.MQTTSerialize_pubcomp), (14 bytes).
    Removing mqttserializepublish.o(i.MQTTSerialize_pubrel), (14 bytes).
    Removing mqttsubscribeserver.o(i.MQTTDeserialize_subscribe), (150 bytes).
    Removing mqttsubscribeserver.o(i.MQTTSerialize_suback), (86 bytes).
    Removing mqttunsubscribeclient.o(i.MQTTDeserialize_unsuback), (38 bytes).
    Removing mqttunsubscribeclient.o(i.MQTTSerialize_unsubscribe), (124 bytes).
    Removing mqttunsubscribeclient.o(i.MQTTSerialize_unsubscribeLength), (44 bytes).
    Removing mqttunsubscribeserver.o(i.MQTTDeserialize_unsubscribe), (126 bytes).
    Removing mqttunsubscribeserver.o(i.MQTTSerialize_unsuback), (62 bytes).
    Removing fpu.o(i.FPUDisable), (16 bytes).
    Removing fpu.o(i.FPUFlushToZeroModeSet), (20 bytes).
    Removing fpu.o(i.FPUHalfPrecisionModeSet), (20 bytes).
    Removing fpu.o(i.FPUNaNModeSet), (20 bytes).
    Removing fpu.o(i.FPURoundingModeSet), (20 bytes).
    Removing fpu.o(i.FPUStackingDisable), (16 bytes).
    Removing fpu.o(i.FPUStackingEnable), (20 bytes).
    Removing gpio.o(i.GPIOADCTriggerDisable), (14 bytes).
    Removing gpio.o(i.GPIOADCTriggerEnable), (14 bytes).
    Removing gpio.o(i.GPIODMATriggerDisable), (14 bytes).
    Removing gpio.o(i.GPIODMATriggerEnable), (14 bytes).
    Removing gpio.o(i.GPIODirModeGet), (34 bytes).
    Removing gpio.o(i.GPIOIntRegister), (88 bytes).
    Removing gpio.o(i.GPIOIntTypeGet), (68 bytes).
    Removing gpio.o(i.GPIOIntUnregister), (88 bytes).
    Removing gpio.o(i.GPIOPadConfigGet), (204 bytes).
    Removing gpio.o(i.GPIOPinRead), (6 bytes).
    Removing gpio.o(i.GPIOPinTypeADC), (28 bytes).
    Removing gpio.o(i.GPIOPinTypeCAN), (28 bytes).
    Removing gpio.o(i.GPIOPinTypeCIR), (28 bytes).
    Removing gpio.o(i.GPIOPinTypeComparator), (28 bytes).
    Removing gpio.o(i.GPIOPinTypeEPI), (28 bytes).
    Removing gpio.o(i.GPIOPinTypeEthernetLED), (28 bytes).
    Removing gpio.o(i.GPIOPinTypeEthernetMII), (28 bytes).
    Removing gpio.o(i.GPIOPinTypeGPIOOutput), (28 bytes).
    Removing gpio.o(i.GPIOPinTypeGPIOOutputOD), (28 bytes).
    Removing gpio.o(i.GPIOPinTypeI2C), (28 bytes).
    Removing gpio.o(i.GPIOPinTypeI2CSCL), (28 bytes).
    Removing gpio.o(i.GPIOPinTypeKBColumn), (28 bytes).
    Removing gpio.o(i.GPIOPinTypeKBRow), (28 bytes).
    Removing gpio.o(i.GPIOPinTypeLCD), (28 bytes).
    Removing gpio.o(i.GPIOPinTypeLEDSeq), (28 bytes).
    Removing gpio.o(i.GPIOPinTypeLPC), (28 bytes).
    Removing gpio.o(i.GPIOPinTypePECIRx), (28 bytes).
    Removing gpio.o(i.GPIOPinTypePECITx), (28 bytes).
    Removing gpio.o(i.GPIOPinTypePWM), (28 bytes).
    Removing gpio.o(i.GPIOPinTypeQEI), (28 bytes).
    Removing gpio.o(i.GPIOPinTypeTimer), (28 bytes).
    Removing gpio.o(i.GPIOPinTypeUSBAnalog), (28 bytes).
    Removing gpio.o(i.GPIOPinTypeUSBDigital), (28 bytes).
    Removing gpio.o(i.GPIOPinTypeWakeHigh), (30 bytes).
    Removing gpio.o(i.GPIOPinTypeWakeLow), (30 bytes).
    Removing gpio.o(i.GPIOPinWakeStatus), (6 bytes).
    Removing interrupt.o(i.IntDisable), (100 bytes).
    Removing interrupt.o(i.IntIsEnabled), (96 bytes).
    Removing interrupt.o(i.IntMasterDisable), (14 bytes).
    Removing interrupt.o(i.IntPendClear), (68 bytes).
    Removing interrupt.o(i.IntPendSet), (84 bytes).
    Removing interrupt.o(i.IntPriorityGet), (28 bytes).
    Removing interrupt.o(i.IntPriorityGroupingGet), (36 bytes).
    Removing interrupt.o(i.IntPriorityGroupingSet), (28 bytes).
    Removing interrupt.o(i.IntPriorityMaskGet), (4 bytes).
    Removing interrupt.o(i.IntPriorityMaskSet), (4 bytes).
    Removing interrupt.o(i.IntPrioritySet), (40 bytes).
    Removing interrupt.o(i.IntRegister), (52 bytes).
    Removing interrupt.o(i.IntTrigger), (12 bytes).
    Removing interrupt.o(i.IntUnregister), (20 bytes).
    Removing interrupt.o(i._IntDefaultHandler), (2 bytes).
    Removing interrupt.o(vtable), (620 bytes).
    Removing ssi.o(i.SSIAdvDataPutFrameEnd), (20 bytes).
    Removing ssi.o(i.SSIAdvDataPutFrameEndNonBlocking), (26 bytes).
    Removing ssi.o(i.SSIAdvFrameHoldDisable), (10 bytes).
    Removing ssi.o(i.SSIAdvFrameHoldEnable), (10 bytes).
    Removing ssi.o(i.SSIAdvModeSet), (12 bytes).
    Removing ssi.o(i.SSIBusy), (8 bytes).
    Removing ssi.o(i.SSIClockSourceGet), (6 bytes).
    Removing ssi.o(i.SSIClockSourceSet), (6 bytes).
    Removing ssi.o(i.SSIDMADisable), (10 bytes).
    Removing ssi.o(i.SSIDMAEnable), (8 bytes).
    Removing ssi.o(i.SSIDataGet), (14 bytes).
    Removing ssi.o(i.SSIDataPut), (12 bytes).
    Removing ssi.o(i.SSIDisable), (10 bytes).
    Removing ssi.o(i.SSIIntClear), (4 bytes).
    Removing ssi.o(i.SSIIntDisable), (10 bytes).
    Removing ssi.o(i.SSIIntEnable), (8 bytes).
    Removing ssi.o(i.SSIIntRegister), (88 bytes).
    Removing ssi.o(i.SSIIntStatus), (10 bytes).
    Removing ssi.o(i.SSIIntUnregister), (88 bytes).
    Removing ssi.o(.constdata), (64 bytes).
    Removing sysctl.o(i.SysCtlAltClkConfig), (12 bytes).
    Removing sysctl.o(i.SysCtlClockFreqSet), (712 bytes).
    Removing sysctl.o(i.SysCtlClockOutConfig), (16 bytes).
    Removing sysctl.o(i.SysCtlDeepSleep), (32 bytes).
    Removing sysctl.o(i.SysCtlDeepSleepClockConfigSet), (112 bytes).
    Removing sysctl.o(i.SysCtlDeepSleepClockSet), (12 bytes).
    Removing sysctl.o(i.SysCtlDeepSleepPowerSet), (12 bytes).
    Removing sysctl.o(i.SysCtlFlashSectorSizeGet), (56 bytes).
    Removing sysctl.o(i.SysCtlFlashSizeGet), (56 bytes).
    Removing sysctl.o(i.SysCtlGPIOAHBDisable), (28 bytes).
    Removing sysctl.o(i.SysCtlGPIOAHBEnable), (24 bytes).
    Removing sysctl.o(i.SysCtlIntClear), (12 bytes).
    Removing sysctl.o(i.SysCtlIntDisable), (16 bytes).
    Removing sysctl.o(i.SysCtlIntEnable), (16 bytes).
    Removing sysctl.o(i.SysCtlIntRegister), (20 bytes).
    Removing sysctl.o(i.SysCtlIntStatus), (16 bytes).
    Removing sysctl.o(i.SysCtlIntUnregister), (18 bytes).
    Removing sysctl.o(i.SysCtlLDODeepSleepGet), (12 bytes).
    Removing sysctl.o(i.SysCtlLDODeepSleepSet), (12 bytes).
    Removing sysctl.o(i.SysCtlLDOSleepGet), (12 bytes).
    Removing sysctl.o(i.SysCtlLDOSleepSet), (12 bytes).
    Removing sysctl.o(i.SysCtlMOSCConfigSet), (12 bytes).
    Removing sysctl.o(i.SysCtlNMIClear), (16 bytes).
    Removing sysctl.o(i.SysCtlNMIStatus), (12 bytes).
    Removing sysctl.o(i.SysCtlPIOSCCalibrate), (76 bytes).
    Removing sysctl.o(i.SysCtlPWMClockGet), (24 bytes).
    Removing sysctl.o(i.SysCtlPWMClockSet), (20 bytes).
    Removing sysctl.o(i.SysCtlPeripheralClockGating), (68 bytes).
    Removing sysctl.o(i.SysCtlPeripheralDeepSleepDisable), (40 bytes).
    Removing sysctl.o(i.SysCtlPeripheralDeepSleepEnable), (40 bytes).
    Removing sysctl.o(i.SysCtlPeripheralDisable), (40 bytes).
    Removing sysctl.o(i.SysCtlPeripheralPowerOff), (40 bytes).
    Removing sysctl.o(i.SysCtlPeripheralPowerOn), (40 bytes).
    Removing sysctl.o(i.SysCtlPeripheralPresent), (44 bytes).
    Removing sysctl.o(i.SysCtlPeripheralReady), (44 bytes).
    Removing sysctl.o(i.SysCtlPeripheralReset), (60 bytes).
    Removing sysctl.o(i.SysCtlPeripheralSleepDisable), (40 bytes).
    Removing sysctl.o(i.SysCtlPeripheralSleepEnable), (40 bytes).
    Removing sysctl.o(i.SysCtlReset), (16 bytes).
    Removing sysctl.o(i.SysCtlResetBehaviorGet), (12 bytes).
    Removing sysctl.o(i.SysCtlResetBehaviorSet), (12 bytes).
    Removing sysctl.o(i.SysCtlResetCauseClear), (16 bytes).
    Removing sysctl.o(i.SysCtlResetCauseGet), (12 bytes).
    Removing sysctl.o(i.SysCtlSRAMSizeGet), (16 bytes).
    Removing sysctl.o(i.SysCtlSleep), (4 bytes).
    Removing sysctl.o(i.SysCtlSleepPowerSet), (12 bytes).
    Removing sysctl.o(i.SysCtlUSBPLLDisable), (16 bytes).
    Removing sysctl.o(i.SysCtlUSBPLLEnable), (16 bytes).
    Removing sysctl.o(i.SysCtlVoltageEventClear), (16 bytes).
    Removing sysctl.o(i.SysCtlVoltageEventConfig), (12 bytes).
    Removing sysctl.o(i.SysCtlVoltageEventStatus), (12 bytes).
    Removing uart.o(i.UART9BitAddrSend), (38 bytes).
    Removing uart.o(i.UART9BitAddrSet), (10 bytes).
    Removing uart.o(i.UART9BitDisable), (14 bytes).
    Removing uart.o(i.UART9BitEnable), (14 bytes).
    Removing uart.o(i.UARTBreakCtl), (18 bytes).
    Removing uart.o(i.UARTBusy), (8 bytes).
    Removing uart.o(i.UARTCharGet), (12 bytes).
    Removing uart.o(i.UARTCharGetNonBlocking), (16 bytes).
    Removing uart.o(i.UARTCharPut), (12 bytes).
    Removing uart.o(i.UARTCharPutNonBlocking), (16 bytes).
    Removing uart.o(i.UARTCharsAvail), (10 bytes).
    Removing uart.o(i.UARTClockSourceGet), (6 bytes).
    Removing uart.o(i.UARTClockSourceSet), (6 bytes).
    Removing uart.o(i.UARTConfigGetExpClk), (46 bytes).
    Removing uart.o(i.UARTConfigSetExpClk), (110 bytes).
    Removing uart.o(i.UARTDMADisable), (10 bytes).
    Removing uart.o(i.UARTDMAEnable), (8 bytes).
    Removing uart.o(i.UARTDisable), (30 bytes).
    Removing uart.o(i.UARTDisableSIR), (10 bytes).
    Removing uart.o(i.UARTEnable), (20 bytes).
    Removing uart.o(i.UARTEnableSIR), (18 bytes).
    Removing uart.o(i.UARTFIFODisable), (10 bytes).
    Removing uart.o(i.UARTFIFOEnable), (10 bytes).
    Removing uart.o(i.UARTFIFOLevelGet), (16 bytes).
    Removing uart.o(i.UARTFIFOLevelSet), (6 bytes).
    Removing uart.o(i.UARTFlowControlGet), (8 bytes).
    Removing uart.o(i.UARTFlowControlSet), (12 bytes).
    Removing uart.o(i.UARTIntClear), (4 bytes).
    Removing uart.o(i.UARTIntDisable), (10 bytes).
    Removing uart.o(i.UARTIntEnable), (8 bytes).
    Removing uart.o(i.UARTIntRegister), (88 bytes).
    Removing uart.o(i.UARTIntStatus), (10 bytes).
    Removing uart.o(i.UARTIntUnregister), (88 bytes).
    Removing uart.o(i.UARTModemControlClear), (14 bytes).
    Removing uart.o(i.UARTModemControlGet), (8 bytes).
    Removing uart.o(i.UARTModemControlSet), (12 bytes).
    Removing uart.o(i.UARTModemStatusGet), (10 bytes).
    Removing uart.o(i.UARTParityModeGet), (8 bytes).
    Removing uart.o(i.UARTParityModeSet), (12 bytes).
    Removing uart.o(i.UARTRxErrorClear), (6 bytes).
    Removing uart.o(i.UARTRxErrorGet), (8 bytes).
    Removing uart.o(i.UARTSmartCardDisable), (10 bytes).
    Removing uart.o(i.UARTSmartCardEnable), (22 bytes).
    Removing uart.o(i.UARTSpaceAvail), (10 bytes).
    Removing uart.o(i.UARTTxIntModeGet), (8 bytes).
    Removing uart.o(i.UARTTxIntModeSet), (12 bytes).
    Removing uart.o(.constdata), (128 bytes).
    Removing dadd.o(.text), (334 bytes).
    Removing dmul.o(.text), (228 bytes).
    Removing ddiv.o(.text), (222 bytes).
    Removing dfixul.o(.text), (48 bytes).
    Removing cdrcmple.o(.text), (48 bytes).
    Removing depilogue.o(.text), (186 bytes).

328 unused section(s) (total 19789 bytes) removed from the image.

==============================================================================

Image Symbol Table

    Local Symbols

    Symbol Name                              Value     Ov Type        Size  Object(Section)

    RESET                                    0x00000000   Section      648  startup_rvmdk.o(RESET)
    ../clib/microlib/division.c              0x00000000   Number         0  uldiv.o ABSOLUTE
    ../clib/microlib/division.c              0x00000000   Number         0  uidiv.o ABSOLUTE
    ../clib/microlib/init/entry.s            0x00000000   Number         0  entry7a.o ABSOLUTE
    ../clib/microlib/init/entry.s            0x00000000   Number         0  entry10b.o ABSOLUTE
    ../clib/microlib/init/entry.s            0x00000000   Number         0  entry11a.o ABSOLUTE
    ../clib/microlib/init/entry.s            0x00000000   Number         0  entry2.o ABSOLUTE
    ../clib/microlib/init/entry.s            0x00000000   Number         0  entry11b.o ABSOLUTE
    ../clib/microlib/init/entry.s            0x00000000   Number         0  entry.o ABSOLUTE
    ../clib/microlib/init/entry.s            0x00000000   Number         0  entry7b.o ABSOLUTE
    ../clib/microlib/init/entry.s            0x00000000   Number         0  entry8a.o ABSOLUTE
    ../clib/microlib/init/entry.s            0x00000000   Number         0  entry8b.o ABSOLUTE
    ../clib/microlib/init/entry.s            0x00000000   Number         0  entry9a.o ABSOLUTE
    ../clib/microlib/init/entry.s            0x00000000   Number         0  entry5.o ABSOLUTE
    ../clib/microlib/init/entry.s            0x00000000   Number         0  entry9b.o ABSOLUTE
    ../clib/microlib/init/entry.s            0x00000000   Number         0  entry10a.o ABSOLUTE
    ../clib/microlib/longlong.c              0x00000000   Number         0  llsshr.o ABSOLUTE
    ../clib/microlib/longlong.c              0x00000000   Number         0  llshl.o ABSOLUTE
    ../clib/microlib/longlong.c              0x00000000   Number         0  llushr.o ABSOLUTE
    ../clib/microlib/printf/printf.c         0x00000000   Number         0  printf0.o ABSOLUTE
    ../clib/microlib/printf/printf.c         0x00000000   Number         0  printfb.o ABSOLUTE
    ../clib/microlib/printf/printf.c         0x00000000   Number         0  printf2.o ABSOLUTE
    ../clib/microlib/printf/printf.c         0x00000000   Number         0  printf8.o ABSOLUTE
    ../clib/microlib/printf/printf.c         0x00000000   Number         0  printf1.o ABSOLUTE
    ../clib/microlib/printf/printf.c         0x00000000   Number         0  printf6.o ABSOLUTE
    ../clib/microlib/printf/printf.c         0x00000000   Number         0  printfa.o ABSOLUTE
    ../clib/microlib/printf/printf.c         0x00000000   Number         0  printf7.o ABSOLUTE
    ../clib/microlib/printf/printf.c         0x00000000   Number         0  printf5.o ABSOLUTE
    ../clib/microlib/printf/printf.c         0x00000000   Number         0  printf4.o ABSOLUTE
    ../clib/microlib/printf/printf.c         0x00000000   Number         0  printf3.o ABSOLUTE
    ../clib/microlib/printf/stubs.s          0x00000000   Number         0  stubs.o ABSOLUTE
    ../clib/microlib/stdio/fputc.c           0x00000000   Number         0  fputc.o ABSOLUTE
    ../clib/microlib/stdio/semi.s            0x00000000   Number         0  semi.o ABSOLUTE
    ../clib/microlib/stdio/streams.c         0x00000000   Number         0  stdout.o ABSOLUTE
    ../clib/microlib/string/memcmp.c         0x00000000   Number         0  memcmp.o ABSOLUTE
    ../clib/microlib/string/memcpy.c         0x00000000   Number         0  memcpyb.o ABSOLUTE
    ../clib/microlib/string/memcpy.c         0x00000000   Number         0  memcpya.o ABSOLUTE
    ../clib/microlib/string/memset.c         0x00000000   Number         0  memseta.o ABSOLUTE
    ../clib/microlib/string/strlen.c         0x00000000   Number         0  strlen.o ABSOLUTE
    ../clib/microlib/string/strncmp.c        0x00000000   Number         0  strncmp.o ABSOLUTE
    ../clib/microlib/stubs.s                 0x00000000   Number         0  iusefp.o ABSOLUTE
    ../clib/microlib/stubs.s                 0x00000000   Number         0  iusesemip.o ABSOLUTE
    ../fplib/microlib/fpadd.c                0x00000000   Number         0  dadd.o ABSOLUTE
    ../fplib/microlib/fpdiv.c                0x00000000   Number         0  ddiv.o ABSOLUTE
    ../fplib/microlib/fpepilogue.c           0x00000000   Number         0  depilogue.o ABSOLUTE
    ../fplib/microlib/fpfix.c                0x00000000   Number         0  dfixul.o ABSOLUTE
    ../fplib/microlib/fpmul.c                0x00000000   Number         0  dmul.o ABSOLUTE
    ..\cc3100\platform\ek-tm4c123gxl\board.c 0x00000000   Number         0  board.o ABSOLUTE
    ..\cc3100\platform\ek-tm4c123gxl\spi.c   0x00000000   Number         0  spi.o ABSOLUTE
    ..\cc3100\platform\ek-tm4c123gxl\uart.c  0x00000000   Number         0  uart.o ABSOLUTE
    ..\cc3100\simplelink\source\device.c     0x00000000   Number         0  device.o ABSOLUTE
    ..\cc3100\simplelink\source\driver.c     0x00000000   Number         0  driver.o ABSOLUTE
    ..\cc3100\simplelink\source\flowcont.c   0x00000000   Number         0  flowcont.o ABSOLUTE
    ..\cc3100\simplelink\source\fs.c         0x00000000   Number         0  fs.o ABSOLUTE
    ..\cc3100\simplelink\source\netapp.c     0x00000000   Number         0  netapp.o ABSOLUTE
    ..\cc3100\simplelink\source\netcfg.c     0x00000000   Number         0  netcfg.o ABSOLUTE
    ..\cc3100\simplelink\source\nonos.c      0x00000000   Number         0  nonos.o ABSOLUTE
    ..\cc3100\simplelink\source\socket.c     0x00000000   Number         0  socket.o ABSOLUTE
    ..\cc3100\simplelink\source\spawn.c      0x00000000   Number         0  spawn.o ABSOLUTE
    ..\cc3100\simplelink\source\wlan.c       0x00000000   Number         0  wlan.o ABSOLUTE
    ..\utils\uartstdio.c                     0x00000000   Number         0  uartstdio.o ABSOLUTE
    ..\utils\ustdlib.c                       0x00000000   Number         0  ustdlib.o ABSOLUTE
    LED.c                                    0x00000000   Number         0  led.o ABSOLUTE
    Nokia5110.c                              0x00000000   Number         0  nokia5110.o ABSOLUTE
    cdrcmple.s                               0x00000000   Number         0  cdrcmple.o ABSOLUTE
    cpu.c                                    0x00000000   Number         0  cpu.o ABSOLUTE
    cpu.c                                    0x00000000   Number         0  cpu.o ABSOLUTE
    dc.s                                     0x00000000   Number         0  dc.o ABSOLUTE
    fpu.c                                    0x00000000   Number         0  fpu.o ABSOLUTE
    gpio.c                                   0x00000000   Number         0  gpio.o ABSOLUTE
    handlers.s                               0x00000000   Number         0  handlers.o ABSOLUTE
    init.s                                   0x00000000   Number         0  init.o ABSOLUTE
    interrupt.c                              0x00000000   Number         0  interrupt.o ABSOLUTE
    main.c                                   0x00000000   Number         0  main.o ABSOLUTE
    src\MQTTConnectClient.c                  0x00000000   Number         0  mqttconnectclient.o ABSOLUTE
    src\MQTTConnectServer.c                  0x00000000   Number         0  mqttconnectserver.o ABSOLUTE
    src\MQTTDeserializePublish.c             0x00000000   Number         0  mqttdeserializepublish.o ABSOLUTE
    src\MQTTFormat.c                         0x00000000   Number         0  mqttformat.o ABSOLUTE
    src\MQTTPacket.c                         0x00000000   Number         0  mqttpacket.o ABSOLUTE
    src\MQTTSerializePublish.c               0x00000000   Number         0  mqttserializepublish.o ABSOLUTE
    src\MQTTSubscribeClient.c                0x00000000   Number         0  mqttsubscribeclient.o ABSOLUTE
    src\MQTTSubscribeServer.c                0x00000000   Number         0  mqttsubscribeserver.o ABSOLUTE
    src\MQTTUnsubscribeClient.c              0x00000000   Number         0  mqttunsubscribeclient.o ABSOLUTE
    src\MQTTUnsubscribeServer.c              0x00000000   Number         0  mqttunsubscribeserver.o ABSOLUTE
    ssi.c                                    0x00000000   Number         0  ssi.o ABSOLUTE
    startup_rvmdk.S                          0x00000000   Number         0  startup_rvmdk.o ABSOLUTE
    sysctl.c                                 0x00000000   Number         0  sysctl.o ABSOLUTE
    sysctl.c                                 0x00000000   Number         0  sysctl.o ABSOLUTE
    uart.c                                   0x00000000   Number         0  uart.o ABSOLUTE
    $v0                                      0x0000026c   Number         0  startup_rvmdk.o(RESET)
    NmiSR                                    0x00000281   Thumb Code     0  startup_rvmdk.o(RESET)
    FaultISR                                 0x00000283   Thumb Code     0  startup_rvmdk.o(RESET)
    IntDefaultHandler                        0x00000285   Thumb Code     0  startup_rvmdk.o(RESET)
    .ARM.Collect$$$$00000000                 0x00000288   Section        0  entry.o(.ARM.Collect$$$$00000000)
    .ARM.Collect$$$$00000001                 0x00000288   Section        4  entry2.o(.ARM.Collect$$$$00000001)
    .ARM.Collect$$$$00000004                 0x0000028c   Section        4  entry5.o(.ARM.Collect$$$$00000004)
    .ARM.Collect$$$$00000008                 0x00000290   Section        0  entry7b.o(.ARM.Collect$$$$00000008)
    .ARM.Collect$$$$0000000A                 0x00000290   Section        0  entry8b.o(.ARM.Collect$$$$0000000A)
    .ARM.Collect$$$$0000000B                 0x00000290   Section        8  entry9a.o(.ARM.Collect$$$$0000000B)
    .ARM.Collect$$$$0000000D                 0x00000298   Section        0  entry10a.o(.ARM.Collect$$$$0000000D)
    .ARM.Collect$$$$0000000F                 0x00000298   Section        0  entry11a.o(.ARM.Collect$$$$0000000F)
    .ARM.Collect$$$$00002712                 0x00000298   Section        4  entry2.o(.ARM.Collect$$$$00002712)
    __lit__00000000                          0x00000298   Data           4  entry2.o(.ARM.Collect$$$$00002712)
    .emb_text                                0x0000029c   Section        6  sysctl.o(.emb_text)
    $v0                                      0x0000029c   Number         0  sysctl.o(.emb_text)
    .emb_text                                0x000002a4   Section       38  cpu.o(.emb_text)
    $v0                                      0x000002a4   Number         0  cpu.o(.emb_text)
    .text                                    0x000002ca   Section        0  memcpya.o(.text)
    .text                                    0x000002ee   Section        0  memseta.o(.text)
    .text                                    0x00000312   Section        0  strlen.o(.text)
    .text                                    0x00000320   Section       36  init.o(.text)
    i.CC3100_InterruptDisable                0x00000344   Section        0  board.o(i.CC3100_InterruptDisable)
    i.CC3100_InterruptEnable                 0x00000350   Section        0  board.o(i.CC3100_InterruptEnable)
    i.CC3100_disable                         0x0000035c   Section        0  board.o(i.CC3100_disable)
    i.CC3100_enable                          0x00000370   Section        0  board.o(i.CC3100_enable)
    i.CopyPingResultsToReport                0x00000384   Section        0  netapp.o(i.CopyPingResultsToReport)
    i.Crash                                  0x0000039e   Section        0  main.o(i.Crash)
    i.FPUEnable                              0x000003b0   Section        0  fpu.o(i.FPUEnable)
    i.FPULazyStackingEnable                  0x000003c0   Section        0  fpu.o(i.FPULazyStackingEnable)
    i.GPIOB_intHandler                       0x000003d0   Section        0  board.o(i.GPIOB_intHandler)
    i.GPIODirModeSet                         0x00000404   Section        0  gpio.o(i.GPIODirModeSet)
    i.GPIOIntClear                           0x0000042c   Section        0  gpio.o(i.GPIOIntClear)
    i.GPIOIntDisable                         0x00000432   Section        0  gpio.o(i.GPIOIntDisable)
    i.GPIOIntEnable                          0x00000440   Section        0  gpio.o(i.GPIOIntEnable)
    i.GPIOIntStatus                          0x0000044e   Section        0  gpio.o(i.GPIOIntStatus)
    i.GPIOIntTypeSet                         0x0000045c   Section        0  gpio.o(i.GPIOIntTypeSet)
    i.GPIOPadConfigSet                       0x000004ac   Section        0  gpio.o(i.GPIOPadConfigSet)
    i.GPIOPinConfigure                       0x000005e8   Section        0  gpio.o(i.GPIOPinConfigure)
    i.GPIOPinTypeGPIOInput                   0x00000630   Section        0  gpio.o(i.GPIOPinTypeGPIOInput)
    i.GPIOPinTypeSSI                         0x0000064c   Section        0  gpio.o(i.GPIOPinTypeSSI)
    i.GPIOPinTypeUART                        0x00000668   Section        0  gpio.o(i.GPIOPinTypeUART)
    i.GPIOPinWrite                           0x00000684   Section        0  gpio.o(i.GPIOPinWrite)
    i.GetStartResponseConvert                0x0000068a   Section        0  device.o(i.GetStartResponseConvert)
    i.IntEnable                              0x000006d0   Section        0  interrupt.o(i.IntEnable)
    i.IntMasterEnable                        0x00000734   Section        0  interrupt.o(i.IntMasterEnable)
    i.IsBufferEmpty                          0x00000742   Section        0  uartstdio.o(i.IsBufferEmpty)
    IsBufferEmpty                            0x00000743   Thumb Code    16  uartstdio.o(i.IsBufferEmpty)
    i.IsBufferFull                           0x00000752   Section        0  uartstdio.o(i.IsBufferFull)
    IsBufferFull                             0x00000753   Thumb Code    26  uartstdio.o(i.IsBufferFull)
    i.LED_Init                               0x0000076c   Section        0  led.o(i.LED_Init)
    i.LED_RedToggle                          0x000007d0   Section        0  led.o(i.LED_RedToggle)
    i.MQTTDeserialize_connack                0x000007e0   Section        0  mqttconnectclient.o(i.MQTTDeserialize_connack)
    i.MQTTDeserialize_publish                0x0000083a   Section        0  mqttdeserializepublish.o(i.MQTTDeserialize_publish)
    i.MQTTDeserialize_suback                 0x000008c6   Section        0  mqttsubscribeclient.o(i.MQTTDeserialize_suback)
    i.MQTTPacket_decode                      0x00000942   Section        0  mqttpacket.o(i.MQTTPacket_decode)
    i.MQTTPacket_decodeBuf                   0x00000978   Section        0  mqttpacket.o(i.MQTTPacket_decodeBuf)
    i.MQTTPacket_encode                      0x0000098c   Section        0  mqttpacket.o(i.MQTTPacket_encode)
    i.MQTTPacket_len                         0x000009b4   Section        0  mqttpacket.o(i.MQTTPacket_len)
    i.MQTTPacket_read                        0x000009dc   Section        0  mqttpacket.o(i.MQTTPacket_read)
    i.MQTTSerialize_connect                  0x00000a28   Section        0  mqttconnectclient.o(i.MQTTSerialize_connect)
    i.MQTTSerialize_connectLength            0x00000b40   Section        0  mqttconnectclient.o(i.MQTTSerialize_connectLength)
    i.MQTTSerialize_publish                  0x00000bb6   Section        0  mqttserializepublish.o(i.MQTTSerialize_publish)
    i.MQTTSerialize_publishLength            0x00000c3c   Section        0  mqttserializepublish.o(i.MQTTSerialize_publishLength)
    i.MQTTSerialize_subscribe                0x00000c5a   Section        0  mqttsubscribeclient.o(i.MQTTSerialize_subscribe)
    i.MQTTSerialize_subscribeLength          0x00000ce6   Section        0  mqttsubscribeclient.o(i.MQTTSerialize_subscribeLength)
    i.MQTTstrlen                             0x00000d12   Section        0  mqttpacket.o(i.MQTTstrlen)
    i.SSIConfigSetExpClk                     0x00000d20   Section        0  ssi.o(i.SSIConfigSetExpClk)
    i.SSIDataGetNonBlocking                  0x00000d6a   Section        0  ssi.o(i.SSIDataGetNonBlocking)
    i.SSIDataPutNonBlocking                  0x00000d7e   Section        0  ssi.o(i.SSIDataPutNonBlocking)
    i.SSIEnable                              0x00000d8e   Section        0  ssi.o(i.SSIEnable)
    i.SimpleLinkHttpServerCallback           0x00000d98   Section        0  main.o(i.SimpleLinkHttpServerCallback)
    i.SimpleLinkNetAppEventHandler           0x00000dc4   Section        0  main.o(i.SimpleLinkNetAppEventHandler)
    i.SimpleLinkWlanEventHandler             0x00000e04   Section        0  main.o(i.SimpleLinkWlanEventHandler)
    i.SysCtlClockGet                         0x00000ed4   Section        0  sysctl.o(i.SysCtlClockGet)
    i.SysCtlClockSet                         0x00001038   Section        0  sysctl.o(i.SysCtlClockSet)
    i.SysCtlPeripheralEnable                 0x00001158   Section        0  sysctl.o(i.SysCtlPeripheralEnable)
    i.UARTFlushRx                            0x00001180   Section        0  uartstdio.o(i.UARTFlushRx)
    i.UARTFlushTx                            0x000011a8   Section        0  uartstdio.o(i.UARTFlushTx)
    i.UARTPrimeTransmit                      0x000011e0   Section        0  uartstdio.o(i.UARTPrimeTransmit)
    UARTPrimeTransmit                        0x000011e1   Thumb Code   108  uartstdio.o(i.UARTPrimeTransmit)
    i.UARTStdioConfig                        0x00001258   Section        0  uartstdio.o(i.UARTStdioConfig)
    i.UARTStdioIntHandler                    0x000012f0   Section        0  uartstdio.o(i.UARTStdioIntHandler)
    i.UART_Init                              0x000013f8   Section        0  main.o(i.UART_Init)
    i.UARTprintf                             0x0000143c   Section        0  uartstdio.o(i.UARTprintf)
    i.UARTvprintf                            0x00001450   Section        0  uartstdio.o(i.UARTvprintf)
    i.UARTwrite                              0x00001604   Section        0  uartstdio.o(i.UARTwrite)
    i._SlAsyncEventGenericHandler            0x00001694   Section        0  driver.o(i._SlAsyncEventGenericHandler)
    i._SlDrvBasicCmd                         0x00001988   Section        0  driver.o(i._SlDrvBasicCmd)
    i._SlDrvClassifyRxMsg                    0x000019b0   Section        0  driver.o(i._SlDrvClassifyRxMsg)
    i._SlDrvCmdOp                            0x00001a40   Section        0  driver.o(i._SlDrvCmdOp)
    i._SlDrvCmdSend                          0x00001a94   Section        0  driver.o(i._SlDrvCmdSend)
    i._SlDrvDataReadOp                       0x00001ab0   Section        0  driver.o(i._SlDrvDataReadOp)
    i._SlDrvDataWriteOp                      0x00001bfc   Section        0  driver.o(i._SlDrvDataWriteOp)
    i._SlDrvDeviceEventHandler               0x00001d10   Section        0  device.o(i._SlDrvDeviceEventHandler)
    i._SlDrvDriverCBDeinit                   0x00001d2c   Section        0  driver.o(i._SlDrvDriverCBDeinit)
    i._SlDrvDriverCBInit                     0x00001d8c   Section        0  driver.o(i._SlDrvDriverCBInit)
    i._SlDrvFlowContDeinit                   0x00001e1c   Section        0  flowcont.o(i._SlDrvFlowContDeinit)
    i._SlDrvFlowContInit                     0x00001e48   Section        0  flowcont.o(i._SlDrvFlowContInit)
    i._SlDrvMsgRead                          0x00001e78   Section        0  driver.o(i._SlDrvMsgRead)
    i._SlDrvMsgReadCmdCtx                    0x000021c8   Section        0  driver.o(i._SlDrvMsgReadCmdCtx)
    i._SlDrvMsgReadSpawnCtx                  0x00002270   Section        0  driver.o(i._SlDrvMsgReadSpawnCtx)
    i._SlDrvMsgWrite                         0x00002300   Section        0  driver.o(i._SlDrvMsgWrite)
    i._SlDrvNetAppEventHandler               0x000023f0   Section        0  netapp.o(i._SlDrvNetAppEventHandler)
    i._SlDrvObjDeInit                        0x000024bc   Section        0  driver.o(i._SlDrvObjDeInit)
    i._SlDrvObjInit                          0x000024d4   Section        0  driver.o(i._SlDrvObjInit)
    i._SlDrvReleasePoolObj                   0x00002510   Section        0  driver.o(i._SlDrvReleasePoolObj)
    i._SlDrvRxHdrRead                        0x000025f4   Section        0  driver.o(i._SlDrvRxHdrRead)
    i._SlDrvRxIrqHandler                     0x0000271c   Section        0  driver.o(i._SlDrvRxIrqHandler)
    i._SlDrvShiftDWord                       0x0000275c   Section        0  driver.o(i._SlDrvShiftDWord)
    i._SlDrvWaitForPoolObj                   0x00002774   Section        0  driver.o(i._SlDrvWaitForPoolObj)
    i._SlFindAndSetActiveObj                 0x00002878   Section        0  driver.o(i._SlFindAndSetActiveObj)
    i._SlNonOsMainLoopTask                   0x00002910   Section        0  nonos.o(i._SlNonOsMainLoopTask)
    i._SlNonOsSemGet                         0x00002950   Section        0  nonos.o(i._SlNonOsSemGet)
    i._SlNonOsSemSet                         0x00002982   Section        0  nonos.o(i._SlNonOsSemSet)
    i._SlNonOsSpawn                          0x00002988   Section        0  nonos.o(i._SlNonOsSpawn)
    i._SlRemoveFromList                      0x000029ac   Section        0  driver.o(i._SlRemoveFromList)
    i.__scatterload_copy                     0x00002a04   Section       14  handlers.o(i.__scatterload_copy)
    i.__scatterload_null                     0x00002a12   Section        2  handlers.o(i.__scatterload_null)
    i.__scatterload_zeroinit                 0x00002a14   Section       14  handlers.o(i.__scatterload_zeroinit)
    i._sl_BuildAddress                       0x00002a22   Section        0  socket.o(i._sl_BuildAddress)
    i._sl_HandleAsync_Accept                 0x00002a48   Section        0  socket.o(i._sl_HandleAsync_Accept)
    i._sl_HandleAsync_Connect                0x00002abc   Section        0  socket.o(i._sl_HandleAsync_Connect)
    i._sl_HandleAsync_DnsGetHostByName       0x00002b38   Section        0  netapp.o(i._sl_HandleAsync_DnsGetHostByName)
    i._sl_HandleAsync_DnsGetHostByService    0x00002bac   Section        0  netapp.o(i._sl_HandleAsync_DnsGetHostByService)
    i._sl_HandleAsync_InitComplete           0x00002c14   Section        0  device.o(i._sl_HandleAsync_InitComplete)
    i._sl_HandleAsync_PingResponse           0x00002c98   Section        0  netapp.o(i._sl_HandleAsync_PingResponse)
    i._sl_HandleAsync_Select                 0x00002d18   Section        0  socket.o(i._sl_HandleAsync_Select)
    i._sl_HandleAsync_Stop                   0x00002d7c   Section        0  device.o(i._sl_HandleAsync_Stop)
    i._sl_TruncatePayloadByProtocol          0x00002ddc   Section        0  socket.o(i._sl_TruncatePayloadByProtocol)
    i.bufchar                                0x00002e30   Section        0  mqttpacket.o(i.bufchar)
    i.configureSimpleLinkToDefaultState      0x00002e50   Section        0  main.o(i.configureSimpleLinkToDefaultState)
    configureSimpleLinkToDefaultState        0x00002e51   Thumb Code   252  main.o(i.configureSimpleLinkToDefaultState)
    i.getdata                                0x00002f60   Section        0  main.o(i.getdata)
    i.initClk                                0x00002f74   Section        0  board.o(i.initClk)
    i.main                                   0x00002f8c   Section        0  main.o(i.main)
    i.readChar                               0x0000321c   Section        0  mqttpacket.o(i.readChar)
    i.readInt                                0x00003228   Section        0  mqttpacket.o(i.readInt)
    i.readMQTTLenString                      0x0000323a   Section        0  mqttpacket.o(i.readMQTTLenString)
    i.registerInterruptHandler               0x00003270   Section        0  board.o(i.registerInterruptHandler)
    i.sl_Connect                             0x0000327c   Section        0  socket.o(i.sl_Connect)
    i.sl_DevGet                              0x00003368   Section        0  device.o(i.sl_DevGet)
    i.sl_Htonl                               0x000033d8   Section        0  socket.o(i.sl_Htonl)
    i.sl_Htons                               0x00003400   Section        0  socket.o(i.sl_Htons)
    i.sl_NetAppMDNSRegisterUnregisterService 0x00003430   Section        0  netapp.o(i.sl_NetAppMDNSRegisterUnregisterService)
    i.sl_NetAppMDNSUnRegisterService         0x000034ac   Section        0  netapp.o(i.sl_NetAppMDNSUnRegisterService)
    i.sl_NetAppSendTokenValue                0x000034c0   Section        0  netapp.o(i.sl_NetAppSendTokenValue)
    i.sl_NetCfgSet                           0x00003510   Section        0  netcfg.o(i.sl_NetCfgSet)
    i.sl_Recv                                0x00003550   Section        0  socket.o(i.sl_Recv)
    i.sl_Send                                0x00003590   Section        0  socket.o(i.sl_Send)
    i.sl_Socket                              0x0000363c   Section        0  socket.o(i.sl_Socket)
    i.sl_Start                               0x0000366c   Section        0  device.o(i.sl_Start)
    i.sl_Stop                                0x00003724   Section        0  device.o(i.sl_Stop)
    i.sl_WlanConnect                         0x000037ec   Section        0  wlan.o(i.sl_WlanConnect)
    i.sl_WlanDisconnect                      0x00003990   Section        0  wlan.o(i.sl_WlanDisconnect)
    i.sl_WlanPolicySet                       0x00003998   Section        0  wlan.o(i.sl_WlanPolicySet)
    i.sl_WlanProfileDel                      0x000039d0   Section        0  wlan.o(i.sl_WlanProfileDel)
    i.sl_WlanSet                             0x000039f0   Section        0  wlan.o(i.sl_WlanSet)
    i.sl_WlanSetMode                         0x00003a30   Section        0  wlan.o(i.sl_WlanSetMode)
    i.spi_Close                              0x00003a50   Section        0  spi.o(i.spi_Close)
    i.spi_Open                               0x00003a5c   Section        0  spi.o(i.spi_Open)
    i.spi_Read                               0x00003b5c   Section        0  spi.o(i.spi_Read)
    i.spi_Write                              0x00003bb4   Section        0  spi.o(i.spi_Write)
    i.writeCString                           0x00003c08   Section        0  mqttpacket.o(i.writeCString)
    i.writeChar                              0x00003c30   Section        0  mqttpacket.o(i.writeChar)
    i.writeInt                               0x00003c3c   Section        0  mqttpacket.o(i.writeInt)
    i.writeMQTTString                        0x00003c5a   Section        0  mqttpacket.o(i.writeMQTTString)
    .constdata                               0x00003c90   Section       88  main.o(.constdata)
    .constdata                               0x00003ce8   Section       20  device.o(.constdata)
    .constdata                               0x00003cfc   Section       72  driver.o(.constdata)
    .constdata                               0x00003d44   Section       40  netapp.o(.constdata)
    .constdata                               0x00003d6c   Section        8  netcfg.o(.constdata)
    .constdata                               0x00003d74   Section       48  socket.o(.constdata)
    .constdata                               0x00003da4   Section       52  wlan.o(.constdata)
    .constdata                               0x00003dd8   Section       40  uartstdio.o(.constdata)
    g_pcHex                                  0x00003dd8   Data           4  uartstdio.o(.constdata)
    g_ui32UARTBase                           0x00003ddc   Data          12  uartstdio.o(.constdata)
    g_ui32UARTInt                            0x00003de8   Data          12  uartstdio.o(.constdata)
    g_ui32UARTPeriph                         0x00003df4   Data          12  uartstdio.o(.constdata)
    .constdata                               0x00003e00   Section      528  gpio.o(.constdata)
    g_ppui32GPIOIntMapBlizzard               0x00003e00   Data         192  gpio.o(.constdata)
    g_ppui32GPIOIntMapSnowflake              0x00003ec0   Data         192  gpio.o(.constdata)
    g_pui32GPIOBaseAddrs                     0x00003f80   Data         144  gpio.o(.constdata)
    .constdata                               0x00004010   Section      268  interrupt.o(.constdata)
    g_pui32Priority                          0x00004010   Data          32  interrupt.o(.constdata)
    g_pui32Regs                              0x00004030   Data         156  interrupt.o(.constdata)
    g_pui32EnRegs                            0x000040cc   Data          20  interrupt.o(.constdata)
    g_pui32Dii16Regs                         0x000040e0   Data          20  interrupt.o(.constdata)
    g_pui32PendRegs                          0x000040f4   Data          20  interrupt.o(.constdata)
    g_pui32UnpendRegs                        0x00004108   Data          20  interrupt.o(.constdata)
    .constdata                               0x0000411c   Section      452  sysctl.o(.constdata)
    g_pui32VCOFrequencies                    0x0000411c   Data           8  sysctl.o(.constdata)
    g_pui32Xtals                             0x00004124   Data         108  sysctl.o(.constdata)
    g_pppui32XTALtoVCO                       0x00004190   Data         288  sysctl.o(.constdata)
    g_sXTALtoMEMTIM                          0x000042b0   Data          48  sysctl.o(.constdata)
    .conststring                             0x000042e0   Section       17  uartstdio.o(.conststring)
    .data                                    0x20000000   Section       16  main.o(.data)
    .data                                    0x20000010   Section        8  board.o(.data)
    .data                                    0x20000018   Section        4  driver.o(.data)
    .data                                    0x2000001c   Section        4  driver.o(.data)
    .data                                    0x20000020   Section       28  uartstdio.o(.data)
    bLastWasCR                               0x20000020   Data           1  uartstdio.o(.data)
    g_bDisableEcho                           0x20000021   Data           1  uartstdio.o(.data)
    g_ui32UARTTxWriteIndex                   0x20000024   Data           4  uartstdio.o(.data)
    g_ui32UARTTxReadIndex                    0x20000028   Data           4  uartstdio.o(.data)
    g_ui32UARTRxWriteIndex                   0x2000002c   Data           4  uartstdio.o(.data)
    g_ui32UARTRxReadIndex                    0x20000030   Data           4  uartstdio.o(.data)
    g_ui32Base                               0x20000034   Data           4  uartstdio.o(.data)
    g_ui32PortNum                            0x20000038   Data           4  uartstdio.o(.data)
    .data                                    0x2000003c   Section        4  mqttpacket.o(.data)
    bufptr                                   0x2000003c   Data           4  mqttpacket.o(.data)
    .bss                                     0x20000040   Section     1576  main.o(.bss)
    .bss                                     0x20000668   Section      356  driver.o(.bss)
    .bss                                     0x200007cc   Section       40  nonos.o(.bss)
    .bss                                     0x200007f4   Section     1152  uartstdio.o(.bss)
    g_pcUARTTxBuffer                         0x200007f4   Data        1024  uartstdio.o(.bss)
    g_pcUARTRxBuffer                         0x20000bf4   Data         128  uartstdio.o(.bss)
    STACK                                    0x20000c78   Section    16384  startup_rvmdk.o(STACK)
    StackMem                                 0x20000c78   Data           0  startup_rvmdk.o(STACK)

    Global Symbols

    Symbol Name                              Value     Ov Type        Size  Object(Section)

    BuildAttributes$$THM_ISAv4$E$P$D$K$B$S$7EM$VFPi3$EXTD16$VFPS$VFMA$PE$A:L22UL41UL21$X:L11$S22US41US21$IEEE1$IW$USESV6$~STKCKD$USESV7$~SHL$OTIME$ROPI$EBA8$MICROLIB$REQ8$PRES8$EABIv2 0x00000000   Number         0  anon$$obj.o ABSOLUTE
    __ARM_use_no_argv                        0x00000000   Number         0  main.o ABSOLUTE
    __Vectors                                0x00000000   Data           0  startup_rvmdk.o(RESET)
    _printf_a                                0x00000000   Number         0  stubs.o ABSOLUTE
    _printf_c                                0x00000000   Number         0  stubs.o ABSOLUTE
    _printf_charcount                        0x00000000   Number         0  stubs.o ABSOLUTE
    _printf_d                                0x00000000   Number         0  stubs.o ABSOLUTE
    _printf_e                                0x00000000   Number         0  stubs.o ABSOLUTE
    _printf_f                                0x00000000   Number         0  stubs.o ABSOLUTE
    _printf_flags                            0x00000000   Number         0  stubs.o ABSOLUTE
    _printf_fp_dec                           0x00000000   Number         0  stubs.o ABSOLUTE
    _printf_fp_hex                           0x00000000   Number         0  stubs.o ABSOLUTE
    _printf_g                                0x00000000   Number         0  stubs.o ABSOLUTE
    _printf_i                                0x00000000   Number         0  stubs.o ABSOLUTE
    _printf_int_dec                          0x00000000   Number         0  stubs.o ABSOLUTE
    _printf_l                                0x00000000   Number         0  stubs.o ABSOLUTE
    _printf_lc                               0x00000000   Number         0  stubs.o ABSOLUTE
    _printf_ll                               0x00000000   Number         0  stubs.o ABSOLUTE
    _printf_lld                              0x00000000   Number         0  stubs.o ABSOLUTE
    _printf_lli                              0x00000000   Number         0  stubs.o ABSOLUTE
    _printf_llo                              0x00000000   Number         0  stubs.o ABSOLUTE
    _printf_llu                              0x00000000   Number         0  stubs.o ABSOLUTE
    _printf_llx                              0x00000000   Number         0  stubs.o ABSOLUTE
    _printf_longlong_dec                     0x00000000   Number         0  stubs.o ABSOLUTE
    _printf_longlong_hex                     0x00000000   Number         0  stubs.o ABSOLUTE
    _printf_longlong_oct                     0x00000000   Number         0  stubs.o ABSOLUTE
    _printf_ls                               0x00000000   Number         0  stubs.o ABSOLUTE
    _printf_mbtowc                           0x00000000   Number         0  stubs.o ABSOLUTE
    _printf_n                                0x00000000   Number         0  stubs.o ABSOLUTE
    _printf_o                                0x00000000   Number         0  stubs.o ABSOLUTE
    _printf_p                                0x00000000   Number         0  stubs.o ABSOLUTE
    _printf_percent                          0x00000000   Number         0  stubs.o ABSOLUTE
    _printf_pre_padding                      0x00000000   Number         0  stubs.o ABSOLUTE
    _printf_return_value                     0x00000000   Number         0  stubs.o ABSOLUTE
    _printf_s                                0x00000000   Number         0  stubs.o ABSOLUTE
    _printf_sizespec                         0x00000000   Number         0  stubs.o ABSOLUTE
    _printf_str                              0x00000000   Number         0  stubs.o ABSOLUTE
    _printf_truncate_signed                  0x00000000   Number         0  stubs.o ABSOLUTE
    _printf_truncate_unsigned                0x00000000   Number         0  stubs.o ABSOLUTE
    _printf_u                                0x00000000   Number         0  stubs.o ABSOLUTE
    _printf_wc                               0x00000000   Number         0  stubs.o ABSOLUTE
    _printf_wctomb                           0x00000000   Number         0  stubs.o ABSOLUTE
    _printf_widthprec                        0x00000000   Number         0  stubs.o ABSOLUTE
    _printf_x                                0x00000000   Number         0  stubs.o ABSOLUTE
    __cpp_initialize__aeabi_                  - Undefined Weak Reference
    __cxa_finalize                            - Undefined Weak Reference
    __decompress                              - Undefined Weak Reference
    _clock_init                               - Undefined Weak Reference
    _microlib_exit                            - Undefined Weak Reference
    Reset_Handler                            0x0000026d   Thumb Code     0  startup_rvmdk.o(RESET)
    __main                                   0x00000289   Thumb Code     0  entry.o(.ARM.Collect$$$$00000000)
    _main_stk                                0x00000289   Thumb Code     0  entry2.o(.ARM.Collect$$$$00000001)
    _main_scatterload                        0x0000028d   Thumb Code     0  entry5.o(.ARM.Collect$$$$00000004)
    __main_after_scatterload                 0x00000291   Thumb Code     0  entry5.o(.ARM.Collect$$$$00000004)
    _main_clock                              0x00000291   Thumb Code     0  entry7b.o(.ARM.Collect$$$$00000008)
    _main_cpp_init                           0x00000291   Thumb Code     0  entry8b.o(.ARM.Collect$$$$0000000A)
    _main_init                               0x00000291   Thumb Code     0  entry9a.o(.ARM.Collect$$$$0000000B)
    __rt_final_cpp                           0x00000299   Thumb Code     0  entry10a.o(.ARM.Collect$$$$0000000D)
    __rt_final_exit                          0x00000299   Thumb Code     0  entry11a.o(.ARM.Collect$$$$0000000F)
    SysCtlDelay                              0x0000029d   Thumb Code     6  sysctl.o(.emb_text)
    CPUcpsid                                 0x000002a5   Thumb Code     8  cpu.o(.emb_text)
    CPUprimask                               0x000002ad   Thumb Code     6  cpu.o(.emb_text)
    CPUcpsie                                 0x000002b3   Thumb Code     8  cpu.o(.emb_text)
    CPUwfi                                   0x000002bb   Thumb Code     4  cpu.o(.emb_text)
    CPUbasepriSet                            0x000002bf   Thumb Code     6  cpu.o(.emb_text)
    CPUbasepriGet                            0x000002c5   Thumb Code     6  cpu.o(.emb_text)
    __aeabi_memcpy                           0x000002cb   Thumb Code    36  memcpya.o(.text)
    __aeabi_memcpy4                          0x000002cb   Thumb Code     0  memcpya.o(.text)
    __aeabi_memcpy8                          0x000002cb   Thumb Code     0  memcpya.o(.text)
    __aeabi_memset                           0x000002ef   Thumb Code    14  memseta.o(.text)
    __aeabi_memset4                          0x000002ef   Thumb Code     0  memseta.o(.text)
    __aeabi_memset8                          0x000002ef   Thumb Code     0  memseta.o(.text)
    __aeabi_memclr                           0x000002fd   Thumb Code     4  memseta.o(.text)
    __aeabi_memclr4                          0x000002fd   Thumb Code     0  memseta.o(.text)
    __aeabi_memclr8                          0x000002fd   Thumb Code     0  memseta.o(.text)
    _memset$wrapper                          0x00000301   Thumb Code    18  memseta.o(.text)
    strlen                                   0x00000313   Thumb Code    14  strlen.o(.text)
    __scatterload                            0x00000321   Thumb Code    28  init.o(.text)
    __scatterload_rt2                        0x00000321   Thumb Code     0  init.o(.text)
    CC3100_InterruptDisable                  0x00000345   Thumb Code     8  board.o(i.CC3100_InterruptDisable)
    CC3100_InterruptEnable                   0x00000351   Thumb Code     8  board.o(i.CC3100_InterruptEnable)
    CC3100_disable                           0x0000035d   Thumb Code    16  board.o(i.CC3100_disable)
    CC3100_enable                            0x00000371   Thumb Code    16  board.o(i.CC3100_enable)
    CopyPingResultsToReport                  0x00000385   Thumb Code    26  netapp.o(i.CopyPingResultsToReport)
    Crash                                    0x0000039f   Thumb Code    18  main.o(i.Crash)
    FPUEnable                                0x000003b1   Thumb Code    12  fpu.o(i.FPUEnable)
    FPULazyStackingEnable                    0x000003c1   Thumb Code    12  fpu.o(i.FPULazyStackingEnable)
    GPIOB_intHandler                         0x000003d1   Thumb Code    44  board.o(i.GPIOB_intHandler)
    GPIODirModeSet                           0x00000405   Thumb Code    40  gpio.o(i.GPIODirModeSet)
    GPIOIntClear                             0x0000042d   Thumb Code     6  gpio.o(i.GPIOIntClear)
    GPIOIntDisable                           0x00000433   Thumb Code    14  gpio.o(i.GPIOIntDisable)
    GPIOIntEnable                            0x00000441   Thumb Code    14  gpio.o(i.GPIOIntEnable)
    GPIOIntStatus                            0x0000044f   Thumb Code    14  gpio.o(i.GPIOIntStatus)
    GPIOIntTypeSet                           0x0000045d   Thumb Code    80  gpio.o(i.GPIOIntTypeSet)
    GPIOPadConfigSet                         0x000004ad   Thumb Code   314  gpio.o(i.GPIOPadConfigSet)
    GPIOPinConfigure                         0x000005e9   Thumb Code    64  gpio.o(i.GPIOPinConfigure)
    GPIOPinTypeGPIOInput                     0x00000631   Thumb Code    28  gpio.o(i.GPIOPinTypeGPIOInput)
    GPIOPinTypeSSI                           0x0000064d   Thumb Code    28  gpio.o(i.GPIOPinTypeSSI)
    GPIOPinTypeUART                          0x00000669   Thumb Code    28  gpio.o(i.GPIOPinTypeUART)
    GPIOPinWrite                             0x00000685   Thumb Code     6  gpio.o(i.GPIOPinWrite)
    GetStartResponseConvert                  0x0000068b   Thumb Code    68  device.o(i.GetStartResponseConvert)
    IntEnable                                0x000006d1   Thumb Code    92  interrupt.o(i.IntEnable)
    IntMasterEnable                          0x00000735   Thumb Code    14  interrupt.o(i.IntMasterEnable)
    LED_Init                                 0x0000076d   Thumb Code    78  led.o(i.LED_Init)
    LED_RedToggle                            0x000007d1   Thumb Code    12  led.o(i.LED_RedToggle)
    MQTTDeserialize_connack                  0x000007e1   Thumb Code    90  mqttconnectclient.o(i.MQTTDeserialize_connack)
    MQTTDeserialize_publish                  0x0000083b   Thumb Code   140  mqttdeserializepublish.o(i.MQTTDeserialize_publish)
    MQTTDeserialize_suback                   0x000008c7   Thumb Code   124  mqttsubscribeclient.o(i.MQTTDeserialize_suback)
    MQTTPacket_decode                        0x00000943   Thumb Code    54  mqttpacket.o(i.MQTTPacket_decode)
    MQTTPacket_decodeBuf                     0x00000979   Thumb Code    10  mqttpacket.o(i.MQTTPacket_decodeBuf)
    MQTTPacket_encode                        0x0000098d   Thumb Code    40  mqttpacket.o(i.MQTTPacket_encode)
    MQTTPacket_len                           0x000009b5   Thumb Code    34  mqttpacket.o(i.MQTTPacket_len)
    MQTTPacket_read                          0x000009dd   Thumb Code    76  mqttpacket.o(i.MQTTPacket_read)
    MQTTSerialize_connect                    0x00000a29   Thumb Code   262  mqttconnectclient.o(i.MQTTSerialize_connect)
    MQTTSerialize_connectLength              0x00000b41   Thumb Code   118  mqttconnectclient.o(i.MQTTSerialize_connectLength)
    MQTTSerialize_publish                    0x00000bb7   Thumb Code   134  mqttserializepublish.o(i.MQTTSerialize_publish)
    MQTTSerialize_publishLength              0x00000c3d   Thumb Code    30  mqttserializepublish.o(i.MQTTSerialize_publishLength)
    MQTTSerialize_subscribe                  0x00000c5b   Thumb Code   140  mqttsubscribeclient.o(i.MQTTSerialize_subscribe)
    MQTTSerialize_subscribeLength            0x00000ce7   Thumb Code    44  mqttsubscribeclient.o(i.MQTTSerialize_subscribeLength)
    MQTTstrlen                               0x00000d13   Thumb Code    14  mqttpacket.o(i.MQTTstrlen)
    SSIConfigSetExpClk                       0x00000d21   Thumb Code    74  ssi.o(i.SSIConfigSetExpClk)
    SSIDataGetNonBlocking                    0x00000d6b   Thumb Code    20  ssi.o(i.SSIDataGetNonBlocking)
    SSIDataPutNonBlocking                    0x00000d7f   Thumb Code    16  ssi.o(i.SSIDataPutNonBlocking)
    SSIEnable                                0x00000d8f   Thumb Code    10  ssi.o(i.SSIEnable)
    SimpleLinkHttpServerCallback             0x00000d99   Thumb Code     6  main.o(i.SimpleLinkHttpServerCallback)
    SimpleLinkNetAppEventHandler             0x00000dc5   Thumb Code    24  main.o(i.SimpleLinkNetAppEventHandler)
    SimpleLinkWlanEventHandler               0x00000e05   Thumb Code    50  main.o(i.SimpleLinkWlanEventHandler)
    SysCtlClockGet                           0x00000ed5   Thumb Code   314  sysctl.o(i.SysCtlClockGet)
    SysCtlClockSet                           0x00001039   Thumb Code   270  sysctl.o(i.SysCtlClockSet)
    SysCtlPeripheralEnable                   0x00001159   Thumb Code    36  sysctl.o(i.SysCtlPeripheralEnable)
    UARTFlushRx                              0x00001181   Thumb Code    36  uartstdio.o(i.UARTFlushRx)
    UARTFlushTx                              0x000011a9   Thumb Code    52  uartstdio.o(i.UARTFlushTx)
    UARTStdioConfig                          0x00001259   Thumb Code   142  uartstdio.o(i.UARTStdioConfig)
    UARTStdioIntHandler                      0x000012f1   Thumb Code   248  uartstdio.o(i.UARTStdioIntHandler)
    UART_Init                                0x000013f9   Thumb Code    54  main.o(i.UART_Init)
    UARTprintf                               0x0000143d   Thumb Code    18  uartstdio.o(i.UARTprintf)
    UARTvprintf                              0x00001451   Thumb Code   420  uartstdio.o(i.UARTvprintf)
    UARTwrite                                0x00001605   Thumb Code   134  uartstdio.o(i.UARTwrite)
    _SlAsyncEventGenericHandler              0x00001695   Thumb Code   750  driver.o(i._SlAsyncEventGenericHandler)
    _SlDrvBasicCmd                           0x00001989   Thumb Code    40  driver.o(i._SlDrvBasicCmd)
    _SlDrvClassifyRxMsg                      0x000019b1   Thumb Code   124  driver.o(i._SlDrvClassifyRxMsg)
    _SlDrvCmdOp                              0x00001a41   Thumb Code    80  driver.o(i._SlDrvCmdOp)
    _SlDrvCmdSend                            0x00001a95   Thumb Code    24  driver.o(i._SlDrvCmdSend)
    _SlDrvDataReadOp                         0x00001ab1   Thumb Code   324  driver.o(i._SlDrvDataReadOp)
    _SlDrvDataWriteOp                        0x00001bfd   Thumb Code   272  driver.o(i._SlDrvDataWriteOp)
    _SlDrvDeviceEventHandler                 0x00001d11   Thumb Code    26  device.o(i._SlDrvDeviceEventHandler)
    _SlDrvDriverCBDeinit                     0x00001d2d   Thumb Code    92  driver.o(i._SlDrvDriverCBDeinit)
    _SlDrvDriverCBInit                       0x00001d8d   Thumb Code   134  driver.o(i._SlDrvDriverCBInit)
    _SlDrvFlowContDeinit                     0x00001e1d   Thumb Code    40  flowcont.o(i._SlDrvFlowContDeinit)
    _SlDrvFlowContInit                       0x00001e49   Thumb Code    42  flowcont.o(i._SlDrvFlowContInit)
    _SlDrvMsgRead                            0x00001e79   Thumb Code   840  driver.o(i._SlDrvMsgRead)
    _SlDrvMsgReadCmdCtx                      0x000021c9   Thumb Code   158  driver.o(i._SlDrvMsgReadCmdCtx)
    _SlDrvMsgReadSpawnCtx                    0x00002271   Thumb Code   138  driver.o(i._SlDrvMsgReadSpawnCtx)
    _SlDrvMsgWrite                           0x00002301   Thumb Code   232  driver.o(i._SlDrvMsgWrite)
    _SlDrvNetAppEventHandler                 0x000023f1   Thumb Code   202  netapp.o(i._SlDrvNetAppEventHandler)
    _SlDrvObjDeInit                          0x000024bd   Thumb Code    18  driver.o(i._SlDrvObjDeInit)
    _SlDrvObjInit                            0x000024d5   Thumb Code    56  driver.o(i._SlDrvObjInit)
    _SlDrvReleasePoolObj                     0x00002511   Thumb Code   222  driver.o(i._SlDrvReleasePoolObj)
    _SlDrvRxHdrRead                          0x000025f5   Thumb Code   280  driver.o(i._SlDrvRxHdrRead)
    _SlDrvRxIrqHandler                       0x0000271d   Thumb Code    54  driver.o(i._SlDrvRxIrqHandler)
    _SlDrvShiftDWord                         0x0000275d   Thumb Code    22  driver.o(i._SlDrvShiftDWord)
    _SlDrvWaitForPoolObj                     0x00002775   Thumb Code   254  driver.o(i._SlDrvWaitForPoolObj)
    _SlFindAndSetActiveObj                   0x00002879   Thumb Code   144  driver.o(i._SlFindAndSetActiveObj)
    _SlNonOsMainLoopTask                     0x00002911   Thumb Code    54  nonos.o(i._SlNonOsMainLoopTask)
    _SlNonOsSemGet                           0x00002951   Thumb Code    50  nonos.o(i._SlNonOsSemGet)
    _SlNonOsSemSet                           0x00002983   Thumb Code     6  nonos.o(i._SlNonOsSemSet)
    _SlNonOsSpawn                            0x00002989   Thumb Code    30  nonos.o(i._SlNonOsSpawn)
    _SlRemoveFromList                        0x000029ad   Thumb Code    84  driver.o(i._SlRemoveFromList)
    __scatterload_copy                       0x00002a05   Thumb Code    14  handlers.o(i.__scatterload_copy)
    __scatterload_null                       0x00002a13   Thumb Code     2  handlers.o(i.__scatterload_null)
    __scatterload_zeroinit                   0x00002a15   Thumb Code    14  handlers.o(i.__scatterload_zeroinit)
    _sl_BuildAddress                         0x00002a23   Thumb Code    38  socket.o(i._sl_BuildAddress)
    _sl_HandleAsync_Accept                   0x00002a49   Thumb Code   110  socket.o(i._sl_HandleAsync_Accept)
    _sl_HandleAsync_Connect                  0x00002abd   Thumb Code   120  socket.o(i._sl_HandleAsync_Connect)
    _sl_HandleAsync_DnsGetHostByName         0x00002b39   Thumb Code   110  netapp.o(i._sl_HandleAsync_DnsGetHostByName)
    _sl_HandleAsync_DnsGetHostByService      0x00002bad   Thumb Code   100  netapp.o(i._sl_HandleAsync_DnsGetHostByService)
    _sl_HandleAsync_InitComplete             0x00002c15   Thumb Code   126  device.o(i._sl_HandleAsync_InitComplete)
    _sl_HandleAsync_PingResponse             0x00002c99   Thumb Code   120  netapp.o(i._sl_HandleAsync_PingResponse)
    _sl_HandleAsync_Select                   0x00002d19   Thumb Code    94  socket.o(i._sl_HandleAsync_Select)
    _sl_HandleAsync_Stop                     0x00002d7d   Thumb Code    90  device.o(i._sl_HandleAsync_Stop)
    _sl_TruncatePayloadByProtocol            0x00002ddd   Thumb Code    84  socket.o(i._sl_TruncatePayloadByProtocol)
    bufchar                                  0x00002e31   Thumb Code    28  mqttpacket.o(i.bufchar)
    getdata                                  0x00002f61   Thumb Code    14  main.o(i.getdata)
    initClk                                  0x00002f75   Thumb Code    20  board.o(i.initClk)
    main                                     0x00002f8d   Thumb Code   466  main.o(i.main)
    readChar                                 0x0000321d   Thumb Code    12  mqttpacket.o(i.readChar)
    readInt                                  0x00003229   Thumb Code    18  mqttpacket.o(i.readInt)
    readMQTTLenString                        0x0000323b   Thumb Code    52  mqttpacket.o(i.readMQTTLenString)
    registerInterruptHandler                 0x00003271   Thumb Code     8  board.o(i.registerInterruptHandler)
    sl_Connect                               0x0000327d   Thumb Code   224  socket.o(i.sl_Connect)
    sl_DevGet                                0x00003369   Thumb Code   104  device.o(i.sl_DevGet)
    sl_Htonl                                 0x000033d9   Thumb Code    40  socket.o(i.sl_Htonl)
    sl_Htons                                 0x00003401   Thumb Code    48  socket.o(i.sl_Htons)
    sl_NetAppMDNSRegisterUnregisterService   0x00003431   Thumb Code   120  netapp.o(i.sl_NetAppMDNSRegisterUnregisterService)
    sl_NetAppMDNSUnRegisterService           0x000034ad   Thumb Code    18  netapp.o(i.sl_NetAppMDNSUnRegisterService)
    sl_NetAppSendTokenValue                  0x000034c1   Thumb Code    74  netapp.o(i.sl_NetAppSendTokenValue)
    sl_NetCfgSet                             0x00003511   Thumb Code    58  netcfg.o(i.sl_NetCfgSet)
    sl_Recv                                  0x00003551   Thumb Code    58  socket.o(i.sl_Recv)
    sl_Send                                  0x00003591   Thumb Code   162  socket.o(i.sl_Send)
    sl_Socket                                0x0000363d   Thumb Code    42  socket.o(i.sl_Socket)
    sl_Start                                 0x0000366d   Thumb Code   170  device.o(i.sl_Start)
    sl_Stop                                  0x00003725   Thumb Code   186  device.o(i.sl_Stop)
    sl_WlanConnect                           0x000037ed   Thumb Code   414  wlan.o(i.sl_WlanConnect)
    sl_WlanDisconnect                        0x00003991   Thumb Code     8  wlan.o(i.sl_WlanDisconnect)
    sl_WlanPolicySet                         0x00003999   Thumb Code    52  wlan.o(i.sl_WlanPolicySet)
    sl_WlanProfileDel                        0x000039d1   Thumb Code    26  wlan.o(i.sl_WlanProfileDel)
    sl_WlanSet                               0x000039f1   Thumb Code    60  wlan.o(i.sl_WlanSet)
    sl_WlanSetMode                           0x00003a31   Thumb Code    26  wlan.o(i.sl_WlanSetMode)
    spi_Close                                0x00003a51   Thumb Code    10  spi.o(i.spi_Close)
    spi_Open                                 0x00003a5d   Thumb Code   214  spi.o(i.spi_Open)
    spi_Read                                 0x00003b5d   Thumb Code    78  spi.o(i.spi_Read)
    spi_Write                                0x00003bb5   Thumb Code    76  spi.o(i.spi_Write)
    writeCString                             0x00003c09   Thumb Code    40  mqttpacket.o(i.writeCString)
    writeChar                                0x00003c31   Thumb Code    12  mqttpacket.o(i.writeChar)
    writeInt                                 0x00003c3d   Thumb Code    30  mqttpacket.o(i.writeInt)
    writeMQTTString                          0x00003c5b   Thumb Code    54  mqttpacket.o(i.writeMQTTString)
    _SlStopCmdCtrl                           0x00003ce8   Data           4  device.o(.constdata)
    _SlEventMaskSetCmdCtrl                   0x00003cec   Data           4  device.o(.constdata)
    _SlEventMaskGetCmdCtrl                   0x00003cf0   Data           4  device.o(.constdata)
    _SlDeviceGetCmdCtrl                      0x00003cf4   Data           4  device.o(.constdata)
    _SlDeviceSetCmdCtrl                      0x00003cf8   Data           4  device.o(.constdata)
    g_H2NSyncPattern                         0x00003cfc   Data           8  driver.o(.constdata)
    g_H2NCnysPattern                         0x00003d04   Data           8  driver.o(.constdata)
    _SlActionLookupTable                     0x00003d0c   Data          56  driver.o(.constdata)
    _SlNetAppStartCtrl                       0x00003d44   Data           4  netapp.o(.constdata)
    _SlNetAppStopCtrl                        0x00003d48   Data           4  netapp.o(.constdata)
    _SlGetServiceListeCtrl                   0x00003d4c   Data           4  netapp.o(.constdata)
    _SlRegisterServiceCtrl                   0x00003d50   Data           4  netapp.o(.constdata)
    _SlGetHostByServiceCtrl                  0x00003d54   Data           4  netapp.o(.constdata)
    _SlGetHostByNameCtrl                     0x00003d58   Data           4  netapp.o(.constdata)
    _SlNetAppSetCmdCtrl                      0x00003d5c   Data           4  netapp.o(.constdata)
    _SlNetAppSendTokenValueCmdCtrl           0x00003d60   Data           4  netapp.o(.constdata)
    _SlNetAppGetCmdCtrl                      0x00003d64   Data           4  netapp.o(.constdata)
    _SlNetCfgSetCmdCtrl                      0x00003d6c   Data           4  netcfg.o(.constdata)
    _SlNetCfgGetCmdCtrl                      0x00003d70   Data           4  netcfg.o(.constdata)
    _SlSockSocketCmdCtrl                     0x00003d74   Data           4  socket.o(.constdata)
    _SlSockCloseCmdCtrl                      0x00003d78   Data           4  socket.o(.constdata)
    _SlRecvfomCmdCtrl                        0x00003d7c   Data           4  socket.o(.constdata)
    _SlSendCmdCtrl                           0x00003d80   Data           4  socket.o(.constdata)
    _SlListenCmdCtrl                         0x00003d84   Data           4  socket.o(.constdata)
    _SlAcceptCmdCtrl                         0x00003d88   Data           4  socket.o(.constdata)
    _SlRecvCmdCtrl                           0x00003d8c   Data           4  socket.o(.constdata)
    _SlSetSockOptCmdCtrl                     0x00003d90   Data           4  socket.o(.constdata)
    _SlGetSockOptCmdCtrl                     0x00003d94   Data           4  socket.o(.constdata)
    _SlSelectCmdCtrl                         0x00003d98   Data           4  socket.o(.constdata)
    _SlPolicySetCmdCtrl                      0x00003da4   Data           4  wlan.o(.constdata)
    _SlPolicyGetCmdCtrl                      0x00003da8   Data           4  wlan.o(.constdata)
    _SlProfileGetCmdCtrl                     0x00003dac   Data           4  wlan.o(.constdata)
    _SlProfileDelCmdCtrl                     0x00003db0   Data           4  wlan.o(.constdata)
    _SlWlanGetNetworkListCtrl                0x00003db4   Data           4  wlan.o(.constdata)
    _SlRxFilterAddtCmdCtrl                   0x00003db8   Data           4  wlan.o(.constdata)
    _SlRxFilterSetCmdCtrl                    0x00003dbc   Data           4  wlan.o(.constdata)
    _SlRxFilterGetCmdCtrl                    0x00003dc0   Data           4  wlan.o(.constdata)
    _SlSmartConfigStartCmdCtrl               0x00003dc4   Data           4  wlan.o(.constdata)
    _SlWlanSetModeCmdCtrl                    0x00003dc8   Data           4  wlan.o(.constdata)
    _SlWlanCfgSetCmdCtrl                     0x00003dcc   Data           4  wlan.o(.constdata)
    _SlWlanCfgGetCmdCtrl                     0x00003dd0   Data           4  wlan.o(.constdata)
    Region$$Table$$Base                      0x000042f4   Number         0  anon$$obj.o(Region$$Table)
    Region$$Table$$Limit                     0x00004314   Number         0  anon$$obj.o(Region$$Table)
    g_Status                                 0x20000000   Data           4  main.o(.data)
    DestinationIP                            0x20000004   Data           4  main.o(.data)
    SockID                                   0x20000008   Data           4  main.o(.data)
    mysock                                   0x2000000c   Data           4  main.o(.data)
    IntIsMasked                              0x20000010   Data           1  board.o(.data)
    pIrqEventHandler                         0x20000014   Data           4  board.o(.data)
    g_pCB                                    0x20000018   Data           4  driver.o(.data)
    pPingCallBackFunc                        0x2000001c   Data           4  driver.o(.data)
    Recvbuff                                 0x20000040   Data        1024  main.o(.bss)
    SendBuff                                 0x20000440   Data         512  main.o(.bss)
    HostName                                 0x20000640   Data          40  main.o(.bss)
    g_StatMem                                0x20000668   Data         356  driver.o(.bss)
    g__SlNonOsCB                             0x200007cc   Data          40  nonos.o(.bss)
    __initial_sp                             0x20004c78   Data           0  startup_rvmdk.o(STACK)



==============================================================================

Memory Map of the image

  Image Entry point : 0x0000026d

  Load Region LR_IROM (Base: 0x00000000, Size: 0x00004354, Max: 0x00040000, ABSOLUTE)

    Execution Region ER_IROM (Base: 0x00000000, Size: 0x00004314, Max: 0x00040000, ABSOLUTE)

    Base Addr    Size         Type   Attr      Idx    E Section Name        Object

    0x00000000   0x00000288   Code   RO         1158  * RESET               startup_rvmdk.o
    0x00000288   0x00000000   Code   RO         3242  * .ARM.Collect$$$$00000000  mc_w.l(entry.o)
    0x00000288   0x00000004   Code   RO         3518    .ARM.Collect$$$$00000001  mc_w.l(entry2.o)
    0x0000028c   0x00000004   Code   RO         3521    .ARM.Collect$$$$00000004  mc_w.l(entry5.o)
    0x00000290   0x00000000   Code   RO         3523    .ARM.Collect$$$$00000008  mc_w.l(entry7b.o)
    0x00000290   0x00000000   Code   RO         3525    .ARM.Collect$$$$0000000A  mc_w.l(entry8b.o)
    0x00000290   0x00000008   Code   RO         3526    .ARM.Collect$$$$0000000B  mc_w.l(entry9a.o)
    0x00000298   0x00000000   Code   RO         3528    .ARM.Collect$$$$0000000D  mc_w.l(entry10a.o)
    0x00000298   0x00000000   Code   RO         3530    .ARM.Collect$$$$0000000F  mc_w.l(entry11a.o)
    0x00000298   0x00000004   Code   RO         3519    .ARM.Collect$$$$00002712  mc_w.l(entry2.o)
    0x0000029c   0x00000006   Code   RO         2601    .emb_text           driverlib.lib(sysctl.o)
    0x000002a2   0x00000002   PAD
    0x000002a4   0x00000026   Code   RO         3232    .emb_text           driverlib.lib(cpu.o)
    0x000002ca   0x00000024   Code   RO         3245    .text               mc_w.l(memcpya.o)
    0x000002ee   0x00000024   Code   RO         3247    .text               mc_w.l(memseta.o)
    0x00000312   0x0000000e   Code   RO         3249    .text               mc_w.l(strlen.o)
    0x00000320   0x00000024   Code   RO         3550    .text               mc_w.l(init.o)
    0x00000344   0x0000000c   Code   RO          190    i.CC3100_InterruptDisable  board.o
    0x00000350   0x0000000c   Code   RO          191    i.CC3100_InterruptEnable  board.o
    0x0000035c   0x00000014   Code   RO          192    i.CC3100_disable    board.o
    0x00000370   0x00000014   Code   RO          193    i.CC3100_enable     board.o
    0x00000384   0x0000001a   Code   RO          781    i.CopyPingResultsToReport  netapp.o
    0x0000039e   0x00000012   Code   RO            1    i.Crash             main.o
    0x000003b0   0x00000010   Code   RO         1945    i.FPUEnable         driverlib.lib(fpu.o)
    0x000003c0   0x00000010   Code   RO         1948    i.FPULazyStackingEnable  driverlib.lib(fpu.o)
    0x000003d0   0x00000034   Code   RO          195    i.GPIOB_intHandler  board.o
    0x00000404   0x00000028   Code   RO         2021    i.GPIODirModeSet    driverlib.lib(gpio.o)
    0x0000042c   0x00000006   Code   RO         2022    i.GPIOIntClear      driverlib.lib(gpio.o)
    0x00000432   0x0000000e   Code   RO         2023    i.GPIOIntDisable    driverlib.lib(gpio.o)
    0x00000440   0x0000000e   Code   RO         2024    i.GPIOIntEnable     driverlib.lib(gpio.o)
    0x0000044e   0x0000000e   Code   RO         2026    i.GPIOIntStatus     driverlib.lib(gpio.o)
    0x0000045c   0x00000050   Code   RO         2028    i.GPIOIntTypeSet    driverlib.lib(gpio.o)
    0x000004ac   0x0000013a   Code   RO         2031    i.GPIOPadConfigSet  driverlib.lib(gpio.o)
    0x000005e6   0x00000002   PAD
    0x000005e8   0x00000048   Code   RO         2032    i.GPIOPinConfigure  driverlib.lib(gpio.o)
    0x00000630   0x0000001c   Code   RO         2041    i.GPIOPinTypeGPIOInput  driverlib.lib(gpio.o)
    0x0000064c   0x0000001c   Code   RO         2055    i.GPIOPinTypeSSI    driverlib.lib(gpio.o)
    0x00000668   0x0000001c   Code   RO         2057    i.GPIOPinTypeUART   driverlib.lib(gpio.o)
    0x00000684   0x00000006   Code   RO         2063    i.GPIOPinWrite      driverlib.lib(gpio.o)
    0x0000068a   0x00000044   Code   RO          436    i.GetStartResponseConvert  device.o
    0x000006ce   0x00000002   PAD
    0x000006d0   0x00000064   Code   RO         2337    i.IntEnable         driverlib.lib(interrupt.o)
    0x00000734   0x0000000e   Code   RO         2340    i.IntMasterEnable   driverlib.lib(interrupt.o)
    0x00000742   0x00000010   Code   RO         1290    i.IsBufferEmpty     uartstdio.o
    0x00000752   0x0000001a   Code   RO         1291    i.IsBufferFull      uartstdio.o
    0x0000076c   0x00000064   Code   RO          381    i.LED_Init          led.o
    0x000007d0   0x00000010   Code   RO          384    i.LED_RedToggle     led.o
    0x000007e0   0x0000005a   Code   RO         1529    i.MQTTDeserialize_connack  mqttconnectclient.o
    0x0000083a   0x0000008c   Code   RO         1624    i.MQTTDeserialize_publish  mqttdeserializepublish.o
    0x000008c6   0x0000007c   Code   RO         1860    i.MQTTDeserialize_suback  mqttsubscribeclient.o
    0x00000942   0x00000036   Code   RO         1710    i.MQTTPacket_decode  mqttpacket.o
    0x00000978   0x00000014   Code   RO         1711    i.MQTTPacket_decodeBuf  mqttpacket.o
    0x0000098c   0x00000028   Code   RO         1712    i.MQTTPacket_encode  mqttpacket.o
    0x000009b4   0x00000028   Code   RO         1714    i.MQTTPacket_len    mqttpacket.o
    0x000009dc   0x0000004c   Code   RO         1715    i.MQTTPacket_read   mqttpacket.o
    0x00000a28   0x00000118   Code   RO         1530    i.MQTTSerialize_connect  mqttconnectclient.o
    0x00000b40   0x00000076   Code   RO         1531    i.MQTTSerialize_connectLength  mqttconnectclient.o
    0x00000bb6   0x00000086   Code   RO         1821    i.MQTTSerialize_publish  mqttserializepublish.o
    0x00000c3c   0x0000001e   Code   RO         1822    i.MQTTSerialize_publishLength  mqttserializepublish.o
    0x00000c5a   0x0000008c   Code   RO         1861    i.MQTTSerialize_subscribe  mqttsubscribeclient.o
    0x00000ce6   0x0000002c   Code   RO         1862    i.MQTTSerialize_subscribeLength  mqttsubscribeclient.o
    0x00000d12   0x0000000e   Code   RO         1717    i.MQTTstrlen        mqttpacket.o
    0x00000d20   0x0000004a   Code   RO         2457    i.SSIConfigSetExpClk  driverlib.lib(ssi.o)
    0x00000d6a   0x00000014   Code   RO         2461    i.SSIDataGetNonBlocking  driverlib.lib(ssi.o)
    0x00000d7e   0x00000010   Code   RO         2463    i.SSIDataPutNonBlocking  driverlib.lib(ssi.o)
    0x00000d8e   0x0000000a   Code   RO         2465    i.SSIEnable         driverlib.lib(ssi.o)
    0x00000d98   0x0000002c   Code   RO            3    i.SimpleLinkHttpServerCallback  main.o
    0x00000dc4   0x00000040   Code   RO            4    i.SimpleLinkNetAppEventHandler  main.o
    0x00000e04   0x000000d0   Code   RO            6    i.SimpleLinkWlanEventHandler  main.o
    0x00000ed4   0x00000164   Code   RO         2604    i.SysCtlClockGet    driverlib.lib(sysctl.o)
    0x00001038   0x00000120   Code   RO         2606    i.SysCtlClockSet    driverlib.lib(sysctl.o)
    0x00001158   0x00000028   Code   RO         2635    i.SysCtlPeripheralEnable  driverlib.lib(sysctl.o)
    0x00001180   0x00000028   Code   RO         1293    i.UARTFlushRx       uartstdio.o
    0x000011a8   0x00000038   Code   RO         1294    i.UARTFlushTx       uartstdio.o
    0x000011e0   0x00000078   Code   RO         1297    i.UARTPrimeTransmit  uartstdio.o
    0x00001258   0x00000098   Code   RO         1299    i.UARTStdioConfig   uartstdio.o
    0x000012f0   0x00000108   Code   RO         1300    i.UARTStdioIntHandler  uartstdio.o
    0x000013f8   0x00000044   Code   RO            7    i.UART_Init         main.o
    0x0000143c   0x00000012   Code   RO         1304    i.UARTprintf        uartstdio.o
    0x0000144e   0x00000002   PAD
    0x00001450   0x000001b4   Code   RO         1305    i.UARTvprintf       uartstdio.o
    0x00001604   0x00000090   Code   RO         1306    i.UARTwrite         uartstdio.o
    0x00001694   0x000002f4   Code   RO          560    i._SlAsyncEventGenericHandler  driver.o
    0x00001988   0x00000028   Code   RO          561    i._SlDrvBasicCmd    driver.o
    0x000019b0   0x00000090   Code   RO          562    i._SlDrvClassifyRxMsg  driver.o
    0x00001a40   0x00000054   Code   RO          563    i._SlDrvCmdOp       driver.o
    0x00001a94   0x0000001c   Code   RO          564    i._SlDrvCmdSend     driver.o
    0x00001ab0   0x0000014c   Code   RO          565    i._SlDrvDataReadOp  driver.o
    0x00001bfc   0x00000114   Code   RO          566    i._SlDrvDataWriteOp  driver.o
    0x00001d10   0x0000001a   Code   RO          437    i._SlDrvDeviceEventHandler  device.o
    0x00001d2a   0x00000002   PAD
    0x00001d2c   0x00000060   Code   RO          567    i._SlDrvDriverCBDeinit  driver.o
    0x00001d8c   0x00000090   Code   RO          568    i._SlDrvDriverCBInit  driver.o
    0x00001e1c   0x0000002c   Code   RO          706    i._SlDrvFlowContDeinit  flowcont.o
    0x00001e48   0x00000030   Code   RO          707    i._SlDrvFlowContInit  flowcont.o
    0x00001e78   0x00000350   Code   RO          569    i._SlDrvMsgRead     driver.o
    0x000021c8   0x000000a8   Code   RO          570    i._SlDrvMsgReadCmdCtx  driver.o
    0x00002270   0x00000090   Code   RO          571    i._SlDrvMsgReadSpawnCtx  driver.o
    0x00002300   0x000000f0   Code   RO          572    i._SlDrvMsgWrite    driver.o
    0x000023f0   0x000000ca   Code   RO          782    i._SlDrvNetAppEventHandler  netapp.o
    0x000024ba   0x00000002   PAD
    0x000024bc   0x00000018   Code   RO          573    i._SlDrvObjDeInit   driver.o
    0x000024d4   0x0000003c   Code   RO          574    i._SlDrvObjInit     driver.o
    0x00002510   0x000000e4   Code   RO          575    i._SlDrvReleasePoolObj  driver.o
    0x000025f4   0x00000128   Code   RO          576    i._SlDrvRxHdrRead   driver.o
    0x0000271c   0x00000040   Code   RO          577    i._SlDrvRxIrqHandler  driver.o
    0x0000275c   0x00000016   Code   RO          578    i._SlDrvShiftDWord  driver.o
    0x00002772   0x00000002   PAD
    0x00002774   0x00000104   Code   RO          579    i._SlDrvWaitForPoolObj  driver.o
    0x00002878   0x00000098   Code   RO          580    i._SlFindAndSetActiveObj  driver.o
    0x00002910   0x00000040   Code   RO          919    i._SlNonOsMainLoopTask  nonos.o
    0x00002950   0x00000032   Code   RO          920    i._SlNonOsSemGet    nonos.o
    0x00002982   0x00000006   Code   RO          921    i._SlNonOsSemSet    nonos.o
    0x00002988   0x00000024   Code   RO          922    i._SlNonOsSpawn     nonos.o
    0x000029ac   0x00000058   Code   RO          581    i._SlRemoveFromList  driver.o
    0x00002a04   0x0000000e   Code   RO         3564    i.__scatterload_copy  mc_w.l(handlers.o)
    0x00002a12   0x00000002   Code   RO         3565    i.__scatterload_null  mc_w.l(handlers.o)
    0x00002a14   0x0000000e   Code   RO         3566    i.__scatterload_zeroinit  mc_w.l(handlers.o)
    0x00002a22   0x00000026   Code   RO          956    i._sl_BuildAddress  socket.o
    0x00002a48   0x00000074   Code   RO          957    i._sl_HandleAsync_Accept  socket.o
    0x00002abc   0x0000007c   Code   RO          958    i._sl_HandleAsync_Connect  socket.o
    0x00002b38   0x00000074   Code   RO          784    i._sl_HandleAsync_DnsGetHostByName  netapp.o
    0x00002bac   0x00000068   Code   RO          785    i._sl_HandleAsync_DnsGetHostByService  netapp.o
    0x00002c14   0x00000084   Code   RO          438    i._sl_HandleAsync_InitComplete  device.o
    0x00002c98   0x00000080   Code   RO          786    i._sl_HandleAsync_PingResponse  netapp.o
    0x00002d18   0x00000064   Code   RO          959    i._sl_HandleAsync_Select  socket.o
    0x00002d7c   0x00000060   Code   RO          439    i._sl_HandleAsync_Stop  device.o
    0x00002ddc   0x00000054   Code   RO          961    i._sl_TruncatePayloadByProtocol  socket.o
    0x00002e30   0x00000020   Code   RO         1718    i.bufchar           mqttpacket.o
    0x00002e50   0x00000110   Code   RO            8    i.configureSimpleLinkToDefaultState  main.o
    0x00002f60   0x00000014   Code   RO            9    i.getdata           main.o
    0x00002f74   0x00000018   Code   RO          199    i.initClk           board.o
    0x00002f8c   0x00000290   Code   RO           10    i.main              main.o
    0x0000321c   0x0000000c   Code   RO         1720    i.readChar          mqttpacket.o
    0x00003228   0x00000012   Code   RO         1721    i.readInt           mqttpacket.o
    0x0000323a   0x00000034   Code   RO         1722    i.readMQTTLenString  mqttpacket.o
    0x0000326e   0x00000002   PAD
    0x00003270   0x0000000c   Code   RO          200    i.registerInterruptHandler  board.o
    0x0000327c   0x000000ec   Code   RO          965    i.sl_Connect        socket.o
    0x00003368   0x00000070   Code   RO          440    i.sl_DevGet         device.o
    0x000033d8   0x00000028   Code   RO          967    i.sl_Htonl          socket.o
    0x00003400   0x00000030   Code   RO          968    i.sl_Htons          socket.o
    0x00003430   0x0000007c   Code   RO          792    i.sl_NetAppMDNSRegisterUnregisterService  netapp.o
    0x000034ac   0x00000012   Code   RO          793    i.sl_NetAppMDNSUnRegisterService  netapp.o
    0x000034be   0x00000002   PAD
    0x000034c0   0x00000050   Code   RO          795    i.sl_NetAppSendTokenValue  netapp.o
    0x00003510   0x00000040   Code   RO          899    i.sl_NetCfgSet      netcfg.o
    0x00003550   0x00000040   Code   RO          970    i.sl_Recv           socket.o
    0x00003590   0x000000ac   Code   RO          973    i.sl_Send           socket.o
    0x0000363c   0x00000030   Code   RO          976    i.sl_Socket         socket.o
    0x0000366c   0x000000b8   Code   RO          444    i.sl_Start          device.o
    0x00003724   0x000000c8   Code   RO          445    i.sl_Stop           device.o
    0x000037ec   0x000001a4   Code   RO         1166    i.sl_WlanConnect    wlan.o
    0x00003990   0x00000008   Code   RO         1167    i.sl_WlanDisconnect  wlan.o
    0x00003998   0x00000038   Code   RO         1171    i.sl_WlanPolicySet  wlan.o
    0x000039d0   0x00000020   Code   RO         1173    i.sl_WlanProfileDel  wlan.o
    0x000039f0   0x00000040   Code   RO         1181    i.sl_WlanSet        wlan.o
    0x00003a30   0x00000020   Code   RO         1182    i.sl_WlanSetMode    wlan.o
    0x00003a50   0x0000000a   Code   RO         1117    i.spi_Close         spi.o
    0x00003a5a   0x00000002   PAD
    0x00003a5c   0x00000100   Code   RO         1118    i.spi_Open          spi.o
    0x00003b5c   0x00000058   Code   RO         1119    i.spi_Read          spi.o
    0x00003bb4   0x00000054   Code   RO         1120    i.spi_Write         spi.o
    0x00003c08   0x00000028   Code   RO         1723    i.writeCString      mqttpacket.o
    0x00003c30   0x0000000c   Code   RO         1724    i.writeChar         mqttpacket.o
    0x00003c3c   0x0000001e   Code   RO         1725    i.writeInt          mqttpacket.o
    0x00003c5a   0x00000036   Code   RO         1726    i.writeMQTTString   mqttpacket.o
    0x00003c90   0x00000058   Data   RO           12    .constdata          main.o
    0x00003ce8   0x00000014   Data   RO          447    .constdata          device.o
    0x00003cfc   0x00000048   Data   RO          583    .constdata          driver.o
    0x00003d44   0x00000028   Data   RO          799    .constdata          netapp.o
    0x00003d6c   0x00000008   Data   RO          900    .constdata          netcfg.o
    0x00003d74   0x00000030   Data   RO          977    .constdata          socket.o
    0x00003da4   0x00000034   Data   RO         1185    .constdata          wlan.o
    0x00003dd8   0x00000028   Data   RO         1308    .constdata          uartstdio.o
    0x00003e00   0x00000210   Data   RO         2064    .constdata          driverlib.lib(gpio.o)
    0x00004010   0x0000010c   Data   RO         2353    .constdata          driverlib.lib(interrupt.o)
    0x0000411c   0x000001c4   Data   RO         2656    .constdata          driverlib.lib(sysctl.o)
    0x000042e0   0x00000011   Data   RO         1309    .conststring        uartstdio.o
    0x000042f1   0x00000003   PAD
    0x000042f4   0x00000020   Data   RO         3562    Region$$Table       anon$$obj.o


    Execution Region RW_IRAM (Base: 0x20000000, Size: 0x00004c78, Max: 0x00008000, ABSOLUTE)

    Base Addr    Size         Type   Attr      Idx    E Section Name        Object

    0x20000000   0x00000010   Data   RW           14    .data               main.o
    0x20000010   0x00000008   Data   RW          202    .data               board.o
    0x20000018   0x00000004   Data   RW          584    .data               driver.o
    0x2000001c   0x00000004   Data   RW          585    .data               driver.o
    0x20000020   0x0000001c   Data   RW         1310    .data               uartstdio.o
    0x2000003c   0x00000004   Data   RW         1727    .data               mqttpacket.o
    0x20000040   0x00000628   Zero   RW           11    .bss                main.o
    0x20000668   0x00000164   Zero   RW          582    .bss                driver.o
    0x200007cc   0x00000028   Zero   RW          923    .bss                nonos.o
    0x200007f4   0x00000480   Zero   RW         1307    .bss                uartstdio.o
    0x20000c74   0x00000004   PAD
    0x20000c78   0x00004000   Zero   RW         1156    STACK               startup_rvmdk.o


==============================================================================

Image component sizes


      Code (inc. data)   RO Data    RW Data    ZI Data      Debug   Object Name

       152         32          0          8          0       4279   board.o
       818         48         20          0          0      75501   device.o
      4494        152         72          8        356      25621   driver.o
        92         10          0          0          0       1228   flowcont.o
       116         26          0          0          0        927   led.o
      1350        466         88         16       1576      44194   main.o
       488         18          0          0          0       5676   mqttconnectclient.o
       140          0          0          0          0       1498   mqttdeserializepublish.o
       494         20          0          4          0       9946   mqttpacket.o
       164          0          0          0          0       2342   mqttserializepublish.o
       308          0          0          0          0       3479   mqttsubscribeclient.o
       798         28         40          0          0       9710   netapp.o
        64          6          8          0          0       1745   netcfg.o
         0          0          0          0          0       3064   nokia5110.o
       156         16          0          0         40       3924   nonos.o
      1070         62         48          0          0      11006   socket.o
       438         60          0          0          0       2946   spi.o
       648        622          0          0      16384        296   startup_rvmdk.o
      1272         72         57         28       1152      10039   uartstdio.o
       612         26         52          0          0       7494   wlan.o

    ----------------------------------------------------------------------
     13690       1664        420         64      19512     224915   Object Totals
         0          0         32          0          0          0   (incl. Generated)
        16          0          3          0          4          0   (incl. Padding)

    ----------------------------------------------------------------------

      Code (inc. data)   RO Data    RW Data    ZI Data      Debug   Library Member Name

        38          0          0          0          0        504   cpu.o
        32          8          0          0          0       3548   fpu.o
       644          8        528          0          0       6797   gpio.o
       114          8        268          0          0       1774   interrupt.o
       120          0          0          0          0       2749   ssi.o
       690         64        452          0          0       3951   sysctl.o
         0          0          0          0          0          0   entry.o
         0          0          0          0          0          0   entry10a.o
         0          0          0          0          0          0   entry11a.o
         8          4          0          0          0          0   entry2.o
         4          0          0          0          0          0   entry5.o
         0          0          0          0          0          0   entry7b.o
         0          0          0          0          0          0   entry8b.o
         8          4          0          0          0          0   entry9a.o
        30          0          0          0          0          0   handlers.o
        36          8          0          0          0         68   init.o
        36          0          0          0          0         68   memcpya.o
        36          0          0          0          0        108   memseta.o
        14          0          0          0          0         68   strlen.o

    ----------------------------------------------------------------------
      1814        104       1248          0          0      19635   Library Totals
         4          0          0          0          0          0   (incl. Padding)

    ----------------------------------------------------------------------

      Code (inc. data)   RO Data    RW Data    ZI Data      Debug   Library Name

      1638         88       1248          0          0      19323   driverlib.lib
       172         16          0          0          0        312   mc_w.l

    ----------------------------------------------------------------------
      1814        104       1248          0          0      19635   Library Totals

    ----------------------------------------------------------------------

==============================================================================


      Code (inc. data)   RO Data    RW Data    ZI Data      Debug   

     15504       1768       1668         64      19512     231602   Grand Totals
     15504       1768       1668         64      19512     231602   ELF Image Totals
     15504       1768       1668         64          0          0   ROM Totals

==============================================================================

    Total RO  Size (Code + RO Data)                17172 (  16.77kB)
    Total RW  Size (RW Data + ZI Data)             19576 (  19.12kB)
    Total ROM Size (Code + RO Data + RW Data)      17236 (  16.83kB)

==============================================================================

