<html>
<body>
<pre>
<h1>µVision Build Log</h1>
<h2>Tool Versions:</h2>
IDE-Version: µVision V5.21.1.0
Copyright (C) 2016 ARM Ltd and ARM Germany GmbH. All rights reserved.
License Information: Yuttanant Suwansiri, edX UT.6.01x, LIC=----
 
Tool Versions:
Toolchain:       MDK-Lite  Version: 5.21a
Toolchain Path:  C:\Keil_v5\ARM\ARMCC\Bin
C Compiler:      Armcc.exe V5.06 update 3 (build 300)
Assembler:       Armasm.exe V5.06 update 3 (build 300)
Linker/Locator:  ArmLink.exe V5.06 update 3 (build 300)
Library Manager: ArmAr.exe V5.06 update 3 (build 300)
Hex Converter:   FromElf.exe V5.06 update 3 (build 300)
CPU DLL:         SARMCM3.DLL V5.21a
Dialog DLL:      DCM.DLL V1.13.8.0
Target DLL:      lmidk-agdi.dll V???
Dialog DLL:      TCM.DLL V1.14.14.0
 
<h2>Project:</h2>
C:\Keil\Labware\CC3100GetWeather_4C123 - mqtt - send - receive - test\getWeather.uvprojx
Project File Date:  12/03/2016

<h2>Output:</h2>
*** Using Compiler 'V5.06 update 3 (build 300)', folder: 'C:\Keil_v5\ARM\ARMCC\Bin'
Build target 'getWeather'
compiling main.c...
main.c(317): warning:  #550-D: variable "rc" was set but never used
                        int rc;
main.c(330): warning:  #111-D: statement is unreachable
        UARTprintf("disconnecting\n");
main.c(221): warning:  #177-D: variable "ASize" was declared but never referenced
    char *pConfig = NULL; INT32 ASize = 0; SlSockAddrIn_t  Addr;
main.c(221): warning:  #177-D: variable "Addr" was declared but never referenced
    char *pConfig = NULL; INT32 ASize = 0; SlSockAddrIn_t  Addr;
main.c(240): warning:  #550-D: variable "rc" was set but never used
        int rc = 0;
main.c: 5 warnings, 0 errors
linking...
Program Size: Code=15504 RO-data=1668 RW-data=64 ZI-data=19512  
After Build - User command #1: fromelf --bin --output .\rvmdk\cc31000_starter.bin .\rvmdk\cc31000_starter.axf
".\rvmdk\getWeather.axf" - 0 Error(s), 5 Warning(s).

<h2>Software Packages used:</h2>

Package Vendor: ARM
                http://www.keil.com/pack/ARM.CMSIS.4.5.0.pack
                ARM::CMSIS:CORE:4.3.0
                CMSIS (Cortex Microcontroller Software Interface Standard)
   * Component: CORE Version: 4.3.0

<h2>Collection of Component include folders:</h2>
  C:\Keil\Labware\CC3100GetWeather_4C123 - mqtt - send - receive - test\RTE
  C:\Keil_v5\ARM\PACK\ARM\CMSIS\4.5.0\CMSIS\Include
  C:\Keil_v5\ARM\PACK\Keil\TM4C_DFP\1.1.0\Device\Include\TM4C123

<h2>Collection of Component Files used:</h2>

   * Component: ARM::CMSIS:CORE:4.3.0
Build Time Elapsed:  00:00:02
</pre>
</body>
</html>
