Component: ARM Compiler 5.06 update 3 (build 300) Tool: armlink [4d35c9]

==============================================================================

Section Cross References

    main.o(i.Crash) refers to led.o(i.LED_RedToggle) for LED_RedToggle
    main.o(i.SimpleLinkGeneralEventHandler) refers to uartstdio.o(i.UARTprintf) for UARTprintf
    main.o(i.SimpleLinkHttpServerCallback) refers to uartstdio.o(i.UARTprintf) for UARTprintf
    main.o(i.SimpleLinkNetAppEventHandler) refers to uartstdio.o(i.UARTprintf) for UARTprintf
    main.o(i.SimpleLinkNetAppEventHandler) refers to main.o(.data) for .data
    main.o(i.SimpleLinkSockEventHandler) refers to uartstdio.o(i.UARTprintf) for UARTprintf
    main.o(i.SimpleLinkSockEventHandler) refers to main.o(.conststring) for .conststring
    main.o(i.SimpleLinkWlanEventHandler) refers to uartstdio.o(i.UARTprintf) for UARTprintf
    main.o(i.SimpleLinkWlanEventHandler) refers to main.o(.data) for .data
    main.o(i.UART_Init) refers to sysctl.o(i.SysCtlPeripheralEnable) for SysCtlPeripheralEnable
    main.o(i.UART_Init) refers to gpio.o(i.GPIOPinConfigure) for GPIOPinConfigure
    main.o(i.UART_Init) refers to gpio.o(i.GPIOPinTypeUART) for GPIOPinTypeUART
    main.o(i.UART_Init) refers to uartstdio.o(i.UARTStdioConfig) for UARTStdioConfig
    main.o(i.configureSimpleLinkToDefaultState) refers to memseta.o(.text) for __aeabi_memclr4
    main.o(i.configureSimpleLinkToDefaultState) refers to device.o(i.sl_Start) for sl_Start
    main.o(i.configureSimpleLinkToDefaultState) refers to wlan.o(i.sl_WlanSetMode) for sl_WlanSetMode
    main.o(i.configureSimpleLinkToDefaultState) refers to device.o(i.sl_Stop) for sl_Stop
    main.o(i.configureSimpleLinkToDefaultState) refers to device.o(i.sl_DevGet) for sl_DevGet
    main.o(i.configureSimpleLinkToDefaultState) refers to wlan.o(i.sl_WlanPolicySet) for sl_WlanPolicySet
    main.o(i.configureSimpleLinkToDefaultState) refers to wlan.o(i.sl_WlanProfileDel) for sl_WlanProfileDel
    main.o(i.configureSimpleLinkToDefaultState) refers to wlan.o(i.sl_WlanDisconnect) for sl_WlanDisconnect
    main.o(i.configureSimpleLinkToDefaultState) refers to netcfg.o(i.sl_NetCfgSet) for sl_NetCfgSet
    main.o(i.configureSimpleLinkToDefaultState) refers to wlan.o(i.sl_WlanSet) for sl_WlanSet
    main.o(i.configureSimpleLinkToDefaultState) refers to netapp.o(i.sl_NetAppMDNSUnRegisterService) for sl_NetAppMDNSUnRegisterService
    main.o(i.configureSimpleLinkToDefaultState) refers to main.o(.data) for .data
    main.o(i.configureSimpleLinkToDefaultState) refers to main.o(.bss) for .bss
    main.o(i.main) refers to board.o(i.initClk) for initClk
    main.o(i.main) refers to main.o(i.UART_Init) for UART_Init
    main.o(i.main) refers to led.o(i.LED_Init) for LED_Init
    main.o(i.main) refers to uartstdio.o(i.UARTprintf) for UARTprintf
    main.o(i.main) refers to main.o(i.configureSimpleLinkToDefaultState) for configureSimpleLinkToDefaultState
    main.o(i.main) refers to device.o(i.sl_Start) for sl_Start
    main.o(i.main) refers to main.o(i.Crash) for Crash
    main.o(i.main) refers to wlan.o(i.sl_WlanConnect) for sl_WlanConnect
    main.o(i.main) refers to nonos.o(i._SlNonOsMainLoopTask) for _SlNonOsMainLoopTask
    main.o(i.main) refers to strcpy.o(.text) for strcpy
    main.o(i.main) refers to strlen.o(.text) for strlen
    main.o(i.main) refers to netapp.o(i.sl_NetAppDnsGetHostByName) for sl_NetAppDnsGetHostByName
    main.o(i.main) refers to socket.o(i.sl_Htons) for sl_Htons
    main.o(i.main) refers to socket.o(i.sl_Htonl) for sl_Htonl
    main.o(i.main) refers to socket.o(i.sl_Socket) for sl_Socket
    main.o(i.main) refers to socket.o(i.sl_Connect) for sl_Connect
    main.o(i.main) refers to memcpya.o(.text) for __aeabi_memcpy4
    main.o(i.main) refers to mqttconnectclient.o(i.MQTTSerialize_connect) for MQTTSerialize_connect
    main.o(i.main) refers to mqttserializepublish.o(i.MQTTSerialize_publish) for MQTTSerialize_publish
    main.o(i.main) refers to mqttconnectclient.o(i.MQTTSerialize_disconnect) for MQTTSerialize_disconnect
    main.o(i.main) refers to socket.o(i.sl_Send) for sl_Send
    main.o(i.main) refers to led.o(i.Board_Input) for Board_Input
    main.o(i.main) refers to led.o(i.LED_GreenOff) for LED_GreenOff
    main.o(i.main) refers to main.o(.data) for .data
    main.o(i.main) refers to main.o(.bss) for .bss
    main.o(i.main) refers to main.o(.constdata) for .constdata
    board.o(i.CC3100_InterruptDisable) refers to gpio.o(i.GPIOIntDisable) for GPIOIntDisable
    board.o(i.CC3100_InterruptEnable) refers to gpio.o(i.GPIOIntEnable) for GPIOIntEnable
    board.o(i.GPIOB_intHandler) refers to gpio.o(i.GPIOIntStatus) for GPIOIntStatus
    board.o(i.GPIOB_intHandler) refers to gpio.o(i.GPIOIntClear) for GPIOIntClear
    board.o(i.GPIOB_intHandler) refers to board.o(.data) for .data
    board.o(i.MaskIntHdlr) refers to board.o(.data) for .data
[...]
    Removing startup_rvmdk.o(HEAP), (0 bytes).
    Removing startup_rvmdk.o(.text), (0 bytes).
    Removing wlan.o(i.sl_WlanGet), (116 bytes).
    Removing wlan.o(i.sl_WlanGetNetworkList), (68 bytes).
    Removing wlan.o(i.sl_WlanPolicyGet), (116 bytes).
    Removing wlan.o(i.sl_WlanProfileAdd), (436 bytes).
    Removing wlan.o(i.sl_WlanProfileGet), (172 bytes).
    Removing wlan.o(i.sl_WlanRxFilterAdd), (88 bytes).
    Removing wlan.o(i.sl_WlanRxFilterGet), (84 bytes).
    Removing wlan.o(i.sl_WlanRxFilterSet), (52 bytes).
    Removing wlan.o(i.sl_WlanRxStatGet), (40 bytes).
    Removing wlan.o(i.sl_WlanRxStatStart), (8 bytes).
    Removing wlan.o(i.sl_WlanRxStatStop), (8 bytes).
    Removing wlan.o(i.sl_WlanSmartConfigStart), (108 bytes).
    Removing wlan.o(i.sl_WlanSmartConfigStop), (8 bytes).
    Removing uartstdio.o(i.GetBufferCount), (18 bytes).
    Removing uartstdio.o(i.UARTEchoSet), (16 bytes).
    Removing uartstdio.o(i.UARTOutString), (52 bytes).
    Removing uartstdio.o(i.UARTPeek), (60 bytes).
    Removing uartstdio.o(i.UARTRxBytesAvail), (16 bytes).
    Removing uartstdio.o(i.UARTTxBytesFree), (24 bytes).
    Removing uartstdio.o(i.UARTgetc), (44 bytes).
    Removing uartstdio.o(i.UARTgets), (100 bytes).
    Removing ustdlib.o(i.ucmptime), (82 bytes).
    Removing ustdlib.o(i.ulocaltime), (164 bytes).
    Removing ustdlib.o(i.umktime), (58 bytes).
    Removing ustdlib.o(i.urand), (28 bytes).
    Removing ustdlib.o(i.usnprintf), (18 bytes).
    Removing ustdlib.o(i.usprintf), (22 bytes).
    Removing ustdlib.o(i.usrand), (12 bytes).
    Removing ustdlib.o(i.ustrcasecmp), (8 bytes).
    Removing ustdlib.o(i.ustrcmp), (8 bytes).
    Removing ustdlib.o(i.ustrlen), (16 bytes).
    Removing ustdlib.o(i.ustrncasecmp), (70 bytes).
    Removing ustdlib.o(i.ustrncmp), (46 bytes).
    Removing ustdlib.o(i.ustrncpy), (36 bytes).
    Removing ustdlib.o(i.ustrstr), (42 bytes).
    Removing ustdlib.o(i.ustrtof), (316 bytes).
    Removing ustdlib.o(i.ustrtoul), (158 bytes).
    Removing ustdlib.o(i.uvsnprintf), (592 bytes).
    Removing ustdlib.o(.constdata), (76 bytes).
    Removing ustdlib.o(.conststring), (17 bytes).
    Removing ustdlib.o(.data), (4 bytes).
    Removing mqttconnectclient.o(i.MQTTDeserialize_connack), (90 bytes).
    Removing mqttconnectclient.o(i.MQTTSerialize_pingreq), (6 bytes).
    Removing mqttconnectserver.o(i.MQTTDeserialize_connect), (248 bytes).
    Removing mqttconnectserver.o(i.MQTTPacket_checkVersion), (68 bytes).
    Removing mqttconnectserver.o(i.MQTTSerialize_connack), (84 bytes).
    Removing mqttdeserializepublish.o(i.MQTTDeserialize_ack), (72 bytes).
    Removing mqttdeserializepublish.o(i.MQTTDeserialize_publish), (140 bytes).
    Removing mqttformat.o(i.MQTTFormat_toClientString), (324 bytes).
    Removing mqttformat.o(i.MQTTFormat_toServerString), (360 bytes).
    Removing mqttformat.o(i.MQTTPacket_getName), (12 bytes).
    Removing mqttformat.o(i.MQTTStringFormat_ack), (84 bytes).
    Removing mqttformat.o(i.MQTTStringFormat_connack), (48 bytes).
    Removing mqttformat.o(i.MQTTStringFormat_connect), (176 bytes).
    Removing mqttformat.o(i.MQTTStringFormat_publish), (80 bytes).
    Removing mqttformat.o(i.MQTTStringFormat_suback), (68 bytes).
    Removing mqttformat.o(i.MQTTStringFormat_subscribe), (100 bytes).
    Removing mqttformat.o(i.MQTTStringFormat_unsubscribe), (88 bytes).
    Removing mqttformat.o(.conststring), (383 bytes).
    Removing mqttformat.o(.data), (60 bytes).
    Removing mqttpacket.o(i.MQTTPacket_decode), (54 bytes).
    Removing mqttpacket.o(i.MQTTPacket_decodeBuf), (20 bytes).
    Removing mqttpacket.o(i.MQTTPacket_equals), (54 bytes).
    Removing mqttpacket.o(i.MQTTPacket_read), (76 bytes).
    Removing mqttpacket.o(i.MQTTPacket_readnb), (218 bytes).
    Removing mqttpacket.o(i.bufchar), (32 bytes).
    Removing mqttpacket.o(i.getLenStringLen), (10 bytes).
    Removing mqttpacket.o(i.readChar), (12 bytes).
    Removing mqttpacket.o(i.readInt), (18 bytes).
    Removing mqttpacket.o(i.readMQTTLenString), (52 bytes).
    Removing mqttpacket.o(.data), (4 bytes).
    Removing mqttserializepublish.o(i.MQTTSerialize_ack), (72 bytes).
    Removing mqttserializepublish.o(i.MQTTSerialize_puback), (14 bytes).
    Removing mqttserializepublish.o(i.MQTTSerialize_pubcomp), (14 bytes).
    Removing mqttserializepublish.o(i.MQTTSerialize_pubrel), (14 bytes).
    Removing mqttsubscribeclient.o(i.MQTTDeserialize_suback), (124 bytes).
    Removing mqttsubscribeclient.o(i.MQTTSerialize_subscribe), (140 bytes).
    Removing mqttsubscribeclient.o(i.MQTTSerialize_subscribeLength), (44 bytes).
    Removing mqttsubscribeserver.o(i.MQTTDeserialize_subscribe), (150 bytes).
    Removing mqttsubscribeserver.o(i.MQTTSerialize_suback), (86 bytes).
    Removing mqttunsubscribeclient.o(i.MQTTDeserialize_unsuback), (38 bytes).
    Removing mqttunsubscribeclient.o(i.MQTTSerialize_unsubscribe), (124 bytes).
    Removing mqttunsubscribeclient.o(i.MQTTSerialize_unsubscribeLength), (44 bytes).
    Removing mqttunsubscribeserver.o(i.MQTTDeserialize_unsubscribe), (126 bytes).
    Removing mqttunsubscribeserver.o(i.MQTTSerialize_unsuback), (62 bytes).
    Removing fpu.o(i.FPUDisable), (16 bytes).
    Removing fpu.o(i.FPUFlushToZeroModeSet), (20 bytes).
    Removing fpu.o(i.FPUHalfPrecisionModeSet), (20 bytes).
    Removing fpu.o(i.FPUNaNModeSet), (20 bytes).
    Removing fpu.o(i.FPURoundingModeSet), (20 bytes).
    Removing fpu.o(i.FPUStackingDisable), (16 bytes).
    Removing fpu.o(i.FPUStackingEnable), (20 bytes).
    Removing gpio.o(i.GPIOADCTriggerDisable), (14 bytes).
    Removing gpio.o(i.GPIOADCTriggerEnable), (14 bytes).
    Removing gpio.o(i.GPIODMATriggerDisable), (14 bytes).
    Removing gpio.o(i.GPIODMATriggerEnable), (14 bytes).
    Removing gpio.o(i.GPIODirModeGet), (34 bytes).
    Removing gpio.o(i.GPIOIntRegister), (88 bytes).
    Removing gpio.o(i.GPIOIntTypeGet), (68 bytes).
    Removing gpio.o(i.GPIOIntUnregister), (88 bytes).
    Removing gpio.o(i.GPIOPadConfigGet), (204 bytes).
    Removing gpio.o(i.GPIOPinRead), (6 bytes).
    Removing gpio.o(i.GPIOPinTypeADC), (28 bytes).
    Removing gpio.o(i.GPIOPinTypeCAN), (28 bytes).
    Removing gpio.o(i.GPIOPinTypeCIR), (28 bytes).
    Removing gpio.o(i.GPIOPinTypeComparator), (28 bytes).
    Removing gpio.o(i.GPIOPinTypeEPI), (28 bytes).
    Removing gpio.o(i.GPIOPinTypeEthernetLED), (28 bytes).
    Removing gpio.o(i.GPIOPinTypeEthernetMII), (28 bytes).
    Removing gpio.o(i.GPIOPinTypeGPIOOutput), (28 bytes).
    Removing gpio.o(i.GPIOPinTypeGPIOOutputOD), (28 bytes).
    Removing gpio.o(i.GPIOPinTypeI2C), (28 bytes).
    Removing gpio.o(i.GPIOPinTypeI2CSCL), (28 bytes).
    Removing gpio.o(i.GPIOPinTypeKBColumn), (28 bytes).
    Removing gpio.o(i.GPIOPinTypeKBRow), (28 bytes).
    Removing gpio.o(i.GPIOPinTypeLCD), (28 bytes).
    Removing gpio.o(i.GPIOPinTypeLEDSeq), (28 bytes).
    Removing gpio.o(i.GPIOPinTypeLPC), (28 bytes).
    Removing gpio.o(i.GPIOPinTypePECIRx), (28 bytes).
    Removing gpio.o(i.GPIOPinTypePECITx), (28 bytes).
    Removing gpio.o(i.GPIOPinTypePWM), (28 bytes).
    Removing gpio.o(i.GPIOPinTypeQEI), (28 bytes).
    Removing gpio.o(i.GPIOPinTypeTimer), (28 bytes).
    Removing gpio.o(i.GPIOPinTypeUSBAnalog), (28 bytes).
    Removing gpio.o(i.GPIOPinTypeUSBDigital), (28 bytes).
    Removing gpio.o(i.GPIOPinTypeWakeHigh), (30 bytes).
    Removing gpio.o(i.GPIOPinTypeWakeLow), (30 bytes).
    Removing gpio.o(i.GPIOPinWakeStatus), (6 bytes).
    Removing interrupt.o(i.IntDisable), (100 bytes).
    Removing interrupt.o(i.IntIsEnabled), (96 bytes).
    Removing interrupt.o(i.IntMasterDisable), (14 bytes).
    Removing interrupt.o(i.IntPendClear), (68 bytes).
    Removing interrupt.o(i.IntPendSet), (84 bytes).
    Removing interrupt.o(i.IntPriorityGet), (28 bytes).
    Removing interrupt.o(i.IntPriorityGroupingGet), (36 bytes).
    Removing interrupt.o(i.IntPriorityGroupingSet), (28 bytes).
    Removing interrupt.o(i.IntPriorityMaskGet), (4 bytes).
    Removing interrupt.o(i.IntPriorityMaskSet), (4 bytes).
    Removing interrupt.o(i.IntPrioritySet), (40 bytes).
    Removing interrupt.o(i.IntRegister), (52 bytes).
    Removing interrupt.o(i.IntTrigger), (12 bytes).
    Removing interrupt.o(i.IntUnregister), (20 bytes).
    Removing interrupt.o(i._IntDefaultHandler), (2 bytes).
    Removing interrupt.o(vtable), (620 bytes).
    Removing ssi.o(i.SSIAdvDataPutFrameEnd), (20 bytes).
    Removing ssi.o(i.SSIAdvDataPutFrameEndNonBlocking), (26 bytes).
    Removing ssi.o(i.SSIAdvFrameHoldDisable), (10 bytes).
    Removing ssi.o(i.SSIAdvFrameHoldEnable), (10 bytes).
    Removing ssi.o(i.SSIAdvModeSet), (12 bytes).
    Removing ssi.o(i.SSIBusy), (8 bytes).
    Removing ssi.o(i.SSIClockSourceGet), (6 bytes).
    Removing ssi.o(i.SSIClockSourceSet), (6 bytes).
    Removing ssi.o(i.SSIDMADisable), (10 bytes).
    Removing ssi.o(i.SSIDMAEnable), (8 bytes).
    Removing ssi.o(i.SSIDataGet), (14 bytes).
    Removing ssi.o(i.SSIDataPut), (12 bytes).
    Removing ssi.o(i.SSIDisable), (10 bytes).
    Removing ssi.o(i.SSIIntClear), (4 bytes).
    Removing ssi.o(i.SSIIntDisable), (10 bytes).
    Removing ssi.o(i.SSIIntEnable), (8 bytes).
    Removing ssi.o(i.SSIIntRegister), (88 bytes).
    Removing ssi.o(i.SSIIntStatus), (10 bytes).
    Removing ssi.o(i.SSIIntUnregister), (88 bytes).
    Removing ssi.o(.constdata), (64 bytes).
    Removing sysctl.o(i.SysCtlAltClkConfig), (12 bytes).
    Removing sysctl.o(i.SysCtlClockFreqSet), (712 bytes).
    Removing sysctl.o(i.SysCtlClockOutConfig), (16 bytes).
    Removing sysctl.o(i.SysCtlDeepSleep), (32 bytes).
    Removing sysctl.o(i.SysCtlDeepSleepClockConfigSet), (112 bytes).
    Removing sysctl.o(i.SysCtlDeepSleepClockSet), (12 bytes).
    Removing sysctl.o(i.SysCtlDeepSleepPowerSet), (12 bytes).
    Removing sysctl.o(i.SysCtlFlashSectorSizeGet), (56 bytes).
    Removing sysctl.o(i.SysCtlFlashSizeGet), (56 bytes).
    Removing sysctl.o(i.SysCtlGPIOAHBDisable), (28 bytes).
    Removing sysctl.o(i.SysCtlGPIOAHBEnable), (24 bytes).
    Removing sysctl.o(i.SysCtlIntClear), (12 bytes).
    Removing sysctl.o(i.SysCtlIntDisable), (16 bytes).
    Removing sysctl.o(i.SysCtlIntEnable), (16 bytes).
    Removing sysctl.o(i.SysCtlIntRegister), (20 bytes).
    Removing sysctl.o(i.SysCtlIntStatus), (16 bytes).
    Removing sysctl.o(i.SysCtlIntUnregister), (18 bytes).
    Removing sysctl.o(i.SysCtlLDODeepSleepGet), (12 bytes).
    Removing sysctl.o(i.SysCtlLDODeepSleepSet), (12 bytes).
    Removing sysctl.o(i.SysCtlLDOSleepGet), (12 bytes).
    Removing sysctl.o(i.SysCtlLDOSleepSet), (12 bytes).
    Removing sysctl.o(i.SysCtlMOSCConfigSet), (12 bytes).
    Removing sysctl.o(i.SysCtlNMIClear), (16 bytes).
    Removing sysctl.o(i.SysCtlNMIStatus), (12 bytes).
    Removing sysctl.o(i.SysCtlPIOSCCalibrate), (76 bytes).
    Removing sysctl.o(i.SysCtlPWMClockGet), (24 bytes).
    Removing sysctl.o(i.SysCtlPWMClockSet), (20 bytes).
    Removing sysctl.o(i.SysCtlPeripheralClockGating), (68 bytes).
    Removing sysctl.o(i.SysCtlPeripheralDeepSleepDisable), (40 bytes).
    Removing sysctl.o(i.SysCtlPeripheralDeepSleepEnable), (40 bytes).
    Removing sysctl.o(i.SysCtlPeripheralDisable), (40 bytes).
    Removing sysctl.o(i.SysCtlPeripheralPowerOff), (40 bytes).
    Removing sysctl.o(i.SysCtlPeripheralPowerOn), (40 bytes).
    Removing sysctl.o(i.SysCtlPeripheralPresent), (44 bytes).
    Removing sysctl.o(i.SysCtlPeripheralReady), (44 bytes).
    Removing sysctl.o(i.SysCtlPeripheralReset), (60 bytes).
    Removing sysctl.o(i.SysCtlPeripheralSleepDisable), (40 bytes).
    Removing sysctl.o(i.SysCtlPeripheralSleepEnable), (40 bytes).
    Removing sysctl.o(i.SysCtlReset), (16 bytes).
    Removing sysctl.o(i.SysCtlResetBehaviorGet), (12 bytes).
    Removing sysctl.o(i.SysCtlResetBehaviorSet), (12 bytes).
    Removing sysctl.o(i.SysCtlResetCauseClear), (16 bytes).
    Removing sysctl.o(i.SysCtlResetCauseGet), (12 bytes).
    Removing sysctl.o(i.SysCtlSRAMSizeGet), (16 bytes).
    Removing sysctl.o(i.SysCtlSleep), (4 bytes).
    Removing sysctl.o(i.SysCtlSleepPowerSet), (12 bytes).
    Removing sysctl.o(i.SysCtlUSBPLLDisable), (16 bytes).
    Removing sysctl.o(i.SysCtlUSBPLLEnable), (16 bytes).
    Removing sysctl.o(i.SysCtlVoltageEventClear), (16 bytes).
    Removing sysctl.o(i.SysCtlVoltageEventConfig), (12 bytes).
    Removing sysctl.o(i.SysCtlVoltageEventStatus), (12 bytes).
    Removing uart.o(i.UART9BitAddrSend), (38 bytes).
    Removing uart.o(i.UART9BitAddrSet), (10 bytes).
    Removing uart.o(i.UART9BitDisable), (14 bytes).
    Removing uart.o(i.UART9BitEnable), (14 bytes).
    Removing uart.o(i.UARTBreakCtl), (18 bytes).
    Removing uart.o(i.UARTBusy), (8 bytes).
    Removing uart.o(i.UARTCharGet), (12 bytes).
    Removing uart.o(i.UARTCharGetNonBlocking), (16 bytes).
    Removing uart.o(i.UARTCharPut), (12 bytes).
    Removing uart.o(i.UARTCharPutNonBlocking), (16 bytes).
    Removing uart.o(i.UARTCharsAvail), (10 bytes).
    Removing uart.o(i.UARTClockSourceGet), (6 bytes).
    Removing uart.o(i.UARTClockSourceSet), (6 bytes).
    Removing uart.o(i.UARTConfigGetExpClk), (46 bytes).
    Removing uart.o(i.UARTConfigSetExpClk), (110 bytes).
    Removing uart.o(i.UARTDMADisable), (10 bytes).
    Removing uart.o(i.UARTDMAEnable), (8 bytes).
    Removing uart.o(i.UARTDisable), (30 bytes).
    Removing uart.o(i.UARTDisableSIR), (10 bytes).
    Removing uart.o(i.UARTEnable), (20 bytes).
    Removing uart.o(i.UARTEnableSIR), (18 bytes).
    Removing uart.o(i.UARTFIFODisable), (10 bytes).
    Removing uart.o(i.UARTFIFOEnable), (10 bytes).
    Removing uart.o(i.UARTFIFOLevelGet), (16 bytes).
    Removing uart.o(i.UARTFIFOLevelSet), (6 bytes).
    Removing uart.o(i.UARTFlowControlGet), (8 bytes).
    Removing uart.o(i.UARTFlowControlSet), (12 bytes).
    Removing uart.o(i.UARTIntClear), (4 bytes).
    Removing uart.o(i.UARTIntDisable), (10 bytes).
    Removing uart.o(i.UARTIntEnable), (8 bytes).
    Removing uart.o(i.UARTIntRegister), (88 bytes).
    Removing uart.o(i.UARTIntStatus), (10 bytes).
    Removing uart.o(i.UARTIntUnregister), (88 bytes).
    Removing uart.o(i.UARTModemControlClear), (14 bytes).
    Removing uart.o(i.UARTModemControlGet), (8 bytes).
    Removing uart.o(i.UARTModemControlSet), (12 bytes).
    Removing uart.o(i.UARTModemStatusGet), (10 bytes).
    Removing uart.o(i.UARTParityModeGet), (8 bytes).
    Removing uart.o(i.UARTParityModeSet), (12 bytes).
    Removing uart.o(i.UARTRxErrorClear), (6 bytes).
    Removing uart.o(i.UARTRxErrorGet), (8 bytes).
    Removing uart.o(i.UARTSmartCardDisable), (10 bytes).
    Removing uart.o(i.UARTSmartCardEnable), (22 bytes).
    Removing uart.o(i.UARTSpaceAvail), (10 bytes).
    Removing uart.o(i.UARTTxIntModeGet), (8 bytes).
    Removing uart.o(i.UARTTxIntModeSet), (12 bytes).
    Removing uart.o(.constdata), (128 bytes).
    Removing dadd.o(.text), (334 bytes).
    Removing dmul.o(.text), (228 bytes).
    Removing ddiv.o(.text), (222 bytes).
    Removing dfixul.o(.text), (48 bytes).
    Removing cdrcmple.o(.text), (48 bytes).
    Removing depilogue.o(.text), (186 bytes).

338 unused section(s) (total 20687 bytes) removed from the image.

==============================================================================

Image Symbol Table

    Local Symbols

    Symbol Name                              Value     Ov Type        Size  Object(Section)

    RESET                                    0x00000000   Section      648  startup_rvmdk.o(RESET)
    ../clib/microlib/division.c              0x00000000   Number         0  uidiv.o ABSOLUTE
    ../clib/microlib/division.c              0x00000000   Number         0  uldiv.o ABSOLUTE
    ../clib/microlib/init/entry.s            0x00000000   Number         0  entry9a.o ABSOLUTE
    ../clib/microlib/init/entry.s            0x00000000   Number         0  entry11b.o ABSOLUTE
    ../clib/microlib/init/entry.s            0x00000000   Number         0  entry10b.o ABSOLUTE
    ../clib/microlib/init/entry.s            0x00000000   Number         0  entry10a.o ABSOLUTE
    ../clib/microlib/init/entry.s            0x00000000   Number         0  entry7b.o ABSOLUTE
    ../clib/microlib/init/entry.s            0x00000000   Number         0  entry11a.o ABSOLUTE
    ../clib/microlib/init/entry.s            0x00000000   Number         0  entry9b.o ABSOLUTE
    ../clib/microlib/init/entry.s            0x00000000   Number         0  entry7a.o ABSOLUTE
    ../clib/microlib/init/entry.s            0x00000000   Number         0  entry5.o ABSOLUTE
    ../clib/microlib/init/entry.s            0x00000000   Number         0  entry8b.o ABSOLUTE
    ../clib/microlib/init/entry.s            0x00000000   Number         0  entry8a.o ABSOLUTE
    ../clib/microlib/init/entry.s            0x00000000   Number         0  entry2.o ABSOLUTE
    ../clib/microlib/init/entry.s            0x00000000   Number         0  entry.o ABSOLUTE
    ../clib/microlib/longlong.c              0x00000000   Number         0  llsshr.o ABSOLUTE
    ../clib/microlib/longlong.c              0x00000000   Number         0  llushr.o ABSOLUTE
    ../clib/microlib/longlong.c              0x00000000   Number         0  llshl.o ABSOLUTE
    ../clib/microlib/printf/printf.c         0x00000000   Number         0  printf2.o ABSOLUTE
    ../clib/microlib/printf/printf.c         0x00000000   Number         0  printf1.o ABSOLUTE
    ../clib/microlib/printf/printf.c         0x00000000   Number         0  printf4.o ABSOLUTE
    ../clib/microlib/printf/printf.c         0x00000000   Number         0  printf0.o ABSOLUTE
    ../clib/microlib/printf/printf.c         0x00000000   Number         0  printfb.o ABSOLUTE
    ../clib/microlib/printf/printf.c         0x00000000   Number         0  printfa.o ABSOLUTE
    ../clib/microlib/printf/printf.c         0x00000000   Number         0  printf3.o ABSOLUTE
    ../clib/microlib/printf/printf.c         0x00000000   Number         0  printf8.o ABSOLUTE
    ../clib/microlib/printf/printf.c         0x00000000   Number         0  printf7.o ABSOLUTE
    ../clib/microlib/printf/printf.c         0x00000000   Number         0  printf6.o ABSOLUTE
    ../clib/microlib/printf/printf.c         0x00000000   Number         0  printf5.o ABSOLUTE
    ../clib/microlib/printf/stubs.s          0x00000000   Number         0  stubs.o ABSOLUTE
    ../clib/microlib/stdio/fputc.c           0x00000000   Number         0  fputc.o ABSOLUTE
    ../clib/microlib/stdio/semi.s            0x00000000   Number         0  semi.o ABSOLUTE
    ../clib/microlib/stdio/streams.c         0x00000000   Number         0  stdout.o ABSOLUTE
    ../clib/microlib/string/memcmp.c         0x00000000   Number         0  memcmp.o ABSOLUTE
    ../clib/microlib/string/memcpy.c         0x00000000   Number         0  memcpya.o ABSOLUTE
    ../clib/microlib/string/memcpy.c         0x00000000   Number         0  memcpyb.o ABSOLUTE
    ../clib/microlib/string/memset.c         0x00000000   Number         0  memseta.o ABSOLUTE
    ../clib/microlib/string/strcpy.c         0x00000000   Number         0  strcpy.o ABSOLUTE
    ../clib/microlib/string/strlen.c         0x00000000   Number         0  strlen.o ABSOLUTE
    ../clib/microlib/string/strncmp.c        0x00000000   Number         0  strncmp.o ABSOLUTE
    ../clib/microlib/stubs.s                 0x00000000   Number         0  iusefp.o ABSOLUTE
    ../clib/microlib/stubs.s                 0x00000000   Number         0  iusesemip.o ABSOLUTE
    ../fplib/microlib/fpadd.c                0x00000000   Number         0  dadd.o ABSOLUTE
    ../fplib/microlib/fpdiv.c                0x00000000   Number         0  ddiv.o ABSOLUTE
    ../fplib/microlib/fpepilogue.c           0x00000000   Number         0  depilogue.o ABSOLUTE
    ../fplib/microlib/fpfix.c                0x00000000   Number         0  dfixul.o ABSOLUTE
    ../fplib/microlib/fpmul.c                0x00000000   Number         0  dmul.o ABSOLUTE
    ..\cc3100\platform\ek-tm4c123gxl\board.c 0x00000000   Number         0  board.o ABSOLUTE
    ..\cc3100\platform\ek-tm4c123gxl\spi.c   0x00000000   Number         0  spi.o ABSOLUTE
    ..\cc3100\platform\ek-tm4c123gxl\uart.c  0x00000000   Number         0  uart.o ABSOLUTE
    ..\cc3100\simplelink\source\device.c     0x00000000   Number         0  device.o ABSOLUTE
    ..\cc3100\simplelink\source\driver.c     0x00000000   Number         0  driver.o ABSOLUTE
    ..\cc3100\simplelink\source\flowcont.c   0x00000000   Number         0  flowcont.o ABSOLUTE
    ..\cc3100\simplelink\source\fs.c         0x00000000   Number         0  fs.o ABSOLUTE
    ..\cc3100\simplelink\source\netapp.c     0x00000000   Number         0  netapp.o ABSOLUTE
    ..\cc3100\simplelink\source\netcfg.c     0x00000000   Number         0  netcfg.o ABSOLUTE
    ..\cc3100\simplelink\source\nonos.c      0x00000000   Number         0  nonos.o ABSOLUTE
    ..\cc3100\simplelink\source\socket.c     0x00000000   Number         0  socket.o ABSOLUTE
    ..\cc3100\simplelink\source\spawn.c      0x00000000   Number         0  spawn.o ABSOLUTE
    ..\cc3100\simplelink\source\wlan.c       0x00000000   Number         0  wlan.o ABSOLUTE
    ..\utils\uartstdio.c                     0x00000000   Number         0  uartstdio.o ABSOLUTE
    ..\utils\ustdlib.c                       0x00000000   Number         0  ustdlib.o ABSOLUTE
    LED.c                                    0x00000000   Number         0  led.o ABSOLUTE
    Nokia5110.c                              0x00000000   Number         0  nokia5110.o ABSOLUTE
    cdrcmple.s                               0x00000000   Number         0  cdrcmple.o ABSOLUTE
    cpu.c                                    0x00000000   Number         0  cpu.o ABSOLUTE
    cpu.c                                    0x00000000   Number         0  cpu.o ABSOLUTE
    dc.s                                     0x00000000   Number         0  dc.o ABSOLUTE
    fpu.c                                    0x00000000   Number         0  fpu.o ABSOLUTE
    gpio.c                                   0x00000000   Number         0  gpio.o ABSOLUTE
    handlers.s                               0x00000000   Number         0  handlers.o ABSOLUTE
    init.s                                   0x00000000   Number         0  init.o ABSOLUTE
    interrupt.c                              0x00000000   Number         0  interrupt.o ABSOLUTE
    main.c                                   0x00000000   Number         0  main.o ABSOLUTE
    src\MQTTConnectClient.c                  0x00000000   Number         0  mqttconnectclient.o ABSOLUTE
    src\MQTTConnectServer.c                  0x00000000   Number         0  mqttconnectserver.o ABSOLUTE
    src\MQTTDeserializePublish.c             0x00000000   Number         0  mqttdeserializepublish.o ABSOLUTE
    src\MQTTFormat.c                         0x00000000   Number         0  mqttformat.o ABSOLUTE
    src\MQTTPacket.c                         0x00000000   Number         0  mqttpacket.o ABSOLUTE
    src\MQTTSerializePublish.c               0x00000000   Number         0  mqttserializepublish.o ABSOLUTE
    src\MQTTSubscribeClient.c                0x00000000   Number         0  mqttsubscribeclient.o ABSOLUTE
    src\MQTTSubscribeServer.c                0x00000000   Number         0  mqttsubscribeserver.o ABSOLUTE
    src\MQTTUnsubscribeClient.c              0x00000000   Number         0  mqttunsubscribeclient.o ABSOLUTE
    src\MQTTUnsubscribeServer.c              0x00000000   Number         0  mqttunsubscribeserver.o ABSOLUTE
    ssi.c                                    0x00000000   Number         0  ssi.o ABSOLUTE
    startup_rvmdk.S                          0x00000000   Number         0  startup_rvmdk.o ABSOLUTE
    sysctl.c                                 0x00000000   Number         0  sysctl.o ABSOLUTE
    sysctl.c                                 0x00000000   Number         0  sysctl.o ABSOLUTE
    uart.c                                   0x00000000   Number         0  uart.o ABSOLUTE
    $v0                                      0x0000026c   Number         0  startup_rvmdk.o(RESET)
    NmiSR                                    0x00000281   Thumb Code     0  startup_rvmdk.o(RESET)
    FaultISR                                 0x00000283   Thumb Code     0  startup_rvmdk.o(RESET)
    IntDefaultHandler                        0x00000285   Thumb Code     0  startup_rvmdk.o(RESET)
    .ARM.Collect$$$$00000000                 0x00000288   Section        0  entry.o(.ARM.Collect$$$$00000000)
    .ARM.Collect$$$$00000001                 0x00000288   Section        4  entry2.o(.ARM.Collect$$$$00000001)
    .ARM.Collect$$$$00000004                 0x0000028c   Section        4  entry5.o(.ARM.Collect$$$$00000004)
    .ARM.Collect$$$$00000008                 0x00000290   Section        0  entry7b.o(.ARM.Collect$$$$00000008)
    .ARM.Collect$$$$0000000A                 0x00000290   Section        0  entry8b.o(.ARM.Collect$$$$0000000A)
    .ARM.Collect$$$$0000000B                 0x00000290   Section        8  entry9a.o(.ARM.Collect$$$$0000000B)
    .ARM.Collect$$$$0000000D                 0x00000298   Section        0  entry10a.o(.ARM.Collect$$$$0000000D)
    .ARM.Collect$$$$0000000F                 0x00000298   Section        0  entry11a.o(.ARM.Collect$$$$0000000F)
    .ARM.Collect$$$$00002712                 0x00000298   Section        4  entry2.o(.ARM.Collect$$$$00002712)
    __lit__00000000                          0x00000298   Data           4  entry2.o(.ARM.Collect$$$$00002712)
    .emb_text                                0x0000029c   Section        6  sysctl.o(.emb_text)
    $v0                                      0x0000029c   Number         0  sysctl.o(.emb_text)
    .emb_text                                0x000002a4   Section       38  cpu.o(.emb_text)
    $v0                                      0x000002a4   Number         0  cpu.o(.emb_text)
    .text                                    0x000002ca   Section        0  memcpya.o(.text)
    .text                                    0x000002ee   Section        0  memseta.o(.text)
    .text                                    0x00000312   Section        0  strlen.o(.text)
    .text                                    0x00000320   Section        0  strcpy.o(.text)
    .text                                    0x00000334   Section       36  init.o(.text)
    i.Board_Input                            0x00000358   Section        0  led.o(i.Board_Input)
    i.CC3100_InterruptDisable                0x0000036c   Section        0  board.o(i.CC3100_InterruptDisable)
    i.CC3100_InterruptEnable                 0x00000378   Section        0  board.o(i.CC3100_InterruptEnable)
    i.CC3100_disable                         0x00000384   Section        0  board.o(i.CC3100_disable)
    i.CC3100_enable                          0x00000398   Section        0  board.o(i.CC3100_enable)
    i.CopyPingResultsToReport                0x000003ac   Section        0  netapp.o(i.CopyPingResultsToReport)
    i.Crash                                  0x000003c6   Section        0  main.o(i.Crash)
    i.FPUEnable                              0x000003d8   Section        0  fpu.o(i.FPUEnable)
    i.FPULazyStackingEnable                  0x000003e8   Section        0  fpu.o(i.FPULazyStackingEnable)
    i.GPIOB_intHandler                       0x000003f8   Section        0  board.o(i.GPIOB_intHandler)
    i.GPIODirModeSet                         0x0000042c   Section        0  gpio.o(i.GPIODirModeSet)
    i.GPIOIntClear                           0x00000454   Section        0  gpio.o(i.GPIOIntClear)
    i.GPIOIntDisable                         0x0000045a   Section        0  gpio.o(i.GPIOIntDisable)
    i.GPIOIntEnable                          0x00000468   Section        0  gpio.o(i.GPIOIntEnable)
    i.GPIOIntStatus                          0x00000476   Section        0  gpio.o(i.GPIOIntStatus)
    i.GPIOIntTypeSet                         0x00000484   Section        0  gpio.o(i.GPIOIntTypeSet)
    i.GPIOPadConfigSet                       0x000004d4   Section        0  gpio.o(i.GPIOPadConfigSet)
    i.GPIOPinConfigure                       0x00000610   Section        0  gpio.o(i.GPIOPinConfigure)
    i.GPIOPinTypeGPIOInput                   0x00000658   Section        0  gpio.o(i.GPIOPinTypeGPIOInput)
    i.GPIOPinTypeSSI                         0x00000674   Section        0  gpio.o(i.GPIOPinTypeSSI)
    i.GPIOPinTypeUART                        0x00000690   Section        0  gpio.o(i.GPIOPinTypeUART)
    i.GPIOPinWrite                           0x000006ac   Section        0  gpio.o(i.GPIOPinWrite)
    i.GetStartResponseConvert                0x000006b2   Section        0  device.o(i.GetStartResponseConvert)
    i.IntEnable                              0x000006f8   Section        0  interrupt.o(i.IntEnable)
    i.IntMasterEnable                        0x0000075c   Section        0  interrupt.o(i.IntMasterEnable)
    i.IsBufferEmpty                          0x0000076a   Section        0  uartstdio.o(i.IsBufferEmpty)
    IsBufferEmpty                            0x0000076b   Thumb Code    16  uartstdio.o(i.IsBufferEmpty)
    i.IsBufferFull                           0x0000077a   Section        0  uartstdio.o(i.IsBufferFull)
    IsBufferFull                             0x0000077b   Thumb Code    26  uartstdio.o(i.IsBufferFull)
    i.LED_GreenOff                           0x00000794   Section        0  led.o(i.LED_GreenOff)
    i.LED_Init                               0x000007a0   Section        0  led.o(i.LED_Init)
    i.LED_RedToggle                          0x00000804   Section        0  led.o(i.LED_RedToggle)
    i.MQTTPacket_encode                      0x00000814   Section        0  mqttpacket.o(i.MQTTPacket_encode)
    i.MQTTPacket_len                         0x0000083c   Section        0  mqttpacket.o(i.MQTTPacket_len)
    i.MQTTSerialize_connect                  0x00000864   Section        0  mqttconnectclient.o(i.MQTTSerialize_connect)
    i.MQTTSerialize_connectLength            0x0000097c   Section        0  mqttconnectclient.o(i.MQTTSerialize_connectLength)
    i.MQTTSerialize_disconnect               0x000009f2   Section        0  mqttconnectclient.o(i.MQTTSerialize_disconnect)
    i.MQTTSerialize_publish                  0x000009f8   Section        0  mqttserializepublish.o(i.MQTTSerialize_publish)
    i.MQTTSerialize_publishLength            0x00000a7e   Section        0  mqttserializepublish.o(i.MQTTSerialize_publishLength)
    i.MQTTSerialize_zero                     0x00000a9c   Section        0  mqttconnectclient.o(i.MQTTSerialize_zero)
    i.MQTTstrlen                             0x00000ace   Section        0  mqttpacket.o(i.MQTTstrlen)
    i.SSIConfigSetExpClk                     0x00000adc   Section        0  ssi.o(i.SSIConfigSetExpClk)
    i.SSIDataGetNonBlocking                  0x00000b26   Section        0  ssi.o(i.SSIDataGetNonBlocking)
    i.SSIDataPutNonBlocking                  0x00000b3a   Section        0  ssi.o(i.SSIDataPutNonBlocking)
    i.SSIEnable                              0x00000b4a   Section        0  ssi.o(i.SSIEnable)
    i.SimpleLinkHttpServerCallback           0x00000b54   Section        0  main.o(i.SimpleLinkHttpServerCallback)
    i.SimpleLinkNetAppEventHandler           0x00000b80   Section        0  main.o(i.SimpleLinkNetAppEventHandler)
    i.SimpleLinkWlanEventHandler             0x00000bc0   Section        0  main.o(i.SimpleLinkWlanEventHandler)
    i.SysCtlClockGet                         0x00000c90   Section        0  sysctl.o(i.SysCtlClockGet)
    i.SysCtlClockSet                         0x00000df4   Section        0  sysctl.o(i.SysCtlClockSet)
    i.SysCtlPeripheralEnable                 0x00000f14   Section        0  sysctl.o(i.SysCtlPeripheralEnable)
    i.UARTFlushRx                            0x00000f3c   Section        0  uartstdio.o(i.UARTFlushRx)
    i.UARTFlushTx                            0x00000f64   Section        0  uartstdio.o(i.UARTFlushTx)
    i.UARTPrimeTransmit                      0x00000f9c   Section        0  uartstdio.o(i.UARTPrimeTransmit)
    UARTPrimeTransmit                        0x00000f9d   Thumb Code   108  uartstdio.o(i.UARTPrimeTransmit)
    i.UARTStdioConfig                        0x00001014   Section        0  uartstdio.o(i.UARTStdioConfig)
    i.UARTStdioIntHandler                    0x000010ac   Section        0  uartstdio.o(i.UARTStdioIntHandler)
    i.UART_Init                              0x000011b4   Section        0  main.o(i.UART_Init)
    i.UARTprintf                             0x000011f8   Section        0  uartstdio.o(i.UARTprintf)
    i.UARTvprintf                            0x0000120c   Section        0  uartstdio.o(i.UARTvprintf)
    i.UARTwrite                              0x000013c0   Section        0  uartstdio.o(i.UARTwrite)
    i._SlAsyncEventGenericHandler            0x00001450   Section        0  driver.o(i._SlAsyncEventGenericHandler)
    i._SlDrvBasicCmd                         0x00001744   Section        0  driver.o(i._SlDrvBasicCmd)
    i._SlDrvClassifyRxMsg                    0x0000176c   Section        0  driver.o(i._SlDrvClassifyRxMsg)
    i._SlDrvCmdOp                            0x000017fc   Section        0  driver.o(i._SlDrvCmdOp)
    i._SlDrvCmdSend                          0x00001850   Section        0  driver.o(i._SlDrvCmdSend)
    i._SlDrvDataWriteOp                      0x0000186c   Section        0  driver.o(i._SlDrvDataWriteOp)
    i._SlDrvDeviceEventHandler               0x00001980   Section        0  device.o(i._SlDrvDeviceEventHandler)
    i._SlDrvDriverCBDeinit                   0x0000199c   Section        0  driver.o(i._SlDrvDriverCBDeinit)
    i._SlDrvDriverCBInit                     0x000019fc   Section        0  driver.o(i._SlDrvDriverCBInit)
    i._SlDrvFlowContDeinit                   0x00001a8c   Section        0  flowcont.o(i._SlDrvFlowContDeinit)
    i._SlDrvFlowContInit                     0x00001ab8   Section        0  flowcont.o(i._SlDrvFlowContInit)
    i._SlDrvMsgRead                          0x00001ae8   Section        0  driver.o(i._SlDrvMsgRead)
    i._SlDrvMsgReadCmdCtx                    0x00001e38   Section        0  driver.o(i._SlDrvMsgReadCmdCtx)
    i._SlDrvMsgReadSpawnCtx                  0x00001ee0   Section        0  driver.o(i._SlDrvMsgReadSpawnCtx)
    i._SlDrvMsgWrite                         0x00001f70   Section        0  driver.o(i._SlDrvMsgWrite)
    i._SlDrvNetAppEventHandler               0x00002060   Section        0  netapp.o(i._SlDrvNetAppEventHandler)
    i._SlDrvObjDeInit                        0x0000212c   Section        0  driver.o(i._SlDrvObjDeInit)
    i._SlDrvObjInit                          0x00002144   Section        0  driver.o(i._SlDrvObjInit)
    i._SlDrvReleasePoolObj                   0x00002180   Section        0  driver.o(i._SlDrvReleasePoolObj)
    i._SlDrvRxHdrRead                        0x00002264   Section        0  driver.o(i._SlDrvRxHdrRead)
    i._SlDrvRxIrqHandler                     0x0000238c   Section        0  driver.o(i._SlDrvRxIrqHandler)
    i._SlDrvShiftDWord                       0x000023cc   Section        0  driver.o(i._SlDrvShiftDWord)
    i._SlDrvWaitForPoolObj                   0x000023e4   Section        0  driver.o(i._SlDrvWaitForPoolObj)
    i._SlFindAndSetActiveObj                 0x000024e8   Section        0  driver.o(i._SlFindAndSetActiveObj)
    i._SlNonOsMainLoopTask                   0x00002580   Section        0  nonos.o(i._SlNonOsMainLoopTask)
    i._SlNonOsSemGet                         0x000025c0   Section        0  nonos.o(i._SlNonOsSemGet)
    i._SlNonOsSemSet                         0x000025f2   Section        0  nonos.o(i._SlNonOsSemSet)
    i._SlNonOsSpawn                          0x000025f8   Section        0  nonos.o(i._SlNonOsSpawn)
    i._SlRemoveFromList                      0x0000261c   Section        0  driver.o(i._SlRemoveFromList)
    i.__scatterload_copy                     0x00002674   Section       14  handlers.o(i.__scatterload_copy)
    i.__scatterload_null                     0x00002682   Section        2  handlers.o(i.__scatterload_null)
    i.__scatterload_zeroinit                 0x00002684   Section       14  handlers.o(i.__scatterload_zeroinit)
    i._sl_BuildAddress                       0x00002692   Section        0  socket.o(i._sl_BuildAddress)
    i._sl_HandleAsync_Accept                 0x000026b8   Section        0  socket.o(i._sl_HandleAsync_Accept)
    i._sl_HandleAsync_Connect                0x0000272c   Section        0  socket.o(i._sl_HandleAsync_Connect)
    i._sl_HandleAsync_DnsGetHostByName       0x000027a8   Section        0  netapp.o(i._sl_HandleAsync_DnsGetHostByName)
    i._sl_HandleAsync_DnsGetHostByService    0x0000281c   Section        0  netapp.o(i._sl_HandleAsync_DnsGetHostByService)
    i._sl_HandleAsync_InitComplete           0x00002884   Section        0  device.o(i._sl_HandleAsync_InitComplete)
    i._sl_HandleAsync_PingResponse           0x00002908   Section        0  netapp.o(i._sl_HandleAsync_PingResponse)
    i._sl_HandleAsync_Select                 0x00002988   Section        0  socket.o(i._sl_HandleAsync_Select)
    i._sl_HandleAsync_Stop                   0x000029ec   Section        0  device.o(i._sl_HandleAsync_Stop)
    i._sl_TruncatePayloadByProtocol          0x00002a4c   Section        0  socket.o(i._sl_TruncatePayloadByProtocol)
    i.configureSimpleLinkToDefaultState      0x00002aa0   Section        0  main.o(i.configureSimpleLinkToDefaultState)
    configureSimpleLinkToDefaultState        0x00002aa1   Thumb Code   252  main.o(i.configureSimpleLinkToDefaultState)
    i.initClk                                0x00002bb0   Section        0  board.o(i.initClk)
    i.main                                   0x00002bc8   Section        0  main.o(i.main)
    i.registerInterruptHandler               0x00002d80   Section        0  board.o(i.registerInterruptHandler)
    i.sl_Connect                             0x00002d8c   Section        0  socket.o(i.sl_Connect)
    i.sl_DevGet                              0x00002e78   Section        0  device.o(i.sl_DevGet)
    i.sl_Htonl                               0x00002ee8   Section        0  socket.o(i.sl_Htonl)
    i.sl_Htons                               0x00002f10   Section        0  socket.o(i.sl_Htons)
    i.sl_NetAppDnsGetHostByName              0x00002f40   Section        0  netapp.o(i.sl_NetAppDnsGetHostByName)
    i.sl_NetAppMDNSRegisterUnregisterService 0x00003018   Section        0  netapp.o(i.sl_NetAppMDNSRegisterUnregisterService)
    i.sl_NetAppMDNSUnRegisterService         0x00003094   Section        0  netapp.o(i.sl_NetAppMDNSUnRegisterService)
    i.sl_NetAppSendTokenValue                0x000030a8   Section        0  netapp.o(i.sl_NetAppSendTokenValue)
    i.sl_NetCfgSet                           0x000030f8   Section        0  netcfg.o(i.sl_NetCfgSet)
    i.sl_Send                                0x00003138   Section        0  socket.o(i.sl_Send)
    i.sl_Socket                              0x000031e4   Section        0  socket.o(i.sl_Socket)
    i.sl_Start                               0x00003214   Section        0  device.o(i.sl_Start)
    i.sl_Stop                                0x000032cc   Section        0  device.o(i.sl_Stop)
    i.sl_WlanConnect                         0x00003394   Section        0  wlan.o(i.sl_WlanConnect)
    i.sl_WlanDisconnect                      0x00003538   Section        0  wlan.o(i.sl_WlanDisconnect)
    i.sl_WlanPolicySet                       0x00003540   Section        0  wlan.o(i.sl_WlanPolicySet)
    i.sl_WlanProfileDel                      0x00003578   Section        0  wlan.o(i.sl_WlanProfileDel)
    i.sl_WlanSet                             0x00003598   Section        0  wlan.o(i.sl_WlanSet)
    i.sl_WlanSetMode                         0x000035d8   Section        0  wlan.o(i.sl_WlanSetMode)
    i.spi_Close                              0x000035f8   Section        0  spi.o(i.spi_Close)
    i.spi_Open                               0x00003604   Section        0  spi.o(i.spi_Open)
    i.spi_Read                               0x00003704   Section        0  spi.o(i.spi_Read)
    i.spi_Write                              0x0000375c   Section        0  spi.o(i.spi_Write)
    i.writeCString                           0x000037b0   Section        0  mqttpacket.o(i.writeCString)
    i.writeChar                              0x000037d8   Section        0  mqttpacket.o(i.writeChar)
    i.writeInt                               0x000037e4   Section        0  mqttpacket.o(i.writeInt)
    i.writeMQTTString                        0x00003802   Section        0  mqttpacket.o(i.writeMQTTString)
    .constdata                               0x00003838   Section       88  main.o(.constdata)
    .constdata                               0x00003890   Section       20  device.o(.constdata)
    .constdata                               0x000038a4   Section       72  driver.o(.constdata)
    .constdata                               0x000038ec   Section       40  netapp.o(.constdata)
    .constdata                               0x00003914   Section        8  netcfg.o(.constdata)
    .constdata                               0x0000391c   Section       48  socket.o(.constdata)
    .constdata                               0x0000394c   Section       52  wlan.o(.constdata)
    .constdata                               0x00003980   Section       40  uartstdio.o(.constdata)
    g_pcHex                                  0x00003980   Data           4  uartstdio.o(.constdata)
    g_ui32UARTBase                           0x00003984   Data          12  uartstdio.o(.constdata)
    g_ui32UARTInt                            0x00003990   Data          12  uartstdio.o(.constdata)
    g_ui32UARTPeriph                         0x0000399c   Data          12  uartstdio.o(.constdata)
    .constdata                               0x000039a8   Section      528  gpio.o(.constdata)
    g_ppui32GPIOIntMapBlizzard               0x000039a8   Data         192  gpio.o(.constdata)
    g_ppui32GPIOIntMapSnowflake              0x00003a68   Data         192  gpio.o(.constdata)
    g_pui32GPIOBaseAddrs                     0x00003b28   Data         144  gpio.o(.constdata)
    .constdata                               0x00003bb8   Section      268  interrupt.o(.constdata)
    g_pui32Priority                          0x00003bb8   Data          32  interrupt.o(.constdata)
    g_pui32Regs                              0x00003bd8   Data         156  interrupt.o(.constdata)
    g_pui32EnRegs                            0x00003c74   Data          20  interrupt.o(.constdata)
    g_pui32Dii16Regs                         0x00003c88   Data          20  interrupt.o(.constdata)
    g_pui32PendRegs                          0x00003c9c   Data          20  interrupt.o(.constdata)
    g_pui32UnpendRegs                        0x00003cb0   Data          20  interrupt.o(.constdata)
    .constdata                               0x00003cc4   Section      452  sysctl.o(.constdata)
    g_pui32VCOFrequencies                    0x00003cc4   Data           8  sysctl.o(.constdata)
    g_pui32Xtals                             0x00003ccc   Data         108  sysctl.o(.constdata)
    g_pppui32XTALtoVCO                       0x00003d38   Data         288  sysctl.o(.constdata)
    g_sXTALtoMEMTIM                          0x00003e58   Data          48  sysctl.o(.constdata)
    .conststring                             0x00003e88   Section       17  uartstdio.o(.conststring)
    .data                                    0x20000000   Section       12  main.o(.data)
    .data                                    0x2000000c   Section        8  board.o(.data)
    .data                                    0x20000014   Section        4  driver.o(.data)
    .data                                    0x20000018   Section        4  driver.o(.data)
    .data                                    0x2000001c   Section       28  uartstdio.o(.data)
    bLastWasCR                               0x2000001c   Data           1  uartstdio.o(.data)
    g_bDisableEcho                           0x2000001d   Data           1  uartstdio.o(.data)
    g_ui32UARTTxWriteIndex                   0x20000020   Data           4  uartstdio.o(.data)
    g_ui32UARTTxReadIndex                    0x20000024   Data           4  uartstdio.o(.data)
    g_ui32UARTRxWriteIndex                   0x20000028   Data           4  uartstdio.o(.data)
    g_ui32UARTRxReadIndex                    0x2000002c   Data           4  uartstdio.o(.data)
    g_ui32Base                               0x20000030   Data           4  uartstdio.o(.data)
    g_ui32PortNum                            0x20000034   Data           4  uartstdio.o(.data)
    .bss                                     0x20000038   Section     1576  main.o(.bss)
    .bss                                     0x20000660   Section      356  driver.o(.bss)
    .bss                                     0x200007c4   Section       40  nonos.o(.bss)
    .bss                                     0x200007ec   Section     1152  uartstdio.o(.bss)
    g_pcUARTTxBuffer                         0x200007ec   Data        1024  uartstdio.o(.bss)
    g_pcUARTRxBuffer                         0x20000bec   Data         128  uartstdio.o(.bss)
    STACK                                    0x20000c70   Section    16384  startup_rvmdk.o(STACK)
    StackMem                                 0x20000c70   Data           0  startup_rvmdk.o(STACK)

    Global Symbols

    Symbol Name                              Value     Ov Type        Size  Object(Section)

    BuildAttributes$$THM_ISAv4$E$P$D$K$B$S$7EM$VFPi3$EXTD16$VFPS$VFMA$PE$A:L22UL41UL21$X:L11$S22US41US21$IEEE1$IW$USESV6$~STKCKD$USESV7$~SHL$OTIME$ROPI$EBA8$MICROLIB$REQ8$PRES8$EABIv2 0x00000000   Number         0  anon$$obj.o ABSOLUTE
    __ARM_use_no_argv                        0x00000000   Number         0  main.o ABSOLUTE
    __Vectors                                0x00000000   Data           0  startup_rvmdk.o(RESET)
    _printf_a                                0x00000000   Number         0  stubs.o ABSOLUTE
    _printf_c                                0x00000000   Number         0  stubs.o ABSOLUTE
    _printf_charcount                        0x00000000   Number         0  stubs.o ABSOLUTE
    _printf_d                                0x00000000   Number         0  stubs.o ABSOLUTE
    _printf_e                                0x00000000   Number         0  stubs.o ABSOLUTE
    _printf_f                                0x00000000   Number         0  stubs.o ABSOLUTE
    _printf_flags                            0x00000000   Number         0  stubs.o ABSOLUTE
    _printf_fp_dec                           0x00000000   Number         0  stubs.o ABSOLUTE
    _printf_fp_hex                           0x00000000   Number         0  stubs.o ABSOLUTE
    _printf_g                                0x00000000   Number         0  stubs.o ABSOLUTE
    _printf_i                                0x00000000   Number         0  stubs.o ABSOLUTE
    _printf_int_dec                          0x00000000   Number         0  stubs.o ABSOLUTE
    _printf_l                                0x00000000   Number         0  stubs.o ABSOLUTE
    _printf_lc                               0x00000000   Number         0  stubs.o ABSOLUTE
    _printf_ll                               0x00000000   Number         0  stubs.o ABSOLUTE
    _printf_lld                              0x00000000   Number         0  stubs.o ABSOLUTE
    _printf_lli                              0x00000000   Number         0  stubs.o ABSOLUTE
    _printf_llo                              0x00000000   Number         0  stubs.o ABSOLUTE
    _printf_llu                              0x00000000   Number         0  stubs.o ABSOLUTE
    _printf_llx                              0x00000000   Number         0  stubs.o ABSOLUTE
    _printf_longlong_dec                     0x00000000   Number         0  stubs.o ABSOLUTE
    _printf_longlong_hex                     0x00000000   Number         0  stubs.o ABSOLUTE
    _printf_longlong_oct                     0x00000000   Number         0  stubs.o ABSOLUTE
    _printf_ls                               0x00000000   Number         0  stubs.o ABSOLUTE
    _printf_mbtowc                           0x00000000   Number         0  stubs.o ABSOLUTE
    _printf_n                                0x00000000   Number         0  stubs.o ABSOLUTE
    _printf_o                                0x00000000   Number         0  stubs.o ABSOLUTE
    _printf_p                                0x00000000   Number         0  stubs.o ABSOLUTE
    _printf_percent                          0x00000000   Number         0  stubs.o ABSOLUTE
    _printf_pre_padding                      0x00000000   Number         0  stubs.o ABSOLUTE
    _printf_return_value                     0x00000000   Number         0  stubs.o ABSOLUTE
    _printf_s                                0x00000000   Number         0  stubs.o ABSOLUTE
    _printf_sizespec                         0x00000000   Number         0  stubs.o ABSOLUTE
    _printf_str                              0x00000000   Number         0  stubs.o ABSOLUTE
    _printf_truncate_signed                  0x00000000   Number         0  stubs.o ABSOLUTE
    _printf_truncate_unsigned                0x00000000   Number         0  stubs.o ABSOLUTE
    _printf_u                                0x00000000   Number         0  stubs.o ABSOLUTE
    _printf_wc                               0x00000000   Number         0  stubs.o ABSOLUTE
    _printf_wctomb                           0x00000000   Number         0  stubs.o ABSOLUTE
    _printf_widthprec                        0x00000000   Number         0  stubs.o ABSOLUTE
    _printf_x                                0x00000000   Number         0  stubs.o ABSOLUTE
    __cpp_initialize__aeabi_                  - Undefined Weak Reference
    __cxa_finalize                            - Undefined Weak Reference
    __decompress                              - Undefined Weak Reference
    _clock_init                               - Undefined Weak Reference
    _microlib_exit                            - Undefined Weak Reference
    Reset_Handler                            0x0000026d   Thumb Code     0  startup_rvmdk.o(RESET)
    __main                                   0x00000289   Thumb Code     0  entry.o(.ARM.Collect$$$$00000000)
    _main_stk                                0x00000289   Thumb Code     0  entry2.o(.ARM.Collect$$$$00000001)
    _main_scatterload                        0x0000028d   Thumb Code     0  entry5.o(.ARM.Collect$$$$00000004)
    __main_after_scatterload                 0x00000291   Thumb Code     0  entry5.o(.ARM.Collect$$$$00000004)
    _main_clock                              0x00000291   Thumb Code     0  entry7b.o(.ARM.Collect$$$$00000008)
    _main_cpp_init                           0x00000291   Thumb Code     0  entry8b.o(.ARM.Collect$$$$0000000A)
    _main_init                               0x00000291   Thumb Code     0  entry9a.o(.ARM.Collect$$$$0000000B)
    __rt_final_cpp                           0x00000299   Thumb Code     0  entry10a.o(.ARM.Collect$$$$0000000D)
    __rt_final_exit                          0x00000299   Thumb Code     0  entry11a.o(.ARM.Collect$$$$0000000F)
    SysCtlDelay                              0x0000029d   Thumb Code     6  sysctl.o(.emb_text)
    CPUcpsid                                 0x000002a5   Thumb Code     8  cpu.o(.emb_text)
    CPUprimask                               0x000002ad   Thumb Code     6  cpu.o(.emb_text)
    CPUcpsie                                 0x000002b3   Thumb Code     8  cpu.o(.emb_text)
    CPUwfi                                   0x000002bb   Thumb Code     4  cpu.o(.emb_text)
    CPUbasepriSet                            0x000002bf   Thumb Code     6  cpu.o(.emb_text)
    CPUbasepriGet                            0x000002c5   Thumb Code     6  cpu.o(.emb_text)
    __aeabi_memcpy                           0x000002cb   Thumb Code    36  memcpya.o(.text)
    __aeabi_memcpy4                          0x000002cb   Thumb Code     0  memcpya.o(.text)
    __aeabi_memcpy8                          0x000002cb   Thumb Code     0  memcpya.o(.text)
    __aeabi_memset                           0x000002ef   Thumb Code    14  memseta.o(.text)
    __aeabi_memset4                          0x000002ef   Thumb Code     0  memseta.o(.text)
    __aeabi_memset8                          0x000002ef   Thumb Code     0  memseta.o(.text)
    __aeabi_memclr                           0x000002fd   Thumb Code     4  memseta.o(.text)
    __aeabi_memclr4                          0x000002fd   Thumb Code     0  memseta.o(.text)
    __aeabi_memclr8                          0x000002fd   Thumb Code     0  memseta.o(.text)
    _memset$wrapper                          0x00000301   Thumb Code    18  memseta.o(.text)
    strlen                                   0x00000313   Thumb Code    14  strlen.o(.text)
    strcpy                                   0x00000321   Thumb Code    18  strcpy.o(.text)
    __scatterload                            0x00000335   Thumb Code    28  init.o(.text)
    __scatterload_rt2                        0x00000335   Thumb Code     0  init.o(.text)
    Board_Input                              0x00000359   Thumb Code    16  led.o(i.Board_Input)
    CC3100_InterruptDisable                  0x0000036d   Thumb Code     8  board.o(i.CC3100_InterruptDisable)
    CC3100_InterruptEnable                   0x00000379   Thumb Code     8  board.o(i.CC3100_InterruptEnable)
    CC3100_disable                           0x00000385   Thumb Code    16  board.o(i.CC3100_disable)
    CC3100_enable                            0x00000399   Thumb Code    16  board.o(i.CC3100_enable)
    CopyPingResultsToReport                  0x000003ad   Thumb Code    26  netapp.o(i.CopyPingResultsToReport)
    Crash                                    0x000003c7   Thumb Code    18  main.o(i.Crash)
    FPUEnable                                0x000003d9   Thumb Code    12  fpu.o(i.FPUEnable)
    FPULazyStackingEnable                    0x000003e9   Thumb Code    12  fpu.o(i.FPULazyStackingEnable)
    GPIOB_intHandler                         0x000003f9   Thumb Code    44  board.o(i.GPIOB_intHandler)
    GPIODirModeSet                           0x0000042d   Thumb Code    40  gpio.o(i.GPIODirModeSet)
    GPIOIntClear                             0x00000455   Thumb Code     6  gpio.o(i.GPIOIntClear)
    GPIOIntDisable                           0x0000045b   Thumb Code    14  gpio.o(i.GPIOIntDisable)
    GPIOIntEnable                            0x00000469   Thumb Code    14  gpio.o(i.GPIOIntEnable)
    GPIOIntStatus                            0x00000477   Thumb Code    14  gpio.o(i.GPIOIntStatus)
    GPIOIntTypeSet                           0x00000485   Thumb Code    80  gpio.o(i.GPIOIntTypeSet)
    GPIOPadConfigSet                         0x000004d5   Thumb Code   314  gpio.o(i.GPIOPadConfigSet)
    GPIOPinConfigure                         0x00000611   Thumb Code    64  gpio.o(i.GPIOPinConfigure)
    GPIOPinTypeGPIOInput                     0x00000659   Thumb Code    28  gpio.o(i.GPIOPinTypeGPIOInput)
    GPIOPinTypeSSI                           0x00000675   Thumb Code    28  gpio.o(i.GPIOPinTypeSSI)
    GPIOPinTypeUART                          0x00000691   Thumb Code    28  gpio.o(i.GPIOPinTypeUART)
    GPIOPinWrite                             0x000006ad   Thumb Code     6  gpio.o(i.GPIOPinWrite)
    GetStartResponseConvert                  0x000006b3   Thumb Code    68  device.o(i.GetStartResponseConvert)
    IntEnable                                0x000006f9   Thumb Code    92  interrupt.o(i.IntEnable)
    IntMasterEnable                          0x0000075d   Thumb Code    14  interrupt.o(i.IntMasterEnable)
    LED_GreenOff                             0x00000795   Thumb Code     8  led.o(i.LED_GreenOff)
    LED_Init                                 0x000007a1   Thumb Code    78  led.o(i.LED_Init)
    LED_RedToggle                            0x00000805   Thumb Code    12  led.o(i.LED_RedToggle)
    MQTTPacket_encode                        0x00000815   Thumb Code    40  mqttpacket.o(i.MQTTPacket_encode)
    MQTTPacket_len                           0x0000083d   Thumb Code    34  mqttpacket.o(i.MQTTPacket_len)
    MQTTSerialize_connect                    0x00000865   Thumb Code   262  mqttconnectclient.o(i.MQTTSerialize_connect)
    MQTTSerialize_connectLength              0x0000097d   Thumb Code   118  mqttconnectclient.o(i.MQTTSerialize_connectLength)
    MQTTSerialize_disconnect                 0x000009f3   Thumb Code     6  mqttconnectclient.o(i.MQTTSerialize_disconnect)
    MQTTSerialize_publish                    0x000009f9   Thumb Code   134  mqttserializepublish.o(i.MQTTSerialize_publish)
    MQTTSerialize_publishLength              0x00000a7f   Thumb Code    30  mqttserializepublish.o(i.MQTTSerialize_publishLength)
    MQTTSerialize_zero                       0x00000a9d   Thumb Code    50  mqttconnectclient.o(i.MQTTSerialize_zero)
    MQTTstrlen                               0x00000acf   Thumb Code    14  mqttpacket.o(i.MQTTstrlen)
    SSIConfigSetExpClk                       0x00000add   Thumb Code    74  ssi.o(i.SSIConfigSetExpClk)
    SSIDataGetNonBlocking                    0x00000b27   Thumb Code    20  ssi.o(i.SSIDataGetNonBlocking)
    SSIDataPutNonBlocking                    0x00000b3b   Thumb Code    16  ssi.o(i.SSIDataPutNonBlocking)
    SSIEnable                                0x00000b4b   Thumb Code    10  ssi.o(i.SSIEnable)
    SimpleLinkHttpServerCallback             0x00000b55   Thumb Code     6  main.o(i.SimpleLinkHttpServerCallback)
    SimpleLinkNetAppEventHandler             0x00000b81   Thumb Code    24  main.o(i.SimpleLinkNetAppEventHandler)
    SimpleLinkWlanEventHandler               0x00000bc1   Thumb Code    50  main.o(i.SimpleLinkWlanEventHandler)
    SysCtlClockGet                           0x00000c91   Thumb Code   314  sysctl.o(i.SysCtlClockGet)
    SysCtlClockSet                           0x00000df5   Thumb Code   270  sysctl.o(i.SysCtlClockSet)
    SysCtlPeripheralEnable                   0x00000f15   Thumb Code    36  sysctl.o(i.SysCtlPeripheralEnable)
    UARTFlushRx                              0x00000f3d   Thumb Code    36  uartstdio.o(i.UARTFlushRx)
    UARTFlushTx                              0x00000f65   Thumb Code    52  uartstdio.o(i.UARTFlushTx)
    UARTStdioConfig                          0x00001015   Thumb Code   142  uartstdio.o(i.UARTStdioConfig)
    UARTStdioIntHandler                      0x000010ad   Thumb Code   248  uartstdio.o(i.UARTStdioIntHandler)
    UART_Init                                0x000011b5   Thumb Code    54  main.o(i.UART_Init)
    UARTprintf                               0x000011f9   Thumb Code    18  uartstdio.o(i.UARTprintf)
    UARTvprintf                              0x0000120d   Thumb Code   420  uartstdio.o(i.UARTvprintf)
    UARTwrite                                0x000013c1   Thumb Code   134  uartstdio.o(i.UARTwrite)
    _SlAsyncEventGenericHandler              0x00001451   Thumb Code   750  driver.o(i._SlAsyncEventGenericHandler)
    _SlDrvBasicCmd                           0x00001745   Thumb Code    40  driver.o(i._SlDrvBasicCmd)
    _SlDrvClassifyRxMsg                      0x0000176d   Thumb Code   124  driver.o(i._SlDrvClassifyRxMsg)
    _SlDrvCmdOp                              0x000017fd   Thumb Code    80  driver.o(i._SlDrvCmdOp)
    _SlDrvCmdSend                            0x00001851   Thumb Code    24  driver.o(i._SlDrvCmdSend)
    _SlDrvDataWriteOp                        0x0000186d   Thumb Code   272  driver.o(i._SlDrvDataWriteOp)
    _SlDrvDeviceEventHandler                 0x00001981   Thumb Code    26  device.o(i._SlDrvDeviceEventHandler)
    _SlDrvDriverCBDeinit                     0x0000199d   Thumb Code    92  driver.o(i._SlDrvDriverCBDeinit)
    _SlDrvDriverCBInit                       0x000019fd   Thumb Code   134  driver.o(i._SlDrvDriverCBInit)
    _SlDrvFlowContDeinit                     0x00001a8d   Thumb Code    40  flowcont.o(i._SlDrvFlowContDeinit)
    _SlDrvFlowContInit                       0x00001ab9   Thumb Code    42  flowcont.o(i._SlDrvFlowContInit)
    _SlDrvMsgRead                            0x00001ae9   Thumb Code   840  driver.o(i._SlDrvMsgRead)
    _SlDrvMsgReadCmdCtx                      0x00001e39   Thumb Code   158  driver.o(i._SlDrvMsgReadCmdCtx)
    _SlDrvMsgReadSpawnCtx                    0x00001ee1   Thumb Code   138  driver.o(i._SlDrvMsgReadSpawnCtx)
    _SlDrvMsgWrite                           0x00001f71   Thumb Code   232  driver.o(i._SlDrvMsgWrite)
    _SlDrvNetAppEventHandler                 0x00002061   Thumb Code   202  netapp.o(i._SlDrvNetAppEventHandler)
    _SlDrvObjDeInit                          0x0000212d   Thumb Code    18  driver.o(i._SlDrvObjDeInit)
    _SlDrvObjInit                            0x00002145   Thumb Code    56  driver.o(i._SlDrvObjInit)
    _SlDrvReleasePoolObj                     0x00002181   Thumb Code   222  driver.o(i._SlDrvReleasePoolObj)
    _SlDrvRxHdrRead                          0x00002265   Thumb Code   280  driver.o(i._SlDrvRxHdrRead)
    _SlDrvRxIrqHandler                       0x0000238d   Thumb Code    54  driver.o(i._SlDrvRxIrqHandler)
    _SlDrvShiftDWord                         0x000023cd   Thumb Code    22  driver.o(i._SlDrvShiftDWord)
    _SlDrvWaitForPoolObj                     0x000023e5   Thumb Code   254  driver.o(i._SlDrvWaitForPoolObj)
    _SlFindAndSetActiveObj                   0x000024e9   Thumb Code   144  driver.o(i._SlFindAndSetActiveObj)
    _SlNonOsMainLoopTask                     0x00002581   Thumb Code    54  nonos.o(i._SlNonOsMainLoopTask)
    _SlNonOsSemGet                           0x000025c1   Thumb Code    50  nonos.o(i._SlNonOsSemGet)
    _SlNonOsSemSet                           0x000025f3   Thumb Code     6  nonos.o(i._SlNonOsSemSet)
    _SlNonOsSpawn                            0x000025f9   Thumb Code    30  nonos.o(i._SlNonOsSpawn)
    _SlRemoveFromList                        0x0000261d   Thumb Code    84  driver.o(i._SlRemoveFromList)
    __scatterload_copy                       0x00002675   Thumb Code    14  handlers.o(i.__scatterload_copy)
    __scatterload_null                       0x00002683   Thumb Code     2  handlers.o(i.__scatterload_null)
    __scatterload_zeroinit                   0x00002685   Thumb Code    14  handlers.o(i.__scatterload_zeroinit)
    _sl_BuildAddress                         0x00002693   Thumb Code    38  socket.o(i._sl_BuildAddress)
    _sl_HandleAsync_Accept                   0x000026b9   Thumb Code   110  socket.o(i._sl_HandleAsync_Accept)
    _sl_HandleAsync_Connect                  0x0000272d   Thumb Code   120  socket.o(i._sl_HandleAsync_Connect)
    _sl_HandleAsync_DnsGetHostByName         0x000027a9   Thumb Code   110  netapp.o(i._sl_HandleAsync_DnsGetHostByName)
    _sl_HandleAsync_DnsGetHostByService      0x0000281d   Thumb Code   100  netapp.o(i._sl_HandleAsync_DnsGetHostByService)
    _sl_HandleAsync_InitComplete             0x00002885   Thumb Code   126  device.o(i._sl_HandleAsync_InitComplete)
    _sl_HandleAsync_PingResponse             0x00002909   Thumb Code   120  netapp.o(i._sl_HandleAsync_PingResponse)
    _sl_HandleAsync_Select                   0x00002989   Thumb Code    94  socket.o(i._sl_HandleAsync_Select)
    _sl_HandleAsync_Stop                     0x000029ed   Thumb Code    90  device.o(i._sl_HandleAsync_Stop)
    _sl_TruncatePayloadByProtocol            0x00002a4d   Thumb Code    84  socket.o(i._sl_TruncatePayloadByProtocol)
    initClk                                  0x00002bb1   Thumb Code    20  board.o(i.initClk)
    main                                     0x00002bc9   Thumb Code   322  main.o(i.main)
    registerInterruptHandler                 0x00002d81   Thumb Code     8  board.o(i.registerInterruptHandler)
    sl_Connect                               0x00002d8d   Thumb Code   224  socket.o(i.sl_Connect)
    sl_DevGet                                0x00002e79   Thumb Code   104  device.o(i.sl_DevGet)
    sl_Htonl                                 0x00002ee9   Thumb Code    40  socket.o(i.sl_Htonl)
    sl_Htons                                 0x00002f11   Thumb Code    48  socket.o(i.sl_Htons)
    sl_NetAppDnsGetHostByName                0x00002f41   Thumb Code   202  netapp.o(i.sl_NetAppDnsGetHostByName)
    sl_NetAppMDNSRegisterUnregisterService   0x00003019   Thumb Code   120  netapp.o(i.sl_NetAppMDNSRegisterUnregisterService)
    sl_NetAppMDNSUnRegisterService           0x00003095   Thumb Code    18  netapp.o(i.sl_NetAppMDNSUnRegisterService)
    sl_NetAppSendTokenValue                  0x000030a9   Thumb Code    74  netapp.o(i.sl_NetAppSendTokenValue)
    sl_NetCfgSet                             0x000030f9   Thumb Code    58  netcfg.o(i.sl_NetCfgSet)
    sl_Send                                  0x00003139   Thumb Code   162  socket.o(i.sl_Send)
    sl_Socket                                0x000031e5   Thumb Code    42  socket.o(i.sl_Socket)
    sl_Start                                 0x00003215   Thumb Code   170  device.o(i.sl_Start)
    sl_Stop                                  0x000032cd   Thumb Code   186  device.o(i.sl_Stop)
    sl_WlanConnect                           0x00003395   Thumb Code   414  wlan.o(i.sl_WlanConnect)
    sl_WlanDisconnect                        0x00003539   Thumb Code     8  wlan.o(i.sl_WlanDisconnect)
    sl_WlanPolicySet                         0x00003541   Thumb Code    52  wlan.o(i.sl_WlanPolicySet)
    sl_WlanProfileDel                        0x00003579   Thumb Code    26  wlan.o(i.sl_WlanProfileDel)
    sl_WlanSet                               0x00003599   Thumb Code    60  wlan.o(i.sl_WlanSet)
    sl_WlanSetMode                           0x000035d9   Thumb Code    26  wlan.o(i.sl_WlanSetMode)
    spi_Close                                0x000035f9   Thumb Code    10  spi.o(i.spi_Close)
    spi_Open                                 0x00003605   Thumb Code   214  spi.o(i.spi_Open)
    spi_Read                                 0x00003705   Thumb Code    78  spi.o(i.spi_Read)
    spi_Write                                0x0000375d   Thumb Code    76  spi.o(i.spi_Write)
    writeCString                             0x000037b1   Thumb Code    40  mqttpacket.o(i.writeCString)
    writeChar                                0x000037d9   Thumb Code    12  mqttpacket.o(i.writeChar)
    writeInt                                 0x000037e5   Thumb Code    30  mqttpacket.o(i.writeInt)
    writeMQTTString                          0x00003803   Thumb Code    54  mqttpacket.o(i.writeMQTTString)
    _SlStopCmdCtrl                           0x00003890   Data           4  device.o(.constdata)
    _SlEventMaskSetCmdCtrl                   0x00003894   Data           4  device.o(.constdata)
    _SlEventMaskGetCmdCtrl                   0x00003898   Data           4  device.o(.constdata)
    _SlDeviceGetCmdCtrl                      0x0000389c   Data           4  device.o(.constdata)
    _SlDeviceSetCmdCtrl                      0x000038a0   Data           4  device.o(.constdata)
    g_H2NSyncPattern                         0x000038a4   Data           8  driver.o(.constdata)
    g_H2NCnysPattern                         0x000038ac   Data           8  driver.o(.constdata)
    _SlActionLookupTable                     0x000038b4   Data          56  driver.o(.constdata)
    _SlNetAppStartCtrl                       0x000038ec   Data           4  netapp.o(.constdata)
    _SlNetAppStopCtrl                        0x000038f0   Data           4  netapp.o(.constdata)
    _SlGetServiceListeCtrl                   0x000038f4   Data           4  netapp.o(.constdata)
    _SlRegisterServiceCtrl                   0x000038f8   Data           4  netapp.o(.constdata)
    _SlGetHostByServiceCtrl                  0x000038fc   Data           4  netapp.o(.constdata)
    _SlGetHostByNameCtrl                     0x00003900   Data           4  netapp.o(.constdata)
    _SlNetAppSetCmdCtrl                      0x00003904   Data           4  netapp.o(.constdata)
    _SlNetAppSendTokenValueCmdCtrl           0x00003908   Data           4  netapp.o(.constdata)
    _SlNetAppGetCmdCtrl                      0x0000390c   Data           4  netapp.o(.constdata)
    _SlNetCfgSetCmdCtrl                      0x00003914   Data           4  netcfg.o(.constdata)
    _SlNetCfgGetCmdCtrl                      0x00003918   Data           4  netcfg.o(.constdata)
    _SlSockSocketCmdCtrl                     0x0000391c   Data           4  socket.o(.constdata)
    _SlSockCloseCmdCtrl                      0x00003920   Data           4  socket.o(.constdata)
    _SlRecvfomCmdCtrl                        0x00003924   Data           4  socket.o(.constdata)
    _SlSendCmdCtrl                           0x00003928   Data           4  socket.o(.constdata)
    _SlListenCmdCtrl                         0x0000392c   Data           4  socket.o(.constdata)
    _SlAcceptCmdCtrl                         0x00003930   Data           4  socket.o(.constdata)
    _SlRecvCmdCtrl                           0x00003934   Data           4  socket.o(.constdata)
    _SlSetSockOptCmdCtrl                     0x00003938   Data           4  socket.o(.constdata)
    _SlGetSockOptCmdCtrl                     0x0000393c   Data           4  socket.o(.constdata)
    _SlSelectCmdCtrl                         0x00003940   Data           4  socket.o(.constdata)
    _SlPolicySetCmdCtrl                      0x0000394c   Data           4  wlan.o(.constdata)
    _SlPolicyGetCmdCtrl                      0x00003950   Data           4  wlan.o(.constdata)
    _SlProfileGetCmdCtrl                     0x00003954   Data           4  wlan.o(.constdata)
    _SlProfileDelCmdCtrl                     0x00003958   Data           4  wlan.o(.constdata)
    _SlWlanGetNetworkListCtrl                0x0000395c   Data           4  wlan.o(.constdata)
    _SlRxFilterAddtCmdCtrl                   0x00003960   Data           4  wlan.o(.constdata)
    _SlRxFilterSetCmdCtrl                    0x00003964   Data           4  wlan.o(.constdata)
    _SlRxFilterGetCmdCtrl                    0x00003968   Data           4  wlan.o(.constdata)
    _SlSmartConfigStartCmdCtrl               0x0000396c   Data           4  wlan.o(.constdata)
    _SlWlanSetModeCmdCtrl                    0x00003970   Data           4  wlan.o(.constdata)
    _SlWlanCfgSetCmdCtrl                     0x00003974   Data           4  wlan.o(.constdata)
    _SlWlanCfgGetCmdCtrl                     0x00003978   Data           4  wlan.o(.constdata)
    Region$$Table$$Base                      0x00003e9c   Number         0  anon$$obj.o(Region$$Table)
    Region$$Table$$Limit                     0x00003ebc   Number         0  anon$$obj.o(Region$$Table)
    g_Status                                 0x20000000   Data           4  main.o(.data)
    DestinationIP                            0x20000004   Data           4  main.o(.data)
    SockID                                   0x20000008   Data           4  main.o(.data)
    IntIsMasked                              0x2000000c   Data           1  board.o(.data)
    pIrqEventHandler                         0x20000010   Data           4  board.o(.data)
    g_pCB                                    0x20000014   Data           4  driver.o(.data)
    pPingCallBackFunc                        0x20000018   Data           4  driver.o(.data)
    Recvbuff                                 0x20000038   Data        1024  main.o(.bss)
    SendBuff                                 0x20000438   Data         512  main.o(.bss)
    HostName                                 0x20000638   Data          40  main.o(.bss)
    g_StatMem                                0x20000660   Data         356  driver.o(.bss)
    g__SlNonOsCB                             0x200007c4   Data          40  nonos.o(.bss)
    __initial_sp                             0x20004c70   Data           0  startup_rvmdk.o(STACK)



==============================================================================

Memory Map of the image

  Image Entry point : 0x0000026d

  Load Region LR_IROM (Base: 0x00000000, Size: 0x00003ef4, Max: 0x00040000, ABSOLUTE)

    Execution Region ER_IROM (Base: 0x00000000, Size: 0x00003ebc, Max: 0x00040000, ABSOLUTE)

    Base Addr    Size         Type   Attr      Idx    E Section Name        Object

    0x00000000   0x00000288   Code   RO         1152  * RESET               startup_rvmdk.o
    0x00000288   0x00000000   Code   RO         3236  * .ARM.Collect$$$$00000000  mc_w.l(entry.o)
    0x00000288   0x00000004   Code   RO         3514    .ARM.Collect$$$$00000001  mc_w.l(entry2.o)
    0x0000028c   0x00000004   Code   RO         3517    .ARM.Collect$$$$00000004  mc_w.l(entry5.o)
    0x00000290   0x00000000   Code   RO         3519    .ARM.Collect$$$$00000008  mc_w.l(entry7b.o)
    0x00000290   0x00000000   Code   RO         3521    .ARM.Collect$$$$0000000A  mc_w.l(entry8b.o)
    0x00000290   0x00000008   Code   RO         3522    .ARM.Collect$$$$0000000B  mc_w.l(entry9a.o)
    0x00000298   0x00000000   Code   RO         3524    .ARM.Collect$$$$0000000D  mc_w.l(entry10a.o)
    0x00000298   0x00000000   Code   RO         3526    .ARM.Collect$$$$0000000F  mc_w.l(entry11a.o)
    0x00000298   0x00000004   Code   RO         3515    .ARM.Collect$$$$00002712  mc_w.l(entry2.o)
    0x0000029c   0x00000006   Code   RO         2595    .emb_text           driverlib.lib(sysctl.o)
    0x000002a2   0x00000002   PAD
    0x000002a4   0x00000026   Code   RO         3226    .emb_text           driverlib.lib(cpu.o)
    0x000002ca   0x00000024   Code   RO         3239    .text               mc_w.l(memcpya.o)
    0x000002ee   0x00000024   Code   RO         3241    .text               mc_w.l(memseta.o)
    0x00000312   0x0000000e   Code   RO         3243    .text               mc_w.l(strlen.o)
    0x00000320   0x00000012   Code   RO         3247    .text               mc_w.l(strcpy.o)
    0x00000332   0x00000002   PAD
    0x00000334   0x00000024   Code   RO         3546    .text               mc_w.l(init.o)
    0x00000358   0x00000014   Code   RO          370    i.Board_Input       led.o
    0x0000036c   0x0000000c   Code   RO          184    i.CC3100_InterruptDisable  board.o
    0x00000378   0x0000000c   Code   RO          185    i.CC3100_InterruptEnable  board.o
    0x00000384   0x00000014   Code   RO          186    i.CC3100_disable    board.o
    0x00000398   0x00000014   Code   RO          187    i.CC3100_enable     board.o
    0x000003ac   0x0000001a   Code   RO          775    i.CopyPingResultsToReport  netapp.o
    0x000003c6   0x00000012   Code   RO            1    i.Crash             main.o
    0x000003d8   0x00000010   Code   RO         1939    i.FPUEnable         driverlib.lib(fpu.o)
    0x000003e8   0x00000010   Code   RO         1942    i.FPULazyStackingEnable  driverlib.lib(fpu.o)
    0x000003f8   0x00000034   Code   RO          189    i.GPIOB_intHandler  board.o
    0x0000042c   0x00000028   Code   RO         2015    i.GPIODirModeSet    driverlib.lib(gpio.o)
    0x00000454   0x00000006   Code   RO         2016    i.GPIOIntClear      driverlib.lib(gpio.o)
    0x0000045a   0x0000000e   Code   RO         2017    i.GPIOIntDisable    driverlib.lib(gpio.o)
    0x00000468   0x0000000e   Code   RO         2018    i.GPIOIntEnable     driverlib.lib(gpio.o)
    0x00000476   0x0000000e   Code   RO         2020    i.GPIOIntStatus     driverlib.lib(gpio.o)
    0x00000484   0x00000050   Code   RO         2022    i.GPIOIntTypeSet    driverlib.lib(gpio.o)
    0x000004d4   0x0000013a   Code   RO         2025    i.GPIOPadConfigSet  driverlib.lib(gpio.o)
    0x0000060e   0x00000002   PAD
    0x00000610   0x00000048   Code   RO         2026    i.GPIOPinConfigure  driverlib.lib(gpio.o)
    0x00000658   0x0000001c   Code   RO         2035    i.GPIOPinTypeGPIOInput  driverlib.lib(gpio.o)
    0x00000674   0x0000001c   Code   RO         2049    i.GPIOPinTypeSSI    driverlib.lib(gpio.o)
    0x00000690   0x0000001c   Code   RO         2051    i.GPIOPinTypeUART   driverlib.lib(gpio.o)
    0x000006ac   0x00000006   Code   RO         2057    i.GPIOPinWrite      driverlib.lib(gpio.o)
    0x000006b2   0x00000044   Code   RO          430    i.GetStartResponseConvert  device.o
    0x000006f6   0x00000002   PAD
    0x000006f8   0x00000064   Code   RO         2331    i.IntEnable         driverlib.lib(interrupt.o)
    0x0000075c   0x0000000e   Code   RO         2334    i.IntMasterEnable   driverlib.lib(interrupt.o)
    0x0000076a   0x00000010   Code   RO         1284    i.IsBufferEmpty     uartstdio.o
    0x0000077a   0x0000001a   Code   RO         1285    i.IsBufferFull      uartstdio.o
    0x00000794   0x0000000c   Code   RO          372    i.LED_GreenOff      led.o
    0x000007a0   0x00000064   Code   RO          375    i.LED_Init          led.o
    0x00000804   0x00000010   Code   RO          378    i.LED_RedToggle     led.o
    0x00000814   0x00000028   Code   RO         1706    i.MQTTPacket_encode  mqttpacket.o
    0x0000083c   0x00000028   Code   RO         1708    i.MQTTPacket_len    mqttpacket.o
    0x00000864   0x00000118   Code   RO         1524    i.MQTTSerialize_connect  mqttconnectclient.o
    0x0000097c   0x00000076   Code   RO         1525    i.MQTTSerialize_connectLength  mqttconnectclient.o
    0x000009f2   0x00000006   Code   RO         1526    i.MQTTSerialize_disconnect  mqttconnectclient.o
    0x000009f8   0x00000086   Code   RO         1815    i.MQTTSerialize_publish  mqttserializepublish.o
    0x00000a7e   0x0000001e   Code   RO         1816    i.MQTTSerialize_publishLength  mqttserializepublish.o
    0x00000a9c   0x00000032   Code   RO         1528    i.MQTTSerialize_zero  mqttconnectclient.o
    0x00000ace   0x0000000e   Code   RO         1711    i.MQTTstrlen        mqttpacket.o
    0x00000adc   0x0000004a   Code   RO         2451    i.SSIConfigSetExpClk  driverlib.lib(ssi.o)
    0x00000b26   0x00000014   Code   RO         2455    i.SSIDataGetNonBlocking  driverlib.lib(ssi.o)
    0x00000b3a   0x00000010   Code   RO         2457    i.SSIDataPutNonBlocking  driverlib.lib(ssi.o)
    0x00000b4a   0x0000000a   Code   RO         2459    i.SSIEnable         driverlib.lib(ssi.o)
    0x00000b54   0x0000002c   Code   RO            3    i.SimpleLinkHttpServerCallback  main.o
    0x00000b80   0x00000040   Code   RO            4    i.SimpleLinkNetAppEventHandler  main.o
    0x00000bc0   0x000000d0   Code   RO            6    i.SimpleLinkWlanEventHandler  main.o
    0x00000c90   0x00000164   Code   RO         2598    i.SysCtlClockGet    driverlib.lib(sysctl.o)
    0x00000df4   0x00000120   Code   RO         2600    i.SysCtlClockSet    driverlib.lib(sysctl.o)
    0x00000f14   0x00000028   Code   RO         2629    i.SysCtlPeripheralEnable  driverlib.lib(sysctl.o)
    0x00000f3c   0x00000028   Code   RO         1287    i.UARTFlushRx       uartstdio.o
    0x00000f64   0x00000038   Code   RO         1288    i.UARTFlushTx       uartstdio.o
    0x00000f9c   0x00000078   Code   RO         1291    i.UARTPrimeTransmit  uartstdio.o
    0x00001014   0x00000098   Code   RO         1293    i.UARTStdioConfig   uartstdio.o
    0x000010ac   0x00000108   Code   RO         1294    i.UARTStdioIntHandler  uartstdio.o
    0x000011b4   0x00000044   Code   RO            7    i.UART_Init         main.o
    0x000011f8   0x00000012   Code   RO         1298    i.UARTprintf        uartstdio.o
    0x0000120a   0x00000002   PAD
    0x0000120c   0x000001b4   Code   RO         1299    i.UARTvprintf       uartstdio.o
    0x000013c0   0x00000090   Code   RO         1300    i.UARTwrite         uartstdio.o
    0x00001450   0x000002f4   Code   RO          554    i._SlAsyncEventGenericHandler  driver.o
    0x00001744   0x00000028   Code   RO          555    i._SlDrvBasicCmd    driver.o
    0x0000176c   0x00000090   Code   RO          556    i._SlDrvClassifyRxMsg  driver.o
    0x000017fc   0x00000054   Code   RO          557    i._SlDrvCmdOp       driver.o
    0x00001850   0x0000001c   Code   RO          558    i._SlDrvCmdSend     driver.o
    0x0000186c   0x00000114   Code   RO          560    i._SlDrvDataWriteOp  driver.o
    0x00001980   0x0000001a   Code   RO          431    i._SlDrvDeviceEventHandler  device.o
    0x0000199a   0x00000002   PAD
    0x0000199c   0x00000060   Code   RO          561    i._SlDrvDriverCBDeinit  driver.o
    0x000019fc   0x00000090   Code   RO          562    i._SlDrvDriverCBInit  driver.o
    0x00001a8c   0x0000002c   Code   RO          700    i._SlDrvFlowContDeinit  flowcont.o
    0x00001ab8   0x00000030   Code   RO          701    i._SlDrvFlowContInit  flowcont.o
    0x00001ae8   0x00000350   Code   RO          563    i._SlDrvMsgRead     driver.o
    0x00001e38   0x000000a8   Code   RO          564    i._SlDrvMsgReadCmdCtx  driver.o
    0x00001ee0   0x00000090   Code   RO          565    i._SlDrvMsgReadSpawnCtx  driver.o
    0x00001f70   0x000000f0   Code   RO          566    i._SlDrvMsgWrite    driver.o
    0x00002060   0x000000ca   Code   RO          776    i._SlDrvNetAppEventHandler  netapp.o
    0x0000212a   0x00000002   PAD
    0x0000212c   0x00000018   Code   RO          567    i._SlDrvObjDeInit   driver.o
    0x00002144   0x0000003c   Code   RO          568    i._SlDrvObjInit     driver.o
    0x00002180   0x000000e4   Code   RO          569    i._SlDrvReleasePoolObj  driver.o
    0x00002264   0x00000128   Code   RO          570    i._SlDrvRxHdrRead   driver.o
    0x0000238c   0x00000040   Code   RO          571    i._SlDrvRxIrqHandler  driver.o
    0x000023cc   0x00000016   Code   RO          572    i._SlDrvShiftDWord  driver.o
    0x000023e2   0x00000002   PAD
    0x000023e4   0x00000104   Code   RO          573    i._SlDrvWaitForPoolObj  driver.o
    0x000024e8   0x00000098   Code   RO          574    i._SlFindAndSetActiveObj  driver.o
    0x00002580   0x00000040   Code   RO          913    i._SlNonOsMainLoopTask  nonos.o
    0x000025c0   0x00000032   Code   RO          914    i._SlNonOsSemGet    nonos.o
    0x000025f2   0x00000006   Code   RO          915    i._SlNonOsSemSet    nonos.o
    0x000025f8   0x00000024   Code   RO          916    i._SlNonOsSpawn     nonos.o
    0x0000261c   0x00000058   Code   RO          575    i._SlRemoveFromList  driver.o
    0x00002674   0x0000000e   Code   RO         3560    i.__scatterload_copy  mc_w.l(handlers.o)
    0x00002682   0x00000002   Code   RO         3561    i.__scatterload_null  mc_w.l(handlers.o)
    0x00002684   0x0000000e   Code   RO         3562    i.__scatterload_zeroinit  mc_w.l(handlers.o)
    0x00002692   0x00000026   Code   RO          950    i._sl_BuildAddress  socket.o
    0x000026b8   0x00000074   Code   RO          951    i._sl_HandleAsync_Accept  socket.o
    0x0000272c   0x0000007c   Code   RO          952    i._sl_HandleAsync_Connect  socket.o
    0x000027a8   0x00000074   Code   RO          778    i._sl_HandleAsync_DnsGetHostByName  netapp.o
    0x0000281c   0x00000068   Code   RO          779    i._sl_HandleAsync_DnsGetHostByService  netapp.o
    0x00002884   0x00000084   Code   RO          432    i._sl_HandleAsync_InitComplete  device.o
    0x00002908   0x00000080   Code   RO          780    i._sl_HandleAsync_PingResponse  netapp.o
    0x00002988   0x00000064   Code   RO          953    i._sl_HandleAsync_Select  socket.o
    0x000029ec   0x00000060   Code   RO          433    i._sl_HandleAsync_Stop  device.o
    0x00002a4c   0x00000054   Code   RO          955    i._sl_TruncatePayloadByProtocol  socket.o
    0x00002aa0   0x00000110   Code   RO            8    i.configureSimpleLinkToDefaultState  main.o
    0x00002bb0   0x00000018   Code   RO          193    i.initClk           board.o
    0x00002bc8   0x000001b8   Code   RO            9    i.main              main.o
    0x00002d80   0x0000000c   Code   RO          194    i.registerInterruptHandler  board.o
    0x00002d8c   0x000000ec   Code   RO          959    i.sl_Connect        socket.o
    0x00002e78   0x00000070   Code   RO          434    i.sl_DevGet         device.o
    0x00002ee8   0x00000028   Code   RO          961    i.sl_Htonl          socket.o
    0x00002f10   0x00000030   Code   RO          962    i.sl_Htons          socket.o
    0x00002f40   0x000000d8   Code   RO          781    i.sl_NetAppDnsGetHostByName  netapp.o
    0x00003018   0x0000007c   Code   RO          786    i.sl_NetAppMDNSRegisterUnregisterService  netapp.o
    0x00003094   0x00000012   Code   RO          787    i.sl_NetAppMDNSUnRegisterService  netapp.o
    0x000030a6   0x00000002   PAD
    0x000030a8   0x00000050   Code   RO          789    i.sl_NetAppSendTokenValue  netapp.o
    0x000030f8   0x00000040   Code   RO          893    i.sl_NetCfgSet      netcfg.o
    0x00003138   0x000000ac   Code   RO          967    i.sl_Send           socket.o
    0x000031e4   0x00000030   Code   RO          970    i.sl_Socket         socket.o
    0x00003214   0x000000b8   Code   RO          438    i.sl_Start          device.o
    0x000032cc   0x000000c8   Code   RO          439    i.sl_Stop           device.o
    0x00003394   0x000001a4   Code   RO         1160    i.sl_WlanConnect    wlan.o
    0x00003538   0x00000008   Code   RO         1161    i.sl_WlanDisconnect  wlan.o
    0x00003540   0x00000038   Code   RO         1165    i.sl_WlanPolicySet  wlan.o
    0x00003578   0x00000020   Code   RO         1167    i.sl_WlanProfileDel  wlan.o
    0x00003598   0x00000040   Code   RO         1175    i.sl_WlanSet        wlan.o
    0x000035d8   0x00000020   Code   RO         1176    i.sl_WlanSetMode    wlan.o
    0x000035f8   0x0000000a   Code   RO         1111    i.spi_Close         spi.o
    0x00003602   0x00000002   PAD
    0x00003604   0x00000100   Code   RO         1112    i.spi_Open          spi.o
    0x00003704   0x00000058   Code   RO         1113    i.spi_Read          spi.o
    0x0000375c   0x00000054   Code   RO         1114    i.spi_Write         spi.o
    0x000037b0   0x00000028   Code   RO         1717    i.writeCString      mqttpacket.o
    0x000037d8   0x0000000c   Code   RO         1718    i.writeChar         mqttpacket.o
    0x000037e4   0x0000001e   Code   RO         1719    i.writeInt          mqttpacket.o
    0x00003802   0x00000036   Code   RO         1720    i.writeMQTTString   mqttpacket.o
    0x00003838   0x00000058   Data   RO           11    .constdata          main.o
    0x00003890   0x00000014   Data   RO          441    .constdata          device.o
    0x000038a4   0x00000048   Data   RO          577    .constdata          driver.o
    0x000038ec   0x00000028   Data   RO          793    .constdata          netapp.o
    0x00003914   0x00000008   Data   RO          894    .constdata          netcfg.o
    0x0000391c   0x00000030   Data   RO          971    .constdata          socket.o
    0x0000394c   0x00000034   Data   RO         1179    .constdata          wlan.o
    0x00003980   0x00000028   Data   RO         1302    .constdata          uartstdio.o
    0x000039a8   0x00000210   Data   RO         2058    .constdata          driverlib.lib(gpio.o)
    0x00003bb8   0x0000010c   Data   RO         2347    .constdata          driverlib.lib(interrupt.o)
    0x00003cc4   0x000001c4   Data   RO         2650    .constdata          driverlib.lib(sysctl.o)
    0x00003e88   0x00000011   Data   RO         1303    .conststring        uartstdio.o
    0x00003e99   0x00000003   PAD
    0x00003e9c   0x00000020   Data   RO         3558    Region$$Table       anon$$obj.o


    Execution Region RW_IRAM (Base: 0x20000000, Size: 0x00004c70, Max: 0x00008000, ABSOLUTE)

    Base Addr    Size         Type   Attr      Idx    E Section Name        Object

    0x20000000   0x0000000c   Data   RW           13    .data               main.o
    0x2000000c   0x00000008   Data   RW          196    .data               board.o
    0x20000014   0x00000004   Data   RW          578    .data               driver.o
    0x20000018   0x00000004   Data   RW          579    .data               driver.o
    0x2000001c   0x0000001c   Data   RW         1304    .data               uartstdio.o
    0x20000038   0x00000628   Zero   RW           10    .bss                main.o
    0x20000660   0x00000164   Zero   RW          576    .bss                driver.o
    0x200007c4   0x00000028   Zero   RW          917    .bss                nonos.o
    0x200007ec   0x00000480   Zero   RW         1301    .bss                uartstdio.o
    0x20000c6c   0x00000004   PAD
    0x20000c70   0x00004000   Zero   RW         1150    STACK               startup_rvmdk.o


==============================================================================

Image component sizes


      Code (inc. data)   RO Data    RW Data    ZI Data      Debug   Object Name

       152         32          0          8          0       4087   board.o
       818         48         20          0          0      75045   device.o
      4162        144         72          8        356      23634   driver.o
        92         10          0          0          0       1180   flowcont.o
       148         34          0          0          0       1740   led.o
      1114        388         88         12       1576      42657   main.o
       454         18          0          0          0       5994   mqttconnectclient.o
       230          6          0          0          0       4828   mqttpacket.o
       164          0          0          0          0       2270   mqttserializepublish.o
      1014         42         40          0          0      10678   netapp.o
        64          6          8          0          0       1673   netcfg.o
         0          0          0          0          0       3064   nokia5110.o
       156         16          0          0         40       3780   nonos.o
      1006         56         48          0          0       9912   socket.o
       438         60          0          0          0       2850   spi.o
       648        622          0          0      16384        272   startup_rvmdk.o
      1272         72         57         28       1152       9751   uartstdio.o
       612         26         52          0          0       7302   wlan.o

    ----------------------------------------------------------------------
     12558       1580        420         56      19512     210717   Object Totals
         0          0         32          0          0          0   (incl. Generated)
        14          0          3          0          4          0   (incl. Padding)

    ----------------------------------------------------------------------

      Code (inc. data)   RO Data    RW Data    ZI Data      Debug   Library Member Name

        38          0          0          0          0        504   cpu.o
        32          8          0          0          0       3548   fpu.o
       644          8        528          0          0       6797   gpio.o
       114          8        268          0          0       1774   interrupt.o
       120          0          0          0          0       2749   ssi.o
       690         64        452          0          0       3951   sysctl.o
         0          0          0          0          0          0   entry.o
         0          0          0          0          0          0   entry10a.o
         0          0          0          0          0          0   entry11a.o
         8          4          0          0          0          0   entry2.o
         4          0          0          0          0          0   entry5.o
         0          0          0          0          0          0   entry7b.o
         0          0          0          0          0          0   entry8b.o
         8          4          0          0          0          0   entry9a.o
        30          0          0          0          0          0   handlers.o
        36          8          0          0          0         68   init.o
        36          0          0          0          0         68   memcpya.o
        36          0          0          0          0        108   memseta.o
        18          0          0          0          0         68   strcpy.o
        14          0          0          0          0         68   strlen.o

    ----------------------------------------------------------------------
      1834        104       1248          0          0      19703   Library Totals
         6          0          0          0          0          0   (incl. Padding)

    ----------------------------------------------------------------------

      Code (inc. data)   RO Data    RW Data    ZI Data      Debug   Library Name

      1638         88       1248          0          0      19323   driverlib.lib
       190         16          0          0          0        380   mc_w.l

    ----------------------------------------------------------------------
      1834        104       1248          0          0      19703   Library Totals

    ----------------------------------------------------------------------

==============================================================================


      Code (inc. data)   RO Data    RW Data    ZI Data      Debug   

     14392       1684       1668         56      19512     218420   Grand Totals
     14392       1684       1668         56      19512     218420   ELF Image Totals
     14392       1684       1668         56          0          0   ROM Totals

==============================================================================

    Total RO  Size (Code + RO Data)                16060 (  15.68kB)
    Total RW  Size (RW Data + ZI Data)             19568 (  19.11kB)
    Total ROM Size (Code + RO Data + RW Data)      16116 (  15.74kB)

==============================================================================

